<html>
<body>
<pre>
<h1>礦ision Build Log</h1>
<h2>Tool Versions:</h2>
IDE-Version: μVision V5.14.0.0
Copyright (C) 2015 ARM Ltd and ARM Germany GmbH. All rights reserved.
License Information: dhdh 惠普内部XP系统盘, 获取本系统盘QQ1193477796, LIC=YA3VE-57L2Q-J6UQ9-4ZYCZ-DSA4D-Z8YKK
 
Tool Versions:
Toolchain:       MDK-ARM Standard  Version: 5.14.0.0
Toolchain Path:  C:\Keil_v5\ARM\ARMCC\Bin
C Compiler:      Armcc.exe V5.05 update 1 (build 106)
Assembler:       Armasm.exe V5.05 update 1 (build 106)
Linker/Locator:  ArmLink.exe V5.05 update 1 (build 106)
Library Manager: ArmAr.exe V5.05 update 1 (build 106)
Hex Converter:   FromElf.exe V5.05 update 1 (build 106)
CPU DLL:         SARMCM3.DLL V5.14.0.0
Dialog DLL:      DCM.DLL V1.13.1.0
Target DLL:      Segger\JL2CM3.dll V2.99.13.0
Dialog DLL:      TCM.DLL V1.14.4.0
 
<h2>Project:</h2>
d:\My Documents\已完成项目\snifferbee工装-USB转485\程序设计\USB-HOST_485-V1.1-加看门狗和超时复位-增加读取PM2.5校准系数功能-解决模块软件版本号无应答的bug-20171204\USB-HOST_485_V1.1.uvprojx
Project File Date:  09/13/2017

<h2>Output:</h2>
Build target 'Target2'
compiling main.c...
linking...
Program Size: Code=25490 RO-data=470 RW-data=220 ZI-data=3988  
FromELF: creating hex file...
".\Objects\USB-HOST_485_V1_1.axf" - 0 Error(s), 0 Warning(s).

<h2>Software Packages used:</h2>

Package Vendor: ARM
                http://www.keil.com/pack/ARM.CMSIS.4.2.0.pack
                ARM::CMSIS:CORE:3.40.0
                CMSIS (Cortex Microcontroller Software Interface Standard)
   * Component: CORE Version: 3.40.0

<h2>Collection of Component include folders:</h2>
  d:\My Documents\已完成项目\snifferbee工装-USB转485\程序设计\USB-HOST_485-V1.1-加看门狗和超时复位-增加读取PM2.5校准系数功能-解决模块软件版本号无应答的bug-20171204\RTE
  C:\Keil_v5\ARM\PACK\ARM\CMSIS\4.2.0\CMSIS\Include
  C:\Keil_v5\ARM\PACK\Keil\STM32F4xx_DFP\2.9.0

<h2>Collection of Component Files used:</h2>

   * Component: ARM::CMSIS:CORE:3.40.0
      Source file:   CMSIS\UserCodeTemplates\ARM\ITM_Retarget.c
</pre>
</body>
</html>
