<html>
<body>
<pre>
<h1>礦ision Build Log</h1>
<h2>Tool Versions:</h2>
IDE-Version: μVision V5.14.0.0
Copyright (C) 2015 ARM Ltd and ARM Germany GmbH. All rights reserved.
License Information: dhdh 惠普内部XP系统盘, 获取本系统盘QQ1193477796, LIC=YA3VE-57L2Q-J6UQ9-4ZYCZ-DSA4D-Z8YKK
 
Tool Versions:
Toolchain:       MDK-ARM Standard  Version: 5.14.0.0
Toolchain Path:  C:\Keil_v5\ARM\ARMCC\Bin
C Compiler:      Armcc.exe V5.05 update 1 (build 106)
Assembler:       Armasm.exe V5.05 update 1 (build 106)
Linker/Locator:  ArmLink.exe V5.05 update 1 (build 106)
Library Manager: ArmAr.exe V5.05 update 1 (build 106)
Hex Converter:   FromElf.exe V5.05 update 1 (build 106)
CPU DLL:         SARMCM3.DLL V5.14.0.0
Dialog DLL:      DCM.DLL V1.13.1.0
Target DLL:      Segger\JL2CM3.dll V2.99.13.0
Dialog DLL:      TCM.DLL V1.14.4.0
 
<h2>Project:</h2>
C:\Documents and Settings\Administrator\桌面\USB-HOST_485-V1.0-加看门狗和超时复位-队列处理串口数据-增加标定和设备在线信息-170424\USB-HOST_485_V1.0.uvprojx
Project File Date:  04/19/2017

<h2>Output:</h2>
Build target 'Target 1'
compiling usbh_conf.c...
compiling stm32f4xx_hal_msp.c...
compiling stm32f4xx_it.c...
compiling usb_host.c...
compiling main.c...
compiling usart_execute.c...
compiling system_init.c...
compiling flash_execute.c...
assembling startup_stm32f401xc.s...
compiling usbh_ctlreq.c...
compiling usbh_ioreq.c...
compiling usbh_pipes.c...
compiling usbh_core.c...
compiling usbh_cdc.c...
compiling system_stm32f4xx.c...
compiling stm32f4xx_hal.c...
compiling stm32f4xx_hal_uart.c...
compiling stm32f4xx_hal_pwr.c...
compiling stm32f4xx_hal_hcd.c...
compiling stm32f4xx_hal_rcc.c...
compiling stm32f4xx_hal_dma.c...
compiling stm32f4xx_hal_cortex.c...
compiling stm32f4xx_hal_rcc_ex.c...
compiling stm32f4xx_hal_dma_ex.c...
compiling stm32f4xx_hal_tim_ex.c...
compiling stm32f4xx_hal_tim.c...
compiling stm32f4xx_hal_flash_ex.c...
compiling stm32f4xx_hal_flash.c...
compiling stm32f4xx_ll_usb.c...
compiling stm32f4xx_hal_pwr_ex.c...
compiling stm32f4xx_hal_flash_ramfunc.c...
compiling stm32f4xx_hal_gpio.c...
compiling stm32f4xx_hal_iwdg.c...
linking...
Program Size: Code=25406 RO-data=470 RW-data=220 ZI-data=3980  
FromELF: creating hex file...
".\Objects\USB-HOST_485_V0_9.axf" - 0 Error(s), 0 Warning(s).

<h2>Software Packages used:</h2>

Package Vendor: ARM
                http://www.keil.com/pack/ARM.CMSIS.4.2.0.pack
                ARM::CMSIS:CORE:3.40.0
                CMSIS (Cortex Microcontroller Software Interface Standard)
   * Component: CORE Version: 3.40.0

<h2>Collection of Component include folders:</h2>
  C:\Documents and Settings\Administrator\桌面\USB-HOST_485-V1.0-加看门狗和超时复位-队列处理串口数据-增加标定和设备在线信息-170424\RTE
  C:\Keil_v5\ARM\PACK\ARM\CMSIS\4.2.0\CMSIS\Include
  C:\Keil_v5\ARM\PACK\Keil\STM32F4xx_DFP\2.9.0

<h2>Collection of Component Files used:</h2>

   * Component: ARM::CMSIS:CORE:3.40.0
      Source file:   CMSIS\UserCodeTemplates\ARM\ITM_Retarget.c
</pre>
</body>
</html>
