Component: ARM Compiler 5.06 update 6 (build 750) Tool: armlink [4d35ed]

==============================================================================

Section Cross References

    usbh_conf.o(i.HAL_HCD_Connect_Callback) refers to usbh_core.o(i.USBH_LL_Connect) for USBH_LL_Connect
    usbh_conf.o(i.HAL_HCD_Disconnect_Callback) refers to usbh_core.o(i.USBH_LL_Disconnect) for USBH_LL_Disconnect
    usbh_conf.o(i.HAL_HCD_MspDeInit) refers to stm32f4xx_hal_gpio.o(i.HAL_GPIO_DeInit) for HAL_GPIO_DeInit
    usbh_conf.o(i.HAL_HCD_MspDeInit) refers to stm32f4xx_hal_cortex.o(i.HAL_NVIC_DisableIRQ) for HAL_NVIC_DisableIRQ
    usbh_conf.o(i.HAL_HCD_MspInit) refers to stm32f4xx_hal_gpio.o(i.HAL_GPIO_Init) for HAL_GPIO_Init
    usbh_conf.o(i.HAL_HCD_MspInit) refers to stm32f4xx_hal_cortex.o(i.HAL_NVIC_SetPriority) for HAL_NVIC_SetPriority
    usbh_conf.o(i.HAL_HCD_MspInit) refers to stm32f4xx_hal_cortex.o(i.HAL_NVIC_EnableIRQ) for HAL_NVIC_EnableIRQ
    usbh_conf.o(i.HAL_HCD_SOF_Callback) refers to usbh_core.o(i.USBH_LL_IncTimer) for USBH_LL_IncTimer
    usbh_conf.o(i.USBH_Delay) refers to stm32f4xx_hal.o(i.HAL_Delay) for HAL_Delay
    usbh_conf.o(i.USBH_LL_ClosePipe) refers to stm32f4xx_hal_hcd.o(i.HAL_HCD_HC_Halt) for HAL_HCD_HC_Halt
    usbh_conf.o(i.USBH_LL_DeInit) refers to stm32f4xx_hal_hcd.o(i.HAL_HCD_DeInit) for HAL_HCD_DeInit
    usbh_conf.o(i.USBH_LL_DriverVBUS) refers to stm32f4xx_hal.o(i.HAL_Delay) for HAL_Delay
    usbh_conf.o(i.USBH_LL_GetLastXferSize) refers to stm32f4xx_hal_hcd.o(i.HAL_HCD_HC_GetXferCount) for HAL_HCD_HC_GetXferCount
    usbh_conf.o(i.USBH_LL_GetSpeed) refers to stm32f4xx_hal_hcd.o(i.HAL_HCD_GetCurrentSpeed) for HAL_HCD_GetCurrentSpeed
    usbh_conf.o(i.USBH_LL_GetURBState) refers to stm32f4xx_hal_hcd.o(i.HAL_HCD_HC_GetURBState) for HAL_HCD_HC_GetURBState
    usbh_conf.o(i.USBH_LL_Init) refers to stm32f4xx_hal_hcd.o(i.HAL_HCD_Init) for HAL_HCD_Init
    usbh_conf.o(i.USBH_LL_Init) refers to main.o(i.Error_Handler) for Error_Handler
    usbh_conf.o(i.USBH_LL_Init) refers to stm32f4xx_hal_hcd.o(i.HAL_HCD_GetCurrentFrame) for HAL_HCD_GetCurrentFrame
    usbh_conf.o(i.USBH_LL_Init) refers to usbh_core.o(i.USBH_LL_SetTimer) for USBH_LL_SetTimer
    usbh_conf.o(i.USBH_LL_Init) refers to usbh_conf.o(.bss) for hhcd_USB_OTG_FS
    usbh_conf.o(i.USBH_LL_OpenPipe) refers to stm32f4xx_hal_hcd.o(i.HAL_HCD_HC_Init) for HAL_HCD_HC_Init
    usbh_conf.o(i.USBH_LL_ResetPort) refers to stm32f4xx_hal_hcd.o(i.HAL_HCD_ResetPort) for HAL_HCD_ResetPort
    usbh_conf.o(i.USBH_LL_Start) refers to stm32f4xx_hal_hcd.o(i.HAL_HCD_Start) for HAL_HCD_Start
    usbh_conf.o(i.USBH_LL_Stop) refers to stm32f4xx_hal_hcd.o(i.HAL_HCD_Stop) for HAL_HCD_Stop
    usbh_conf.o(i.USBH_LL_SubmitURB) refers to stm32f4xx_hal_hcd.o(i.HAL_HCD_HC_SubmitRequest) for HAL_HCD_HC_SubmitRequest
    stm32f4xx_hal_msp.o(i.HAL_MspInit) refers to stm32f4xx_hal_cortex.o(i.HAL_NVIC_SetPriorityGrouping) for HAL_NVIC_SetPriorityGrouping
    stm32f4xx_hal_msp.o(i.HAL_MspInit) refers to stm32f4xx_hal_cortex.o(i.HAL_NVIC_SetPriority) for HAL_NVIC_SetPriority
    stm32f4xx_hal_msp.o(i.HAL_TIM_Base_MspDeInit) refers to stm32f4xx_hal_cortex.o(i.HAL_NVIC_DisableIRQ) for HAL_NVIC_DisableIRQ
    stm32f4xx_hal_msp.o(i.HAL_TIM_Base_MspInit) refers to stm32f4xx_hal_cortex.o(i.HAL_NVIC_SetPriority) for HAL_NVIC_SetPriority
    stm32f4xx_hal_msp.o(i.HAL_TIM_Base_MspInit) refers to stm32f4xx_hal_cortex.o(i.HAL_NVIC_EnableIRQ) for HAL_NVIC_EnableIRQ
    stm32f4xx_hal_msp.o(i.HAL_UART_MspDeInit) refers to stm32f4xx_hal_gpio.o(i.HAL_GPIO_DeInit) for HAL_GPIO_DeInit
    stm32f4xx_hal_msp.o(i.HAL_UART_MspDeInit) refers to stm32f4xx_hal_cortex.o(i.HAL_NVIC_DisableIRQ) for HAL_NVIC_DisableIRQ
    stm32f4xx_hal_msp.o(i.HAL_UART_MspInit) refers to stm32f4xx_hal_gpio.o(i.HAL_GPIO_Init) for HAL_GPIO_Init
    stm32f4xx_hal_msp.o(i.HAL_UART_MspInit) refers to stm32f4xx_hal_cortex.o(i.HAL_NVIC_SetPriority) for HAL_NVIC_SetPriority
    stm32f4xx_hal_msp.o(i.HAL_UART_MspInit) refers to stm32f4xx_hal_cortex.o(i.HAL_NVIC_EnableIRQ) for HAL_NVIC_EnableIRQ
    stm32f4xx_it.o(i.OTG_FS_IRQHandler) refers to stm32f4xx_hal_hcd.o(i.HAL_HCD_IRQHandler) for HAL_HCD_IRQHandler
    stm32f4xx_it.o(i.OTG_FS_IRQHandler) refers to usbh_conf.o(.bss) for hhcd_USB_OTG_FS
    stm32f4xx_it.o(i.SysTick_Handler) refers to stm32f4xx_hal.o(i.HAL_IncTick) for HAL_IncTick
    stm32f4xx_it.o(i.SysTick_Handler) refers to stm32f4xx_hal_cortex.o(i.HAL_SYSTICK_IRQHandler) for HAL_SYSTICK_IRQHandler
    stm32f4xx_it.o(i.SysTick_Handler) refers to stm32f4xx_it.o(.data) for systickCnt1
    stm32f4xx_it.o(i.TIM1_UP_TIM10_IRQHandler) refers to stm32f4xx_hal_tim.o(i.HAL_TIM_IRQHandler) for HAL_TIM_IRQHandler
    stm32f4xx_it.o(i.TIM1_UP_TIM10_IRQHandler) refers to system_init.o(.bss) for htim1
    stm32f4xx_it.o(i.USART1_IRQHandler) refers to stm32f4xx_hal_uart.o(i.HAL_UART_IRQHandler) for HAL_UART_IRQHandler
    stm32f4xx_it.o(i.USART1_IRQHandler) refers to main.o(.bss) for huart1
[...]
    i.USB_HOST_Task                          0x08005918   Section        0  main.o(i.USB_HOST_Task)
    i.USB_HostInit                           0x08005ae8   Section        0  stm32f4xx_ll_usb.o(i.USB_HostInit)
    i.USB_InitFSLSPClkSel                    0x08005bd4   Section        0  stm32f4xx_ll_usb.o(i.USB_InitFSLSPClkSel)
    i.USB_RT_Process                         0x08005c14   Section        0  main.o(i.USB_RT_Process)
    i.USB_ReadInterrupts                     0x08005c8c   Section        0  stm32f4xx_ll_usb.o(i.USB_ReadInterrupts)
    i.USB_ReadPacket                         0x08005c98   Section        0  stm32f4xx_ll_usb.o(i.USB_ReadPacket)
    i.USB_ResetPort                          0x08005cba   Section        0  stm32f4xx_ll_usb.o(i.USB_ResetPort)
    i.USB_SetCurrentMode                     0x08005cea   Section        0  stm32f4xx_ll_usb.o(i.USB_SetCurrentMode)
    i.USB_StopHost                           0x08005d1a   Section        0  stm32f4xx_ll_usb.o(i.USB_StopHost)
    i.USB_WritePacket                        0x08005dc8   Section        0  stm32f4xx_ll_usb.o(i.USB_WritePacket)
    i.UartPCTask                             0x08005df8   Section        0  main.o(i.UartPCTask)
    i.UsageFault_Handler                     0x08005e78   Section        0  stm32f4xx_it.o(i.UsageFault_Handler)
    i.WatchDog_Feed                          0x08005e7c   Section        0  system_init.o(i.WatchDog_Feed)
    i.WatchDog_Init                          0x08005e8c   Section        0  system_init.o(i.WatchDog_Init)
    i.main                                   0x08005eac   Section        0  main.o(i.main)
    i.uart_queen_read                        0x08005f50   Section        0  usart_execute.o(i.uart_queen_read)
    i.usart_state_machine                    0x08005f94   Section        0  usart_execute.o(i.usart_state_machine)
    x$fpl$fpinit                             0x080061ac   Section       10  fpinit.o(x$fpl$fpinit)
    $v0                                      0x080061ac   Number         0  fpinit.o(x$fpl$fpinit)
    .constdata                               0x080061b6   Section       16  main.o(.constdata)
    .constdata                               0x080061c6   Section       16  stm32f4xx_hal_rcc.o(.constdata)
    .conststring                             0x080061d8   Section        4  usbh_cdc.o(.conststring)
    .data                                    0x20000000   Section       52  stm32f4xx_it.o(.data)
    systickCnt1                              0x20000028   Data           4  stm32f4xx_it.o(.data)
    systickCnt2                              0x2000002c   Data           4  stm32f4xx_it.o(.data)
    systickCnt3                              0x20000030   Data           4  stm32f4xx_it.o(.data)
    .data                                    0x20000034   Section        1  usb_host.o(.data)
    .data                                    0x20000038   Section       71  main.o(.data)
    restart_system_cnt                       0x20000078   Data           4  main.o(.data)
    SendCnt                                  0x2000007c   Data           1  main.o(.data)
    checksum_2                               0x2000007d   Data           1  main.o(.data)
    i_2                                      0x2000007e   Data           1  main.o(.data)
    .data                                    0x20000080   Section       21  usart_execute.o(.data)
    length                                   0x2000008a   Data           1  usart_execute.o(.data)
    recv_cs                                  0x2000008b   Data           1  usart_execute.o(.data)
    recv_data_cnt                            0x2000008c   Data           1  usart_execute.o(.data)
    temp                                     0x20000090   Data           4  usart_execute.o(.data)
    Uart_Cnt                                 0x20000094   Data           1  usart_execute.o(.data)
    .data                                    0x20000098   Section       20  flash_execute.o(.data)
    .data                                    0x200000ac   Section       36  usbh_cdc.o(.data)
    .data                                    0x200000d0   Section        4  system_stm32f4xx.o(.data)
    .data                                    0x200000d4   Section        4  stm32f4xx_hal.o(.data)
    .bss                                     0x200000d8   Section      664  usbh_conf.o(.bss)
    .bss                                     0x20000370   Section      968  usb_host.o(.bss)
    .bss                                     0x20000738   Section      357  main.o(.bss)
    .bss                                     0x2000089d   Section      240  usart_execute.o(.bss)
    recv_buffer                              0x20000965   Data          30  usart_execute.o(.bss)
    a                                        0x20000983   Data          10  usart_execute.o(.bss)
    .bss                                     0x20000990   Section       20  flash_execute.o(.bss)
    EraseInitStruct                          0x20000990   Data          20  flash_execute.o(.bss)
    .bss                                     0x200009a4   Section       72  system_init.o(.bss)
    .bss                                     0x200009ec   Section       32  stm32f4xx_hal_flash.o(.bss)
    .bss                                     0x20000a0c   Section       96  libspace.o(.bss)
    HEAP                                     0x20000a70   Section      512  startup_stm32f401xc.o(HEAP)
    Heap_Mem                                 0x20000a70   Data         512  startup_stm32f401xc.o(HEAP)
    STACK                                    0x20000c70   Section     1024  startup_stm32f401xc.o(STACK)
    Stack_Mem                                0x20000c70   Data        1024  startup_stm32f401xc.o(STACK)
    __initial_sp                             0x20001070   Data           0  startup_stm32f401xc.o(STACK)

    Global Symbols

    Symbol Name                              Value     Ov Type        Size  Object(Section)

    BuildAttributes$$THM_ISAv4$E$P$D$K$B$S$7EM$VFPi3$EXTD16$VFPS$VFMA$PE$A:L22UL41UL21$X:L11$S22US41US21$IEEE1$IW$USESV6$~STKCKD$USESV7$~SHL$OTIME$ROPI$EBA8$UX$STANDARDLIB$REQ8$PRES8$EABIv2 0x00000000   Number         0  anon$$obj.o ABSOLUTE
    __ARM_use_no_argv                        0x00000000   Number         0  main.o ABSOLUTE
    __ARM_exceptions_init                     - Undefined Weak Reference
    __alloca_initialize                       - Undefined Weak Reference
    __arm_preinit_                            - Undefined Weak Reference
    __cpp_initialize__aeabi_                  - Undefined Weak Reference
    __cxa_finalize                            - Undefined Weak Reference
    __rt_locale                               - Undefined Weak Reference
    __sigvec_lookup                           - Undefined Weak Reference
    __user_heap_extent                        - Undefined Weak Reference
    _atexit_init                              - Undefined Weak Reference
    _call_atexit_fns                          - Undefined Weak Reference
    _clock_init                               - Undefined Weak Reference
    _fp_trap_init                             - Undefined Weak Reference
    _fp_trap_shutdown                         - Undefined Weak Reference
    _get_lc_collate                           - Undefined Weak Reference
    _get_lc_ctype                             - Undefined Weak Reference
    _get_lc_monetary                          - Undefined Weak Reference
    _get_lc_numeric                           - Undefined Weak Reference
    _get_lc_time                              - Undefined Weak Reference
    _getenv_init                              - Undefined Weak Reference
    _handle_redirection                       - Undefined Weak Reference
    _initio                                   - Undefined Weak Reference
    _mutex_acquire                            - Undefined Weak Reference
    _mutex_free                               - Undefined Weak Reference
    _mutex_release                            - Undefined Weak Reference
    _rand_init                                - Undefined Weak Reference
    _signal_finish                            - Undefined Weak Reference
    _signal_init                              - Undefined Weak Reference
    _terminateio                              - Undefined Weak Reference
    __Vectors_Size                           0x00000194   Number         0  startup_stm32f401xc.o ABSOLUTE
    __Vectors                                0x08000000   Data           4  startup_stm32f401xc.o(RESET)
    __Vectors_End                            0x08000194   Data           0  startup_stm32f401xc.o(RESET)
    __main                                   0x08000195   Thumb Code     8  __main.o(!!!main)
    __scatterload                            0x0800019d   Thumb Code     0  __scatter.o(!!!scatter)
    __scatterload_rt2                        0x0800019d   Thumb Code    44  __scatter.o(!!!scatter)
    __scatterload_rt2_thumb_only             0x0800019d   Thumb Code     0  __scatter.o(!!!scatter)
    __scatterload_null                       0x080001ab   Thumb Code     0  __scatter.o(!!!scatter)
    __scatterload_copy                       0x080001d1   Thumb Code    26  __scatter_copy.o(!!handler_copy)
    __scatterload_zeroinit                   0x080001ed   Thumb Code    28  __scatter_zi.o(!!handler_zi)
    __rt_lib_init                            0x08000209   Thumb Code     0  libinit.o(.ARM.Collect$$libinit$$00000000)
    __rt_lib_init_fp_1                       0x0800020b   Thumb Code     0  libinit2.o(.ARM.Collect$$libinit$$00000001)
    __rt_lib_init_heap_2                     0x0800020f   Thumb Code     0  libinit2.o(.ARM.Collect$$libinit$$00000005)
    __rt_lib_init_preinit_1                  0x0800020f   Thumb Code     0  libinit2.o(.ARM.Collect$$libinit$$00000004)
    __rt_lib_init_alloca_1                   0x08000217   Thumb Code     0  libinit2.o(.ARM.Collect$$libinit$$0000002E)
    __rt_lib_init_argv_1                     0x08000217   Thumb Code     0  libinit2.o(.ARM.Collect$$libinit$$0000002C)
    __rt_lib_init_atexit_1                   0x08000217   Thumb Code     0  libinit2.o(.ARM.Collect$$libinit$$0000001B)
    __rt_lib_init_clock_1                    0x08000217   Thumb Code     0  libinit2.o(.ARM.Collect$$libinit$$00000021)
    __rt_lib_init_cpp_1                      0x08000217   Thumb Code     0  libinit2.o(.ARM.Collect$$libinit$$00000032)
    __rt_lib_init_exceptions_1               0x08000217   Thumb Code     0  libinit2.o(.ARM.Collect$$libinit$$00000030)
    __rt_lib_init_fp_trap_1                  0x08000217   Thumb Code     0  libinit2.o(.ARM.Collect$$libinit$$0000001F)
    __rt_lib_init_getenv_1                   0x08000217   Thumb Code     0  libinit2.o(.ARM.Collect$$libinit$$00000023)
    __rt_lib_init_heap_1                     0x08000217   Thumb Code     0  libinit2.o(.ARM.Collect$$libinit$$0000000A)
    __rt_lib_init_lc_collate_1               0x08000217   Thumb Code     0  libinit2.o(.ARM.Collect$$libinit$$00000011)
    __rt_lib_init_lc_ctype_1                 0x08000217   Thumb Code     0  libinit2.o(.ARM.Collect$$libinit$$00000013)
    __rt_lib_init_lc_monetary_1              0x08000217   Thumb Code     0  libinit2.o(.ARM.Collect$$libinit$$00000015)
    __rt_lib_init_lc_numeric_1               0x08000217   Thumb Code     0  libinit2.o(.ARM.Collect$$libinit$$00000017)
    __rt_lib_init_lc_time_1                  0x08000217   Thumb Code     0  libinit2.o(.ARM.Collect$$libinit$$00000019)
    __rt_lib_init_rand_1                     0x08000217   Thumb Code     0  libinit2.o(.ARM.Collect$$libinit$$0000000E)
    __rt_lib_init_return                     0x08000217   Thumb Code     0  libinit2.o(.ARM.Collect$$libinit$$00000033)
    __rt_lib_init_signal_1                   0x08000217   Thumb Code     0  libinit2.o(.ARM.Collect$$libinit$$0000001D)
    __rt_lib_init_stdio_1                    0x08000217   Thumb Code     0  libinit2.o(.ARM.Collect$$libinit$$00000025)
    __rt_lib_init_user_alloc_1               0x08000217   Thumb Code     0  libinit2.o(.ARM.Collect$$libinit$$0000000C)
    __rt_lib_shutdown                        0x08000219   Thumb Code     0  libshutdown.o(.ARM.Collect$$libshutdown$$00000000)
    __rt_lib_shutdown_cpp_1                  0x0800021b   Thumb Code     0  libshutdown2.o(.ARM.Collect$$libshutdown$$00000002)
    __rt_lib_shutdown_fp_trap_1              0x0800021b   Thumb Code     0  libshutdown2.o(.ARM.Collect$$libshutdown$$00000007)
    __rt_lib_shutdown_heap_1                 0x0800021b   Thumb Code     0  libshutdown2.o(.ARM.Collect$$libshutdown$$0000000F)
    __rt_lib_shutdown_return                 0x0800021b   Thumb Code     0  libshutdown2.o(.ARM.Collect$$libshutdown$$00000010)
    __rt_lib_shutdown_signal_1               0x0800021b   Thumb Code     0  libshutdown2.o(.ARM.Collect$$libshutdown$$0000000A)
    __rt_lib_shutdown_stdio_1                0x0800021b   Thumb Code     0  libshutdown2.o(.ARM.Collect$$libshutdown$$00000004)
    __rt_lib_shutdown_user_alloc_1           0x0800021b   Thumb Code     0  libshutdown2.o(.ARM.Collect$$libshutdown$$0000000C)
    __rt_entry                               0x0800021d   Thumb Code     0  __rtentry.o(.ARM.Collect$$rtentry$$00000000)
    __rt_entry_presh_1                       0x0800021d   Thumb Code     0  __rtentry2.o(.ARM.Collect$$rtentry$$00000002)
    __rt_entry_sh                            0x0800021d   Thumb Code     0  __rtentry4.o(.ARM.Collect$$rtentry$$00000004)
    __rt_entry_li                            0x08000223   Thumb Code     0  __rtentry2.o(.ARM.Collect$$rtentry$$0000000A)
    __rt_entry_postsh_1                      0x08000223   Thumb Code     0  __rtentry2.o(.ARM.Collect$$rtentry$$00000009)
    __rt_entry_main                          0x08000227   Thumb Code     0  __rtentry2.o(.ARM.Collect$$rtentry$$0000000D)
    __rt_entry_postli_1                      0x08000227   Thumb Code     0  __rtentry2.o(.ARM.Collect$$rtentry$$0000000C)
    __rt_exit                                0x0800022f   Thumb Code     0  rtexit.o(.ARM.Collect$$rtexit$$00000000)
    __rt_exit_ls                             0x08000231   Thumb Code     0  rtexit2.o(.ARM.Collect$$rtexit$$00000003)
    __rt_exit_prels_1                        0x08000231   Thumb Code     0  rtexit2.o(.ARM.Collect$$rtexit$$00000002)
    __rt_exit_exit                           0x08000235   Thumb Code     0  rtexit2.o(.ARM.Collect$$rtexit$$00000004)
    Reset_Handler                            0x0800023d   Thumb Code     8  startup_stm32f401xc.o(.text)
    _maybe_terminate_alloc                   0x0800023d   Thumb Code     0  maybetermalloc1.o(.emb_text)
    ADC_IRQHandler                           0x08000257   Thumb Code     0  startup_stm32f401xc.o(.text)
    DMA1_Stream0_IRQHandler                  0x08000257   Thumb Code     0  startup_stm32f401xc.o(.text)
    DMA1_Stream1_IRQHandler                  0x08000257   Thumb Code     0  startup_stm32f401xc.o(.text)
    DMA1_Stream2_IRQHandler                  0x08000257   Thumb Code     0  startup_stm32f401xc.o(.text)
    DMA1_Stream3_IRQHandler                  0x08000257   Thumb Code     0  startup_stm32f401xc.o(.text)
    DMA1_Stream4_IRQHandler                  0x08000257   Thumb Code     0  startup_stm32f401xc.o(.text)
    DMA1_Stream5_IRQHandler                  0x08000257   Thumb Code     0  startup_stm32f401xc.o(.text)
    DMA1_Stream6_IRQHandler                  0x08000257   Thumb Code     0  startup_stm32f401xc.o(.text)
    DMA1_Stream7_IRQHandler                  0x08000257   Thumb Code     0  startup_stm32f401xc.o(.text)
    DMA2_Stream0_IRQHandler                  0x08000257   Thumb Code     0  startup_stm32f401xc.o(.text)
    DMA2_Stream1_IRQHandler                  0x08000257   Thumb Code     0  startup_stm32f401xc.o(.text)
    DMA2_Stream2_IRQHandler                  0x08000257   Thumb Code     0  startup_stm32f401xc.o(.text)
    DMA2_Stream3_IRQHandler                  0x08000257   Thumb Code     0  startup_stm32f401xc.o(.text)
    DMA2_Stream4_IRQHandler                  0x08000257   Thumb Code     0  startup_stm32f401xc.o(.text)
    DMA2_Stream5_IRQHandler                  0x08000257   Thumb Code     0  startup_stm32f401xc.o(.text)
    DMA2_Stream6_IRQHandler                  0x08000257   Thumb Code     0  startup_stm32f401xc.o(.text)
    DMA2_Stream7_IRQHandler                  0x08000257   Thumb Code     0  startup_stm32f401xc.o(.text)
    EXTI0_IRQHandler                         0x08000257   Thumb Code     0  startup_stm32f401xc.o(.text)
    EXTI15_10_IRQHandler                     0x08000257   Thumb Code     0  startup_stm32f401xc.o(.text)
    EXTI1_IRQHandler                         0x08000257   Thumb Code     0  startup_stm32f401xc.o(.text)
    EXTI2_IRQHandler                         0x08000257   Thumb Code     0  startup_stm32f401xc.o(.text)
    EXTI3_IRQHandler                         0x08000257   Thumb Code     0  startup_stm32f401xc.o(.text)
    EXTI4_IRQHandler                         0x08000257   Thumb Code     0  startup_stm32f401xc.o(.text)
    EXTI9_5_IRQHandler                       0x08000257   Thumb Code     0  startup_stm32f401xc.o(.text)
    FLASH_IRQHandler                         0x08000257   Thumb Code     0  startup_stm32f401xc.o(.text)
    FPU_IRQHandler                           0x08000257   Thumb Code     0  startup_stm32f401xc.o(.text)
    I2C1_ER_IRQHandler                       0x08000257   Thumb Code     0  startup_stm32f401xc.o(.text)
    I2C1_EV_IRQHandler                       0x08000257   Thumb Code     0  startup_stm32f401xc.o(.text)
    I2C2_ER_IRQHandler                       0x08000257   Thumb Code     0  startup_stm32f401xc.o(.text)
    I2C2_EV_IRQHandler                       0x08000257   Thumb Code     0  startup_stm32f401xc.o(.text)
    I2C3_ER_IRQHandler                       0x08000257   Thumb Code     0  startup_stm32f401xc.o(.text)
    I2C3_EV_IRQHandler                       0x08000257   Thumb Code     0  startup_stm32f401xc.o(.text)
    OTG_FS_WKUP_IRQHandler                   0x08000257   Thumb Code     0  startup_stm32f401xc.o(.text)
    PVD_IRQHandler                           0x08000257   Thumb Code     0  startup_stm32f401xc.o(.text)
    RCC_IRQHandler                           0x08000257   Thumb Code     0  startup_stm32f401xc.o(.text)
    RTC_Alarm_IRQHandler                     0x08000257   Thumb Code     0  startup_stm32f401xc.o(.text)
    RTC_WKUP_IRQHandler                      0x08000257   Thumb Code     0  startup_stm32f401xc.o(.text)
    SDIO_IRQHandler                          0x08000257   Thumb Code     0  startup_stm32f401xc.o(.text)
    SPI1_IRQHandler                          0x08000257   Thumb Code     0  startup_stm32f401xc.o(.text)
    SPI2_IRQHandler                          0x08000257   Thumb Code     0  startup_stm32f401xc.o(.text)
    SPI3_IRQHandler                          0x08000257   Thumb Code     0  startup_stm32f401xc.o(.text)
    SPI4_IRQHandler                          0x08000257   Thumb Code     0  startup_stm32f401xc.o(.text)
    TAMP_STAMP_IRQHandler                    0x08000257   Thumb Code     0  startup_stm32f401xc.o(.text)
    TIM1_BRK_TIM9_IRQHandler                 0x08000257   Thumb Code     0  startup_stm32f401xc.o(.text)
    TIM1_CC_IRQHandler                       0x08000257   Thumb Code     0  startup_stm32f401xc.o(.text)
    TIM1_TRG_COM_TIM11_IRQHandler            0x08000257   Thumb Code     0  startup_stm32f401xc.o(.text)
    TIM2_IRQHandler                          0x08000257   Thumb Code     0  startup_stm32f401xc.o(.text)
    TIM3_IRQHandler                          0x08000257   Thumb Code     0  startup_stm32f401xc.o(.text)
    TIM4_IRQHandler                          0x08000257   Thumb Code     0  startup_stm32f401xc.o(.text)
    TIM5_IRQHandler                          0x08000257   Thumb Code     0  startup_stm32f401xc.o(.text)
    USART2_IRQHandler                        0x08000257   Thumb Code     0  startup_stm32f401xc.o(.text)
    USART6_IRQHandler                        0x08000257   Thumb Code     0  startup_stm32f401xc.o(.text)
    WWDG_IRQHandler                          0x08000257   Thumb Code     0  startup_stm32f401xc.o(.text)
    __user_initial_stackheap                 0x08000259   Thumb Code     0  startup_stm32f401xc.o(.text)
    malloc                                   0x0800027d   Thumb Code    94  h1_alloc.o(.text)
    free                                     0x080002db   Thumb Code    78  h1_free.o(.text)
    __aeabi_memcpy                           0x08000329   Thumb Code     0  rt_memcpy_v6.o(.text)
    __rt_memcpy                              0x08000329   Thumb Code   138  rt_memcpy_v6.o(.text)
    _memcpy_lastbytes                        0x0800038f   Thumb Code     0  rt_memcpy_v6.o(.text)
    __aeabi_memcpy4                          0x080003b3   Thumb Code     0  rt_memcpy_w.o(.text)
    __aeabi_memcpy8                          0x080003b3   Thumb Code     0  rt_memcpy_w.o(.text)
    __rt_memcpy_w                            0x080003b3   Thumb Code   100  rt_memcpy_w.o(.text)
    _memcpy_lastbytes_aligned                0x080003fb   Thumb Code     0  rt_memcpy_w.o(.text)
    __aeabi_memclr                           0x08000417   Thumb Code     0  rt_memclr.o(.text)
    __rt_memclr                              0x08000417   Thumb Code    68  rt_memclr.o(.text)
    _memset                                  0x0800041b   Thumb Code     0  rt_memclr.o(.text)
    __use_two_region_memory                  0x0800045b   Thumb Code     2  heapauxi.o(.text)
    __rt_heap_escrow                         0x0800045d   Thumb Code     2  heapauxi.o(.text)
    __rt_heap_expand                         0x0800045f   Thumb Code     2  heapauxi.o(.text)
    __rt_heap_descriptor                     0x08000461   Thumb Code     8  rt_heap_descriptor_intlibspace.o(.text)
    __use_no_heap                            0x08000469   Thumb Code     2  hguard.o(.text)
    __heap$guard                             0x0800046b   Thumb Code     2  hguard.o(.text)
    _terminate_user_alloc                    0x0800046d   Thumb Code     2  init_alloc.o(.text)
    _init_user_alloc                         0x0800046f   Thumb Code     2  init_alloc.o(.text)
    __Heap_Full                              0x08000471   Thumb Code    34  init_alloc.o(.text)
    __Heap_Broken                            0x08000493   Thumb Code     6  init_alloc.o(.text)
    _init_alloc                              0x08000499   Thumb Code    94  init_alloc.o(.text)
    __Heap_Initialize                        0x080004f7   Thumb Code    10  h1_init.o(.text)
    __Heap_DescSize                          0x08000501   Thumb Code     4  h1_init.o(.text)
    __aeabi_memclr4                          0x08000505   Thumb Code     0  rt_memclr_w.o(.text)
    __aeabi_memclr8                          0x08000505   Thumb Code     0  rt_memclr_w.o(.text)
    __rt_memclr_w                            0x08000505   Thumb Code    78  rt_memclr_w.o(.text)
    _memset_w                                0x08000509   Thumb Code     0  rt_memclr_w.o(.text)
    __user_libspace                          0x08000555   Thumb Code     8  libspace.o(.text)
    __user_perproc_libspace                  0x08000555   Thumb Code     0  libspace.o(.text)
    __user_perthread_libspace                0x08000555   Thumb Code     0  libspace.o(.text)
    __Heap_ProvideMemory                     0x0800055d   Thumb Code    52  h1_extend.o(.text)
    __rt_SIGRTMEM                            0x08000591   Thumb Code    14  defsig_rtmem_outer.o(.text)
    __I$use$semihosting                      0x0800059f   Thumb Code     0  use_no_semi.o(.text)
    __use_no_semihosting_swi                 0x0800059f   Thumb Code     2  use_no_semi.o(.text)
    __semihosting_library_function           0x080005a1   Thumb Code     0  indicate_semi.o(.text)
    __user_setup_stackheap                   0x080005a1   Thumb Code    74  sys_stackheap_outer.o(.text)
    exit                                     0x080005eb   Thumb Code    18  exit.o(.text)
    __sig_exit                               0x080005fd   Thumb Code    10  defsig_exit.o(.text)
    __rt_SIGRTMEM_inner                      0x08000609   Thumb Code    22  defsig_rtmem_inner.o(.text)
    _sys_exit                                0x08000659   Thumb Code     8  sys_exit.o(.text)
    __default_signal_display                 0x08000665   Thumb Code    50  defsig_general.o(.text)
    _ttywrch                                 0x08000697   Thumb Code    14  sys_wrch.o(.text)
    BusFault_Handler                         0x080006a5   Thumb Code     4  stm32f4xx_it.o(i.BusFault_Handler)
    DebugMon_Handler                         0x0800081f   Thumb Code     2  stm32f4xx_it.o(i.DebugMon_Handler)
    Erase_Flash                              0x08000821   Thumb Code   170  flash_execute.o(i.Erase_Flash)
    Error_Handler                            0x080008e5   Thumb Code     4  main.o(i.Error_Handler)
    FLASH_Erase_Sector                       0x080008e9   Thumb Code    98  stm32f4xx_hal_flash_ex.o(i.FLASH_Erase_Sector)
    FLASH_FlushCaches                        0x08000951   Thumb Code   114  stm32f4xx_hal_flash_ex.o(i.FLASH_FlushCaches)
    FLASH_WaitForLastOperation               0x08000b4d   Thumb Code   102  stm32f4xx_hal_flash.o(i.FLASH_WaitForLastOperation)
    HAL_DMA_Abort_IT                         0x08000c73   Thumb Code    40  stm32f4xx_hal_dma.o(i.HAL_DMA_Abort_IT)
    HAL_Delay                                0x08000c9b   Thumb Code    26  stm32f4xx_hal.o(i.HAL_Delay)
    HAL_FLASHEx_Erase                        0x08000cb5   Thumb Code   164  stm32f4xx_hal_flash_ex.o(i.HAL_FLASHEx_Erase)
    HAL_FLASH_Lock                           0x08000d61   Thumb Code    16  stm32f4xx_hal_flash.o(i.HAL_FLASH_Lock)
    HAL_FLASH_Program                        0x08000d75   Thumb Code   142  stm32f4xx_hal_flash.o(i.HAL_FLASH_Program)
    HAL_FLASH_Unlock                         0x08000e0d   Thumb Code    32  stm32f4xx_hal_flash.o(i.HAL_FLASH_Unlock)
    HAL_GPIO_Init                            0x08000e39   Thumb Code   436  stm32f4xx_hal_gpio.o(i.HAL_GPIO_Init)
    HAL_GPIO_TogglePin                       0x0800100d   Thumb Code     8  stm32f4xx_hal_gpio.o(i.HAL_GPIO_TogglePin)
    HAL_GPIO_WritePin                        0x08001015   Thumb Code    12  stm32f4xx_hal_gpio.o(i.HAL_GPIO_WritePin)
    HAL_GetTick                              0x08001021   Thumb Code     6  stm32f4xx_hal.o(i.HAL_GetTick)
    HAL_HCD_Connect_Callback                 0x0800102d   Thumb Code    14  usbh_conf.o(i.HAL_HCD_Connect_Callback)
    HAL_HCD_Disconnect_Callback              0x0800103b   Thumb Code    14  usbh_conf.o(i.HAL_HCD_Disconnect_Callback)
    HAL_HCD_GetCurrentFrame                  0x08001049   Thumb Code    12  stm32f4xx_hal_hcd.o(i.HAL_HCD_GetCurrentFrame)
    HAL_HCD_GetCurrentSpeed                  0x08001055   Thumb Code    12  stm32f4xx_hal_hcd.o(i.HAL_HCD_GetCurrentSpeed)
    HAL_HCD_HC_GetURBState                   0x08001061   Thumb Code    20  stm32f4xx_hal_hcd.o(i.HAL_HCD_HC_GetURBState)
    HAL_HCD_HC_GetXferCount                  0x08001075   Thumb Code    18  stm32f4xx_hal_hcd.o(i.HAL_HCD_HC_GetXferCount)
    HAL_HCD_HC_Halt                          0x08001087   Thumb Code    52  stm32f4xx_hal_hcd.o(i.HAL_HCD_HC_Halt)
    HAL_HCD_HC_Init                          0x080010bb   Thumb Code   186  stm32f4xx_hal_hcd.o(i.HAL_HCD_HC_Init)
    HAL_HCD_HC_NotifyURBChange_Callback      0x08001175   Thumb Code     2  usbh_conf.o(i.HAL_HCD_HC_NotifyURBChange_Callback)
    HAL_HCD_HC_SubmitRequest                 0x08001177   Thumb Code   616  stm32f4xx_hal_hcd.o(i.HAL_HCD_HC_SubmitRequest)
    HAL_HCD_IRQHandler                       0x080013df   Thumb Code   358  stm32f4xx_hal_hcd.o(i.HAL_HCD_IRQHandler)
    HAL_HCD_Init                             0x08001545   Thumb Code    90  stm32f4xx_hal_hcd.o(i.HAL_HCD_Init)
    HAL_HCD_MspInit                          0x080015a1   Thumb Code   116  usbh_conf.o(i.HAL_HCD_MspInit)
    HAL_HCD_ResetPort                        0x0800161d   Thumb Code    12  stm32f4xx_hal_hcd.o(i.HAL_HCD_ResetPort)
    HAL_HCD_SOF_Callback                     0x08001629   Thumb Code    14  usbh_conf.o(i.HAL_HCD_SOF_Callback)
    HAL_HCD_Start                            0x08001637   Thumb Code    54  stm32f4xx_hal_hcd.o(i.HAL_HCD_Start)
    HAL_HCD_Stop                             0x0800166d   Thumb Code    46  stm32f4xx_hal_hcd.o(i.HAL_HCD_Stop)
    HAL_IncTick                              0x0800169d   Thumb Code    12  stm32f4xx_hal.o(i.HAL_IncTick)
    HAL_Init                                 0x080016ad   Thumb Code    54  stm32f4xx_hal.o(i.HAL_Init)
    HAL_InitTick                             0x080016e9   Thumb Code    36  stm32f4xx_hal.o(i.HAL_InitTick)
    HAL_MspInit                              0x08001711   Thumb Code    86  stm32f4xx_hal_msp.o(i.HAL_MspInit)
    HAL_NVIC_EnableIRQ                       0x08001767   Thumb Code    26  stm32f4xx_hal_cortex.o(i.HAL_NVIC_EnableIRQ)
    HAL_NVIC_SetPriority                     0x08001781   Thumb Code   124  stm32f4xx_hal_cortex.o(i.HAL_NVIC_SetPriority)
    HAL_NVIC_SetPriorityGrouping             0x080017fd   Thumb Code    32  stm32f4xx_hal_cortex.o(i.HAL_NVIC_SetPriorityGrouping)
    HAL_NVIC_SystemReset                     0x08001825   Thumb Code    60  stm32f4xx_hal_cortex.o(i.HAL_NVIC_SystemReset)
    HAL_RCC_ClockConfig                      0x08001869   Thumb Code   446  stm32f4xx_hal_rcc.o(i.HAL_RCC_ClockConfig)
    HAL_RCC_GetHCLKFreq                      0x08001a39   Thumb Code     6  stm32f4xx_hal_rcc.o(i.HAL_RCC_GetHCLKFreq)
    HAL_RCC_GetPCLK1Freq                     0x08001a45   Thumb Code    36  stm32f4xx_hal_rcc.o(i.HAL_RCC_GetPCLK1Freq)
    HAL_RCC_GetPCLK2Freq                     0x08001a71   Thumb Code    36  stm32f4xx_hal_rcc.o(i.HAL_RCC_GetPCLK2Freq)
    HAL_RCC_GetSysClockFreq                  0x08001a9d   Thumb Code   168  stm32f4xx_hal_rcc.o(i.HAL_RCC_GetSysClockFreq)
    HAL_RCC_OscConfig                        0x08001b51   Thumb Code   906  stm32f4xx_hal_rcc.o(i.HAL_RCC_OscConfig)
    HAL_SYSTICK_CLKSourceConfig              0x08001eed   Thumb Code    40  stm32f4xx_hal_cortex.o(i.HAL_SYSTICK_CLKSourceConfig)
    HAL_SYSTICK_Callback                     0x08001f15   Thumb Code     2  stm32f4xx_hal_cortex.o(i.HAL_SYSTICK_Callback)
    HAL_SYSTICK_Config                       0x08001f17   Thumb Code    52  stm32f4xx_hal_cortex.o(i.HAL_SYSTICK_Config)
    HAL_SYSTICK_IRQHandler                   0x08001f4b   Thumb Code     8  stm32f4xx_hal_cortex.o(i.HAL_SYSTICK_IRQHandler)
    HAL_TIMEx_BreakCallback                  0x08001f53   Thumb Code     2  stm32f4xx_hal_tim_ex.o(i.HAL_TIMEx_BreakCallback)
    HAL_TIMEx_CommutationCallback            0x08001f55   Thumb Code     2  stm32f4xx_hal_tim_ex.o(i.HAL_TIMEx_CommutationCallback)
    HAL_TIMEx_MasterConfigSynchronization    0x08001f57   Thumb Code    98  stm32f4xx_hal_tim_ex.o(i.HAL_TIMEx_MasterConfigSynchronization)
    HAL_TIM_Base_Init                        0x08001fb9   Thumb Code    52  stm32f4xx_hal_tim.o(i.HAL_TIM_Base_Init)
    HAL_TIM_Base_MspInit                     0x08001fed   Thumb Code    62  stm32f4xx_hal_msp.o(i.HAL_TIM_Base_MspInit)
    HAL_TIM_Base_Start_IT                    0x08002035   Thumb Code    30  stm32f4xx_hal_tim.o(i.HAL_TIM_Base_Start_IT)
    HAL_TIM_ConfigClockSource                0x08002053   Thumb Code   306  stm32f4xx_hal_tim.o(i.HAL_TIM_ConfigClockSource)
    HAL_TIM_IC_CaptureCallback               0x08002185   Thumb Code     2  stm32f4xx_hal_tim.o(i.HAL_TIM_IC_CaptureCallback)
    HAL_TIM_IRQHandler                       0x08002187   Thumb Code   406  stm32f4xx_hal_tim.o(i.HAL_TIM_IRQHandler)
    HAL_TIM_OC_DelayElapsedCallback          0x0800231d   Thumb Code     2  stm32f4xx_hal_tim.o(i.HAL_TIM_OC_DelayElapsedCallback)
    HAL_TIM_PWM_PulseFinishedCallback        0x0800231f   Thumb Code     2  stm32f4xx_hal_tim.o(i.HAL_TIM_PWM_PulseFinishedCallback)
    HAL_TIM_PeriodElapsedCallback            0x08002321   Thumb Code     2  stm32f4xx_hal_tim.o(i.HAL_TIM_PeriodElapsedCallback)
    HAL_TIM_TriggerCallback                  0x08002323   Thumb Code     2  stm32f4xx_hal_tim.o(i.HAL_TIM_TriggerCallback)
    HAL_UART_ErrorCallback                   0x08002325   Thumb Code     2  stm32f4xx_hal_uart.o(i.HAL_UART_ErrorCallback)
    HAL_UART_IRQHandler                      0x08002329   Thumb Code   326  stm32f4xx_hal_uart.o(i.HAL_UART_IRQHandler)
    HAL_UART_Init                            0x08002475   Thumb Code   114  stm32f4xx_hal_uart.o(i.HAL_UART_Init)
    HAL_UART_MspInit                         0x080024e9   Thumb Code    96  stm32f4xx_hal_msp.o(i.HAL_UART_MspInit)
    HAL_UART_Receive_IT                      0x08002555   Thumb Code   100  stm32f4xx_hal_uart.o(i.HAL_UART_Receive_IT)
    HAL_UART_RxCpltCallback                  0x080025b9   Thumb Code    54  usart_execute.o(i.HAL_UART_RxCpltCallback)
    HAL_UART_Transmit                        0x080025fd   Thumb Code   214  stm32f4xx_hal_uart.o(i.HAL_UART_Transmit)
    HAL_UART_TxCpltCallback                  0x080026d3   Thumb Code     2  stm32f4xx_hal_uart.o(i.HAL_UART_TxCpltCallback)
    HardFault_Handler                        0x08003295   Thumb Code     4  stm32f4xx_it.o(i.HardFault_Handler)
    MX_USB_HOST_Init                         0x08003499   Thumb Code    28  usb_host.o(i.MX_USB_HOST_Init)
    MX_USB_HOST_Process                      0x080034c1   Thumb Code    10  usb_host.o(i.MX_USB_HOST_Process)
    MemManage_Handler                        0x080034d1   Thumb Code     4  stm32f4xx_it.o(i.MemManage_Handler)
    NMI_Handler                              0x080034d5   Thumb Code     2  stm32f4xx_it.o(i.NMI_Handler)
    OTG_FS_IRQHandler                        0x08003511   Thumb Code    10  stm32f4xx_it.o(i.OTG_FS_IRQHandler)
    PendSV_Handler                           0x08003521   Thumb Code     2  stm32f4xx_it.o(i.PendSV_Handler)
    RxExecute                                0x08003525   Thumb Code   600  main.o(i.RxExecute)
    SVC_Handler                              0x080037ad   Thumb Code     2  stm32f4xx_it.o(i.SVC_Handler)
    SysTick_Handler                          0x080037d5   Thumb Code   184  stm32f4xx_it.o(i.SysTick_Handler)
    SystemClock_Config                       0x080038dd   Thumb Code   186  system_init.o(i.SystemClock_Config)
    SystemInit                               0x080039a1   Thumb Code    82  system_stm32f4xx.o(i.SystemInit)
    System_Init                              0x08003a05   Thumb Code    58  system_init.o(i.System_Init)
    TIM1_UP_TIM10_IRQHandler                 0x08003a49   Thumb Code    10  stm32f4xx_it.o(i.TIM1_UP_TIM10_IRQHandler)
    TIM_Base_SetConfig                       0x08003a59   Thumb Code   148  stm32f4xx_hal_tim.o(i.TIM_Base_SetConfig)
    USART1_IRQHandler                        0x080040b5   Thumb Code    10  stm32f4xx_it.o(i.USART1_IRQHandler)
    USBH_AllocPipe                           0x080040c5   Thumb Code    38  usbh_pipes.o(i.USBH_AllocPipe)
    USBH_BulkReceiveData                     0x080040eb   Thumb Code    42  usbh_ioreq.o(i.USBH_BulkReceiveData)
    USBH_BulkSendData                        0x08004115   Thumb Code    52  usbh_ioreq.o(i.USBH_BulkSendData)
    USBH_CDC_LineCodingChanged               0x080043d7   Thumb Code     2  usbh_cdc.o(i.USBH_CDC_LineCodingChanged)
    USBH_CDC_Receive                         0x080044a1   Thumb Code    46  usbh_cdc.o(i.USBH_CDC_Receive)
    USBH_CDC_ReceiveCallback                 0x080044d1   Thumb Code   256  main.o(i.USBH_CDC_ReceiveCallback)
    USBH_CDC_SetLineCoding                   0x080045fb   Thumb Code    28  usbh_cdc.o(i.USBH_CDC_SetLineCoding)
    USBH_CDC_Transmit                        0x08004617   Thumb Code    48  usbh_cdc.o(i.USBH_CDC_Transmit)
    USBH_CDC_TransmitCallback                0x08004647   Thumb Code     2  usbh_cdc.o(i.USBH_CDC_TransmitCallback)
    USBH_ClosePipe                           0x08004649   Thumb Code    18  usbh_pipes.o(i.USBH_ClosePipe)
    USBH_ClrFeature                          0x0800465b   Thumb Code    40  usbh_ctlreq.o(i.USBH_ClrFeature)
    USBH_CtlReceiveData                      0x08004683   Thumb Code    42  usbh_ioreq.o(i.USBH_CtlReceiveData)
    USBH_CtlReq                              0x080046ad   Thumb Code    84  usbh_ctlreq.o(i.USBH_CtlReq)
    USBH_CtlSendData                         0x08004701   Thumb Code    52  usbh_ioreq.o(i.USBH_CtlSendData)
    USBH_CtlSendSetup                        0x08004735   Thumb Code    38  usbh_ioreq.o(i.USBH_CtlSendSetup)
    USBH_Delay                               0x0800475b   Thumb Code    12  usbh_conf.o(i.USBH_Delay)
    USBH_FindInterface                       0x08004767   Thumb Code    80  usbh_core.o(i.USBH_FindInterface)
    USBH_FreePipe                            0x080047b7   Thumb Code    30  usbh_pipes.o(i.USBH_FreePipe)
    USBH_GetDescriptor                       0x080047d5   Thumb Code    74  usbh_ctlreq.o(i.USBH_GetDescriptor)
    USBH_GetNextDesc                         0x08004847   Thumb Code    18  usbh_ctlreq.o(i.USBH_GetNextDesc)
    USBH_Get_CfgDesc                         0x08004859   Thumb Code    46  usbh_ctlreq.o(i.USBH_Get_CfgDesc)
    USBH_Get_DevDesc                         0x08004887   Thumb Code    46  usbh_ctlreq.o(i.USBH_Get_DevDesc)
    USBH_Get_StringDesc                      0x080048b5   Thumb Code    54  usbh_ctlreq.o(i.USBH_Get_StringDesc)
    USBH_Init                                0x08004c1f   Thumb Code    50  usbh_core.o(i.USBH_Init)
    USBH_LL_ClosePipe                        0x08004c51   Thumb Code    20  usbh_conf.o(i.USBH_LL_ClosePipe)
    USBH_LL_Connect                          0x08004c65   Thumb Code    46  usbh_core.o(i.USBH_LL_Connect)
    USBH_LL_Disconnect                       0x08004c93   Thumb Code    62  usbh_core.o(i.USBH_LL_Disconnect)
    USBH_LL_DriverVBUS                       0x08004cd1   Thumb Code    26  usbh_conf.o(i.USBH_LL_DriverVBUS)
    USBH_LL_GetLastXferSize                  0x08004ceb   Thumb Code    18  usbh_conf.o(i.USBH_LL_GetLastXferSize)
    USBH_LL_GetSpeed                         0x08004cfd   Thumb Code    48  usbh_conf.o(i.USBH_LL_GetSpeed)
    USBH_LL_GetURBState                      0x08004d2d   Thumb Code    18  usbh_conf.o(i.USBH_LL_GetURBState)
    USBH_LL_IncTimer                         0x08004d3f   Thumb Code    22  usbh_core.o(i.USBH_LL_IncTimer)
    USBH_LL_Init                             0x08004d55   Thumb Code    82  usbh_conf.o(i.USBH_LL_Init)
    USBH_LL_OpenPipe                         0x08004dad   Thumb Code    44  usbh_conf.o(i.USBH_LL_OpenPipe)
    USBH_LL_ResetPort                        0x08004dd9   Thumb Code    16  usbh_conf.o(i.USBH_LL_ResetPort)
    USBH_LL_SetTimer                         0x08004de9   Thumb Code     6  usbh_core.o(i.USBH_LL_SetTimer)
    USBH_LL_SetToggle                        0x08004def   Thumb Code    58  usbh_conf.o(i.USBH_LL_SetToggle)
    USBH_LL_Start                            0x08004e29   Thumb Code    16  usbh_conf.o(i.USBH_LL_Start)
    USBH_LL_Stop                             0x08004e39   Thumb Code    16  usbh_conf.o(i.USBH_LL_Stop)
    USBH_LL_SubmitURB                        0x08004e49   Thumb Code    46  usbh_conf.o(i.USBH_LL_SubmitURB)
    USBH_OpenPipe                            0x08004e77   Thumb Code    42  usbh_pipes.o(i.USBH_OpenPipe)
    USBH_Process                             0x0800504f   Thumb Code   428  usbh_core.o(i.USBH_Process)
    USBH_RegisterClass                       0x080051fb   Thumb Code    42  usbh_core.o(i.USBH_RegisterClass)
    USBH_SelectInterface                     0x08005225   Thumb Code    22  usbh_core.o(i.USBH_SelectInterface)
    USBH_SetAddress                          0x0800523b   Thumb Code    40  usbh_ctlreq.o(i.USBH_SetAddress)
    USBH_SetCfg                              0x08005263   Thumb Code    40  usbh_ctlreq.o(i.USBH_SetCfg)
    USBH_Start                               0x0800528b   Thumb Code    22  usbh_core.o(i.USBH_Start)
    USB_CoreInit                             0x080052d9   Thumb Code   100  stm32f4xx_ll_usb.o(i.USB_CoreInit)
    USB_DisableGlobalInt                     0x0800538d   Thumb Code    14  stm32f4xx_ll_usb.o(i.USB_DisableGlobalInt)
    USB_DoPing                               0x0800539d   Thumb Code    60  stm32f4xx_ll_usb.o(i.USB_DoPing)
    USB_DriveVbus                            0x080053dd   Thumb Code    68  stm32f4xx_ll_usb.o(i.USB_DriveVbus)
    USB_EnableGlobalInt                      0x08005421   Thumb Code    14  stm32f4xx_ll_usb.o(i.USB_EnableGlobalInt)
    USB_FlushRxFifo                          0x08005431   Thumb Code    38  stm32f4xx_ll_usb.o(i.USB_FlushRxFifo)
    USB_FlushTxFifo                          0x0800545d   Thumb Code    44  stm32f4xx_ll_usb.o(i.USB_FlushTxFifo)
    USB_GetCurrentFrame                      0x0800548d   Thumb Code    12  stm32f4xx_ll_usb.o(i.USB_GetCurrentFrame)
    USB_GetHostSpeed                         0x08005499   Thumb Code    18  stm32f4xx_ll_usb.o(i.USB_GetHostSpeed)
    USB_GetMode                              0x080054ab   Thumb Code    10  stm32f4xx_ll_usb.o(i.USB_GetMode)
    USB_HC_Halt                              0x080054b5   Thumb Code   328  stm32f4xx_ll_usb.o(i.USB_HC_Halt)
    USB_HC_Init                              0x080055fd   Thumb Code   392  stm32f4xx_ll_usb.o(i.USB_HC_Init)
    USB_HC_ReadInterrupt                     0x08005785   Thumb Code    12  stm32f4xx_ll_usb.o(i.USB_HC_ReadInterrupt)
    USB_HC_StartXfer                         0x08005791   Thumb Code   386  stm32f4xx_ll_usb.o(i.USB_HC_StartXfer)
    USB_HOST_Task                            0x08005919   Thumb Code   428  main.o(i.USB_HOST_Task)
    USB_HostInit                             0x08005ae9   Thumb Code   214  stm32f4xx_ll_usb.o(i.USB_HostInit)
    USB_InitFSLSPClkSel                      0x08005bd5   Thumb Code    62  stm32f4xx_ll_usb.o(i.USB_InitFSLSPClkSel)
    USB_RT_Process                           0x08005c15   Thumb Code    96  main.o(i.USB_RT_Process)
    USB_ReadInterrupts                       0x08005c8d   Thumb Code    12  stm32f4xx_ll_usb.o(i.USB_ReadInterrupts)
    USB_ReadPacket                           0x08005c99   Thumb Code    34  stm32f4xx_ll_usb.o(i.USB_ReadPacket)
    USB_ResetPort                            0x08005cbb   Thumb Code    48  stm32f4xx_ll_usb.o(i.USB_ResetPort)
    USB_SetCurrentMode                       0x08005ceb   Thumb Code    48  stm32f4xx_ll_usb.o(i.USB_SetCurrentMode)
    USB_StopHost                             0x08005d1b   Thumb Code   174  stm32f4xx_ll_usb.o(i.USB_StopHost)
    USB_WritePacket                          0x08005dc9   Thumb Code    48  stm32f4xx_ll_usb.o(i.USB_WritePacket)
    UartPCTask                               0x08005df9   Thumb Code   106  main.o(i.UartPCTask)
    UsageFault_Handler                       0x08005e79   Thumb Code     4  stm32f4xx_it.o(i.UsageFault_Handler)
    WatchDog_Feed                            0x08005e7d   Thumb Code    10  system_init.o(i.WatchDog_Feed)
    WatchDog_Init                            0x08005e8d   Thumb Code    28  system_init.o(i.WatchDog_Init)
    main                                     0x08005ead   Thumb Code   130  main.o(i.main)
    uart_queen_read                          0x08005f51   Thumb Code    58  usart_execute.o(i.uart_queen_read)
    usart_state_machine                      0x08005f95   Thumb Code   496  usart_execute.o(i.usart_state_machine)
    _fp_init                                 0x080061ad   Thumb Code    10  fpinit.o(x$fpl$fpinit)
    __fplib_config_fpu_vfp                   0x080061b5   Thumb Code     0  fpinit.o(x$fpl$fpinit)
    __fplib_config_pureend_doubles           0x080061b5   Thumb Code     0  fpinit.o(x$fpl$fpinit)
    Version                                  0x080061b6   Data          16  main.o(.constdata)
    APBAHBPrescTable                         0x080061c6   Data          16  stm32f4xx_hal_rcc.o(.constdata)
    Region$$Table$$Base                      0x080061dc   Number         0  anon$$obj.o(Region$$Table)
    Region$$Table$$Limit                     0x080061fc   Number         0  anon$$obj.o(Region$$Table)
    Tcn                                      0x20000000   Data           4  stm32f4xx_it.o(.data)
    Tcn_2                                    0x20000004   Data           4  stm32f4xx_it.o(.data)
    TimingDelay                              0x20000008   Data           4  stm32f4xx_it.o(.data)
    SystickFlag20ms                          0x2000000c   Data           1  stm32f4xx_it.o(.data)
    SystickFlag20ms_2                        0x2000000d   Data           1  stm32f4xx_it.o(.data)
    SystickFlag20ms_1                        0x2000000e   Data           1  stm32f4xx_it.o(.data)
    SystickFlag20ms_0B                       0x2000000f   Data           1  stm32f4xx_it.o(.data)
    SystickFlag20ms_1E                       0x20000010   Data           1  stm32f4xx_it.o(.data)
    SystickFlag20ms_1F                       0x20000011   Data           1  stm32f4xx_it.o(.data)
    SystickFlag1S                            0x20000012   Data           1  stm32f4xx_it.o(.data)
    SystickFlag2S                            0x20000013   Data           1  stm32f4xx_it.o(.data)
    SystickFlag200ms                         0x20000014   Data           1  stm32f4xx_it.o(.data)
    SystickFlag200ms_2                       0x20000015   Data           1  stm32f4xx_it.o(.data)
    SystickFlag200ms_0B                      0x20000016   Data           1  stm32f4xx_it.o(.data)
    SystickFlag200ms_1E                      0x20000017   Data           1  stm32f4xx_it.o(.data)
    SystickFlag200ms_1F                      0x20000018   Data           1  stm32f4xx_it.o(.data)
    systickCnt4                              0x2000001c   Data           4  stm32f4xx_it.o(.data)
    systickCnt5                              0x20000020   Data           4  stm32f4xx_it.o(.data)
    SystickFlag1S_restart                    0x20000024   Data           1  stm32f4xx_it.o(.data)
    SystickFlag10ms                          0x20000025   Data           1  stm32f4xx_it.o(.data)
    Appli_state                              0x20000034   Data           1  usb_host.o(.data)
    pUartTest                                0x20000038   Data           8  main.o(.data)
    cnt1                                     0x20000040   Data           4  main.o(.data)
    cnt2                                     0x20000044   Data           4  main.o(.data)
    IP_485                                   0x20000048   Data           4  main.o(.data)
    IP_485_2                                 0x2000004c   Data           4  main.o(.data)
    SysBootCnt                               0x20000050   Data           4  main.o(.data)
    t_buf_cnt                                0x20000054   Data           4  main.o(.data)
    t_buf_0b_cnt                             0x20000058   Data           4  main.o(.data)
    t_buf_1e_cnt                             0x2000005c   Data           4  main.o(.data)
    t_buf_1f_cnt                             0x20000060   Data           4  main.o(.data)
    r_buf_cnt                                0x20000064   Data           4  main.o(.data)
    PM_25                                    0x20000068   Data           2  main.o(.data)
    CM_Calibrate_Value                       0x2000006a   Data           2  main.o(.data)
    Testing_flag                             0x2000006c   Data           1  main.o(.data)
    Wifi_flag                                0x2000006d   Data           1  main.o(.data)
    PM_flag                                  0x2000006e   Data           1  main.o(.data)
    CM_Calibrate_flag                        0x2000006f   Data           1  main.o(.data)
    USB_REC_FLAG                             0x20000070   Data           1  main.o(.data)
    UART_Rx_flag                             0x20000071   Data           1  main.o(.data)
    USB_SEND_flag                            0x20000072   Data           1  main.o(.data)
    device_ison                              0x20000073   Data           1  main.o(.data)
    device_ison_count                        0x20000074   Data           1  main.o(.data)
    uart_rev                                 0x20000080   Data           8  usart_execute.o(.data)
    recv_state                               0x20000088   Data           1  usart_execute.o(.data)
    usart_frame_direction                    0x20000089   Data           1  usart_execute.o(.data)
    FirstSector                              0x20000098   Data           4  flash_execute.o(.data)
    NbOfSectors                              0x2000009c   Data           4  flash_execute.o(.data)
    Address                                  0x200000a0   Data           4  flash_execute.o(.data)
    SectorError                              0x200000a4   Data           4  flash_execute.o(.data)
    data32                                   0x200000a8   Data           4  flash_execute.o(.data)
    ReceiveCallback_Flag                     0x200000ac   Data           1  usbh_cdc.o(.data)
    CDC_Class                                0x200000b0   Data          32  usbh_cdc.o(.data)
    SystemCoreClock                          0x200000d0   Data           4  system_stm32f4xx.o(.data)
    uwTick                                   0x200000d4   Data           4  stm32f4xx_hal.o(.data)
    hhcd_USB_OTG_FS                          0x200000d8   Data         664  usbh_conf.o(.bss)
    hUsbHostFS                               0x20000370   Data         968  usb_host.o(.bss)
    huart1                                   0x20000738   Data          64  main.o(.bss)
    USB_R_BUF                                0x20000778   Data          21  main.o(.bss)
    USB_R_BUF_LAST                           0x2000078d   Data          21  main.o(.bss)
    USB_T_BUF                                0x200007a2   Data          21  main.o(.bss)
    USB_0B_T_BUF                             0x200007b7   Data          20  main.o(.bss)
    USB_1E_T_BUF                             0x200007cb   Data          20  main.o(.bss)
    USB_1F_T_BUF                             0x200007df   Data          20  main.o(.bss)
    DataCmd_0B                               0x200007f3   Data          30  main.o(.bss)
    DataCmd_0E                               0x20000811   Data          30  main.o(.bss)
    DataCmd_1F                               0x2000082f   Data          30  main.o(.bss)
    DataCmd_FC                               0x2000084d   Data          30  main.o(.bss)
    DataCmd_0C                               0x2000086b   Data          10  main.o(.bss)
    aRxBuffer_2                              0x20000875   Data          40  main.o(.bss)
    aRxBuffer                                0x2000089d   Data         200  usart_execute.o(.bss)
    htim1                                    0x200009a4   Data          60  system_init.o(.bss)
    hiwdg                                    0x200009e0   Data          12  system_init.o(.bss)
    pFlash                                   0x200009ec   Data          32  stm32f4xx_hal_flash.o(.bss)
    __libspace_start                         0x20000a0c   Data          96  libspace.o(.bss)
    __temporary_stack_top$libspace           0x20000a6c   Data           0  libspace.o(.bss)



==============================================================================

Memory Map of the image

  Image Entry point : 0x08000195

  Load Region LR_IROM1 (Base: 0x08000000, Size: 0x000062d4, Max: 0x00020000, ABSOLUTE)

    Execution Region ER_IROM1 (Exec base: 0x08000000, Load base: 0x08000000, Size: 0x000061fc, Max: 0x00020000, ABSOLUTE)

    Exec Addr    Load Addr    Size         Type   Attr      Idx    E Section Name        Object

    0x08000000   0x08000000   0x00000194   Data   RO          840    RESET               startup_stm32f401xc.o
    0x08000194   0x08000194   0x00000008   Code   RO         4149  * !!!main             c_w.l(__main.o)
    0x0800019c   0x0800019c   0x00000034   Code   RO         4352    !!!scatter          c_w.l(__scatter.o)
    0x080001d0   0x080001d0   0x0000001a   Code   RO         4354    !!handler_copy      c_w.l(__scatter_copy.o)
    0x080001ea   0x080001ea   0x00000002   PAD
    0x080001ec   0x080001ec   0x0000001c   Code   RO         4356    !!handler_zi        c_w.l(__scatter_zi.o)
    0x08000208   0x08000208   0x00000002   Code   RO         4291    .ARM.Collect$$libinit$$00000000  c_w.l(libinit.o)
    0x0800020a   0x0800020a   0x00000004   Code   RO         4183    .ARM.Collect$$libinit$$00000001  c_w.l(libinit2.o)
    0x0800020e   0x0800020e   0x00000000   Code   RO         4186    .ARM.Collect$$libinit$$00000004  c_w.l(libinit2.o)
    0x0800020e   0x0800020e   0x00000008   Code   RO         4187    .ARM.Collect$$libinit$$00000005  c_w.l(libinit2.o)
    0x08000216   0x08000216   0x00000000   Code   RO         4189    .ARM.Collect$$libinit$$0000000A  c_w.l(libinit2.o)
    0x08000216   0x08000216   0x00000000   Code   RO         4191    .ARM.Collect$$libinit$$0000000C  c_w.l(libinit2.o)
    0x08000216   0x08000216   0x00000000   Code   RO         4193    .ARM.Collect$$libinit$$0000000E  c_w.l(libinit2.o)
    0x08000216   0x08000216   0x00000000   Code   RO         4196    .ARM.Collect$$libinit$$00000011  c_w.l(libinit2.o)
    0x08000216   0x08000216   0x00000000   Code   RO         4198    .ARM.Collect$$libinit$$00000013  c_w.l(libinit2.o)
    0x08000216   0x08000216   0x00000000   Code   RO         4200    .ARM.Collect$$libinit$$00000015  c_w.l(libinit2.o)
    0x08000216   0x08000216   0x00000000   Code   RO         4202    .ARM.Collect$$libinit$$00000017  c_w.l(libinit2.o)
    0x08000216   0x08000216   0x00000000   Code   RO         4204    .ARM.Collect$$libinit$$00000019  c_w.l(libinit2.o)
    0x08000216   0x08000216   0x00000000   Code   RO         4206    .ARM.Collect$$libinit$$0000001B  c_w.l(libinit2.o)
    0x08000216   0x08000216   0x00000000   Code   RO         4208    .ARM.Collect$$libinit$$0000001D  c_w.l(libinit2.o)
    0x08000216   0x08000216   0x00000000   Code   RO         4210    .ARM.Collect$$libinit$$0000001F  c_w.l(libinit2.o)
    0x08000216   0x08000216   0x00000000   Code   RO         4212    .ARM.Collect$$libinit$$00000021  c_w.l(libinit2.o)
    0x08000216   0x08000216   0x00000000   Code   RO         4214    .ARM.Collect$$libinit$$00000023  c_w.l(libinit2.o)
    0x08000216   0x08000216   0x00000000   Code   RO         4216    .ARM.Collect$$libinit$$00000025  c_w.l(libinit2.o)
    0x08000216   0x08000216   0x00000000   Code   RO         4220    .ARM.Collect$$libinit$$0000002C  c_w.l(libinit2.o)
    0x08000216   0x08000216   0x00000000   Code   RO         4222    .ARM.Collect$$libinit$$0000002E  c_w.l(libinit2.o)
    0x08000216   0x08000216   0x00000000   Code   RO         4224    .ARM.Collect$$libinit$$00000030  c_w.l(libinit2.o)
    0x08000216   0x08000216   0x00000000   Code   RO         4226    .ARM.Collect$$libinit$$00000032  c_w.l(libinit2.o)
    0x08000216   0x08000216   0x00000002   Code   RO         4227    .ARM.Collect$$libinit$$00000033  c_w.l(libinit2.o)
    0x08000218   0x08000218   0x00000002   Code   RO         4349    .ARM.Collect$$libshutdown$$00000000  c_w.l(libshutdown.o)
    0x0800021a   0x0800021a   0x00000000   Code   RO         4305    .ARM.Collect$$libshutdown$$00000002  c_w.l(libshutdown2.o)
    0x0800021a   0x0800021a   0x00000000   Code   RO         4307    .ARM.Collect$$libshutdown$$00000004  c_w.l(libshutdown2.o)
    0x0800021a   0x0800021a   0x00000000   Code   RO         4310    .ARM.Collect$$libshutdown$$00000007  c_w.l(libshutdown2.o)
    0x0800021a   0x0800021a   0x00000000   Code   RO         4313    .ARM.Collect$$libshutdown$$0000000A  c_w.l(libshutdown2.o)
    0x0800021a   0x0800021a   0x00000000   Code   RO         4315    .ARM.Collect$$libshutdown$$0000000C  c_w.l(libshutdown2.o)
    0x0800021a   0x0800021a   0x00000000   Code   RO         4318    .ARM.Collect$$libshutdown$$0000000F  c_w.l(libshutdown2.o)
    0x0800021a   0x0800021a   0x00000002   Code   RO         4319    .ARM.Collect$$libshutdown$$00000010  c_w.l(libshutdown2.o)
    0x0800021c   0x0800021c   0x00000000   Code   RO         4153    .ARM.Collect$$rtentry$$00000000  c_w.l(__rtentry.o)
    0x0800021c   0x0800021c   0x00000000   Code   RO         4234    .ARM.Collect$$rtentry$$00000002  c_w.l(__rtentry2.o)
    0x0800021c   0x0800021c   0x00000006   Code   RO         4246    .ARM.Collect$$rtentry$$00000004  c_w.l(__rtentry4.o)
    0x08000222   0x08000222   0x00000000   Code   RO         4236    .ARM.Collect$$rtentry$$00000009  c_w.l(__rtentry2.o)
    0x08000222   0x08000222   0x00000004   Code   RO         4237    .ARM.Collect$$rtentry$$0000000A  c_w.l(__rtentry2.o)
    0x08000226   0x08000226   0x00000000   Code   RO         4239    .ARM.Collect$$rtentry$$0000000C  c_w.l(__rtentry2.o)
    0x08000226   0x08000226   0x00000008   Code   RO         4240    .ARM.Collect$$rtentry$$0000000D  c_w.l(__rtentry2.o)
    0x0800022e   0x0800022e   0x00000002   Code   RO         4294    .ARM.Collect$$rtexit$$00000000  c_w.l(rtexit.o)
    0x08000230   0x08000230   0x00000000   Code   RO         4323    .ARM.Collect$$rtexit$$00000002  c_w.l(rtexit2.o)
    0x08000230   0x08000230   0x00000004   Code   RO         4324    .ARM.Collect$$rtexit$$00000003  c_w.l(rtexit2.o)
    0x08000234   0x08000234   0x00000006   Code   RO         4325    .ARM.Collect$$rtexit$$00000004  c_w.l(rtexit2.o)
    0x0800023a   0x0800023a   0x00000002   PAD
    0x0800023c   0x0800023c   0x00000000   Code   RO         4250    .emb_text           c_w.l(maybetermalloc1.o)
    0x0800023c   0x0800023c   0x00000040   Code   RO          841    .text               startup_stm32f401xc.o
    0x0800027c   0x0800027c   0x0000005e   Code   RO         4083    .text               c_w.l(h1_alloc.o)
    0x080002da   0x080002da   0x0000004e   Code   RO         4085    .text               c_w.l(h1_free.o)
    0x08000328   0x08000328   0x0000008a   Code   RO         4141    .text               c_w.l(rt_memcpy_v6.o)
    0x080003b2   0x080003b2   0x00000064   Code   RO         4143    .text               c_w.l(rt_memcpy_w.o)
    0x08000416   0x08000416   0x00000044   Code   RO         4145    .text               c_w.l(rt_memclr.o)
    0x0800045a   0x0800045a   0x00000006   Code   RO         4147    .text               c_w.l(heapauxi.o)
    0x08000460   0x08000460   0x00000008   Code   RO         4157    .text               c_w.l(rt_heap_descriptor_intlibspace.o)
    0x08000468   0x08000468   0x00000004   Code   RO         4159    .text               c_w.l(hguard.o)
    0x0800046c   0x0800046c   0x0000008a   Code   RO         4161    .text               c_w.l(init_alloc.o)
    0x080004f6   0x080004f6   0x0000000e   Code   RO         4165    .text               c_w.l(h1_init.o)
    0x08000504   0x08000504   0x0000004e   Code   RO         4179    .text               c_w.l(rt_memclr_w.o)
    0x08000552   0x08000552   0x00000002   PAD
    0x08000554   0x08000554   0x00000008   Code   RO         4230    .text               c_w.l(libspace.o)
    0x0800055c   0x0800055c   0x00000034   Code   RO         4252    .text               c_w.l(h1_extend.o)
    0x08000590   0x08000590   0x0000000e   Code   RO         4256    .text               c_w.l(defsig_rtmem_outer.o)
    0x0800059e   0x0800059e   0x00000002   Code   RO         4267    .text               c_w.l(use_no_semi.o)
    0x080005a0   0x080005a0   0x00000000   Code   RO         4269    .text               c_w.l(indicate_semi.o)
    0x080005a0   0x080005a0   0x0000004a   Code   RO         4270    .text               c_w.l(sys_stackheap_outer.o)
    0x080005ea   0x080005ea   0x00000012   Code   RO         4276    .text               c_w.l(exit.o)
    0x080005fc   0x080005fc   0x0000000a   Code   RO         4278    .text               c_w.l(defsig_exit.o)
    0x08000606   0x08000606   0x00000002   PAD
    0x08000608   0x08000608   0x00000050   Code   RO         4280    .text               c_w.l(defsig_rtmem_inner.o)
    0x08000658   0x08000658   0x0000000c   Code   RO         4292    .text               c_w.l(sys_exit.o)
    0x08000664   0x08000664   0x00000032   Code   RO         4302    .text               c_w.l(defsig_general.o)
    0x08000696   0x08000696   0x0000000e   Code   RO         4320    .text               c_w.l(sys_wrch.o)
    0x080006a4   0x080006a4   0x00000004   Code   RO          329    i.BusFault_Handler  stm32f4xx_it.o
    0x080006a8   0x080006a8   0x0000007e   Code   RO         1198    i.CDC_ProcessReception  usbh_cdc.o
    0x08000726   0x08000726   0x000000a6   Code   RO         1199    i.CDC_ProcessTransmission  usbh_cdc.o
    0x080007cc   0x080007cc   0x00000052   Code   RO         1075    i.DeInitStateMachine  usbh_core.o
    0x0800081e   0x0800081e   0x00000002   Code   RO          330    i.DebugMon_Handler  stm32f4xx_it.o
    0x08000820   0x08000820   0x000000c4   Code   RO          737    i.Erase_Flash       flash_execute.o
    0x080008e4   0x080008e4   0x00000004   Code   RO          611    i.Error_Handler     main.o
    0x080008e8   0x080008e8   0x00000068   Code   RO         3343    i.FLASH_Erase_Sector  stm32f4xx_hal_flash_ex.o
    0x08000950   0x08000950   0x00000078   Code   RO         3344    i.FLASH_FlushCaches  stm32f4xx_hal_flash_ex.o
    0x080009c8   0x080009c8   0x00000030   Code   RO         3345    i.FLASH_MassErase   stm32f4xx_hal_flash_ex.o
    0x080009f8   0x080009f8   0x00000024   Code   RO         3482    i.FLASH_Program_Byte  stm32f4xx_hal_flash.o
    0x08000a1c   0x08000a1c   0x0000002c   Code   RO         3483    i.FLASH_Program_DoubleWord  stm32f4xx_hal_flash.o
    0x08000a48   0x08000a48   0x00000028   Code   RO         3484    i.FLASH_Program_HalfWord  stm32f4xx_hal_flash.o
    0x08000a70   0x08000a70   0x00000028   Code   RO         3485    i.FLASH_Program_Word  stm32f4xx_hal_flash.o
    0x08000a98   0x08000a98   0x000000b4   Code   RO         3486    i.FLASH_SetErrorCode  stm32f4xx_hal_flash.o
    0x08000b4c   0x08000b4c   0x00000070   Code   RO         3487    i.FLASH_WaitForLastOperation  stm32f4xx_hal_flash.o
    0x08000bbc   0x08000bbc   0x00000024   Code   RO         1200    i.GetLineCoding     usbh_cdc.o
    0x08000be0   0x08000be0   0x0000006c   Code   RO          738    i.GetSector         flash_execute.o
    0x08000c4c   0x08000c4c   0x00000026   Code   RO          739    i.GetSectorSize     flash_execute.o
    0x08000c72   0x08000c72   0x00000028   Code   RO         2156    i.HAL_DMA_Abort_IT  stm32f4xx_hal_dma.o
    0x08000c9a   0x08000c9a   0x0000001a   Code   RO         1366    i.HAL_Delay         stm32f4xx_hal.o
    0x08000cb4   0x08000cb4   0x000000ac   Code   RO         3359    i.HAL_FLASHEx_Erase  stm32f4xx_hal_flash_ex.o
    0x08000d60   0x08000d60   0x00000014   Code   RO         3491    i.HAL_FLASH_Lock    stm32f4xx_hal_flash.o
    0x08000d74   0x08000d74   0x00000098   Code   RO         3496    i.HAL_FLASH_Program  stm32f4xx_hal_flash.o
    0x08000e0c   0x08000e0c   0x0000002c   Code   RO         3498    i.HAL_FLASH_Unlock  stm32f4xx_hal_flash.o
    0x08000e38   0x08000e38   0x000001d4   Code   RO         3987    i.HAL_GPIO_Init     stm32f4xx_hal_gpio.o
    0x0800100c   0x0800100c   0x00000008   Code   RO         3990    i.HAL_GPIO_TogglePin  stm32f4xx_hal_gpio.o
    0x08001014   0x08001014   0x0000000c   Code   RO         3991    i.HAL_GPIO_WritePin  stm32f4xx_hal_gpio.o
    0x08001020   0x08001020   0x0000000c   Code   RO         1372    i.HAL_GetTick       stm32f4xx_hal.o
    0x0800102c   0x0800102c   0x0000000e   Code   RO            4    i.HAL_HCD_Connect_Callback  usbh_conf.o
    0x0800103a   0x0800103a   0x0000000e   Code   RO            5    i.HAL_HCD_Disconnect_Callback  usbh_conf.o
    0x08001048   0x08001048   0x0000000c   Code   RO         1886    i.HAL_HCD_GetCurrentFrame  stm32f4xx_hal_hcd.o
    0x08001054   0x08001054   0x0000000c   Code   RO         1887    i.HAL_HCD_GetCurrentSpeed  stm32f4xx_hal_hcd.o
    0x08001060   0x08001060   0x00000014   Code   RO         1890    i.HAL_HCD_HC_GetURBState  stm32f4xx_hal_hcd.o
    0x08001074   0x08001074   0x00000012   Code   RO         1891    i.HAL_HCD_HC_GetXferCount  stm32f4xx_hal_hcd.o
    0x08001086   0x08001086   0x00000034   Code   RO         1892    i.HAL_HCD_HC_Halt   stm32f4xx_hal_hcd.o
    0x080010ba   0x080010ba   0x000000ba   Code   RO         1893    i.HAL_HCD_HC_Init   stm32f4xx_hal_hcd.o
    0x08001174   0x08001174   0x00000002   Code   RO            6    i.HAL_HCD_HC_NotifyURBChange_Callback  usbh_conf.o
    0x08001176   0x08001176   0x00000268   Code   RO         1895    i.HAL_HCD_HC_SubmitRequest  stm32f4xx_hal_hcd.o
    0x080013de   0x080013de   0x00000166   Code   RO         1896    i.HAL_HCD_IRQHandler  stm32f4xx_hal_hcd.o
    0x08001544   0x08001544   0x0000005a   Code   RO         1897    i.HAL_HCD_Init      stm32f4xx_hal_hcd.o
    0x0800159e   0x0800159e   0x00000002   PAD
    0x080015a0   0x080015a0   0x0000007c   Code   RO            8    i.HAL_HCD_MspInit   usbh_conf.o
    0x0800161c   0x0800161c   0x0000000c   Code   RO         1900    i.HAL_HCD_ResetPort  stm32f4xx_hal_hcd.o
    0x08001628   0x08001628   0x0000000e   Code   RO            9    i.HAL_HCD_SOF_Callback  usbh_conf.o
    0x08001636   0x08001636   0x00000036   Code   RO         1902    i.HAL_HCD_Start     stm32f4xx_hal_hcd.o
    0x0800166c   0x0800166c   0x0000002e   Code   RO         1903    i.HAL_HCD_Stop      stm32f4xx_hal_hcd.o
    0x0800169a   0x0800169a   0x00000002   PAD
    0x0800169c   0x0800169c   0x00000010   Code   RO         1373    i.HAL_IncTick       stm32f4xx_hal.o
    0x080016ac   0x080016ac   0x0000003c   Code   RO         1374    i.HAL_Init          stm32f4xx_hal.o
    0x080016e8   0x080016e8   0x00000028   Code   RO         1375    i.HAL_InitTick      stm32f4xx_hal.o
    0x08001710   0x08001710   0x00000056   Code   RO          281    i.HAL_MspInit       stm32f4xx_hal_msp.o
    0x08001766   0x08001766   0x0000001a   Code   RO         2261    i.HAL_NVIC_EnableIRQ  stm32f4xx_hal_cortex.o
    0x08001780   0x08001780   0x0000007c   Code   RO         2267    i.HAL_NVIC_SetPriority  stm32f4xx_hal_cortex.o
    0x080017fc   0x080017fc   0x00000028   Code   RO         2268    i.HAL_NVIC_SetPriorityGrouping  stm32f4xx_hal_cortex.o
    0x08001824   0x08001824   0x00000044   Code   RO         2269    i.HAL_NVIC_SystemReset  stm32f4xx_hal_cortex.o
    0x08001868   0x08001868   0x000001d0   Code   RO         2048    i.HAL_RCC_ClockConfig  stm32f4xx_hal_rcc.o
    0x08001a38   0x08001a38   0x0000000c   Code   RO         2053    i.HAL_RCC_GetHCLKFreq  stm32f4xx_hal_rcc.o
    0x08001a44   0x08001a44   0x0000002c   Code   RO         2055    i.HAL_RCC_GetPCLK1Freq  stm32f4xx_hal_rcc.o
    0x08001a70   0x08001a70   0x0000002c   Code   RO         2056    i.HAL_RCC_GetPCLK2Freq  stm32f4xx_hal_rcc.o
    0x08001a9c   0x08001a9c   0x000000b4   Code   RO         2057    i.HAL_RCC_GetSysClockFreq  stm32f4xx_hal_rcc.o
    0x08001b50   0x08001b50   0x0000039c   Code   RO         2060    i.HAL_RCC_OscConfig  stm32f4xx_hal_rcc.o
    0x08001eec   0x08001eec   0x00000028   Code   RO         2270    i.HAL_SYSTICK_CLKSourceConfig  stm32f4xx_hal_cortex.o
    0x08001f14   0x08001f14   0x00000002   Code   RO         2271    i.HAL_SYSTICK_Callback  stm32f4xx_hal_cortex.o
    0x08001f16   0x08001f16   0x00000034   Code   RO         2272    i.HAL_SYSTICK_Config  stm32f4xx_hal_cortex.o
    0x08001f4a   0x08001f4a   0x00000008   Code   RO         2273    i.HAL_SYSTICK_IRQHandler  stm32f4xx_hal_cortex.o
    0x08001f52   0x08001f52   0x00000002   Code   RO         2463    i.HAL_TIMEx_BreakCallback  stm32f4xx_hal_tim_ex.o
    0x08001f54   0x08001f54   0x00000002   Code   RO         2464    i.HAL_TIMEx_CommutationCallback  stm32f4xx_hal_tim_ex.o
    0x08001f56   0x08001f56   0x00000062   Code   RO         2480    i.HAL_TIMEx_MasterConfigSynchronization  stm32f4xx_hal_tim_ex.o
    0x08001fb8   0x08001fb8   0x00000034   Code   RO         2704    i.HAL_TIM_Base_Init  stm32f4xx_hal_tim.o
    0x08001fec   0x08001fec   0x00000048   Code   RO          283    i.HAL_TIM_Base_MspInit  stm32f4xx_hal_msp.o
    0x08002034   0x08002034   0x0000001e   Code   RO         2709    i.HAL_TIM_Base_Start_IT  stm32f4xx_hal_tim.o
    0x08002052   0x08002052   0x00000132   Code   RO         2713    i.HAL_TIM_ConfigClockSource  stm32f4xx_hal_tim.o
    0x08002184   0x08002184   0x00000002   Code   RO         2733    i.HAL_TIM_IC_CaptureCallback  stm32f4xx_hal_tim.o
    0x08002186   0x08002186   0x00000196   Code   RO         2746    i.HAL_TIM_IRQHandler  stm32f4xx_hal_tim.o
    0x0800231c   0x0800231c   0x00000002   Code   RO         2749    i.HAL_TIM_OC_DelayElapsedCallback  stm32f4xx_hal_tim.o
    0x0800231e   0x0800231e   0x00000002   Code   RO         2776    i.HAL_TIM_PWM_PulseFinishedCallback  stm32f4xx_hal_tim.o
    0x08002320   0x08002320   0x00000002   Code   RO         2783    i.HAL_TIM_PeriodElapsedCallback  stm32f4xx_hal_tim.o
    0x08002322   0x08002322   0x00000002   Code   RO         2787    i.HAL_TIM_TriggerCallback  stm32f4xx_hal_tim.o
    0x08002324   0x08002324   0x00000002   Code   RO         1518    i.HAL_UART_ErrorCallback  stm32f4xx_hal_uart.o
    0x08002326   0x08002326   0x00000002   PAD
    0x08002328   0x08002328   0x0000014c   Code   RO         1521    i.HAL_UART_IRQHandler  stm32f4xx_hal_uart.o
    0x08002474   0x08002474   0x00000072   Code   RO         1522    i.HAL_UART_Init     stm32f4xx_hal_uart.o
    0x080024e6   0x080024e6   0x00000002   PAD
    0x080024e8   0x080024e8   0x0000006c   Code   RO          285    i.HAL_UART_MspInit  stm32f4xx_hal_msp.o
    0x08002554   0x08002554   0x00000064   Code   RO         1527    i.HAL_UART_Receive_IT  stm32f4xx_hal_uart.o
    0x080025b8   0x080025b8   0x00000044   Code   RO          689    i.HAL_UART_RxCpltCallback  usart_execute.o
    0x080025fc   0x080025fc   0x000000d6   Code   RO         1530    i.HAL_UART_Transmit  stm32f4xx_hal_uart.o
    0x080026d2   0x080026d2   0x00000002   Code   RO         1533    i.HAL_UART_TxCpltCallback  stm32f4xx_hal_uart.o
    0x080026d4   0x080026d4   0x000004f4   Code   RO         1904    i.HCD_HC_IN_IRQHandler  stm32f4xx_hal_hcd.o
    0x08002bc8   0x08002bc8   0x000004f0   Code   RO         1905    i.HCD_HC_OUT_IRQHandler  stm32f4xx_hal_hcd.o
    0x080030b8   0x080030b8   0x000000d2   Code   RO         1906    i.HCD_Port_IRQHandler  stm32f4xx_hal_hcd.o
    0x0800318a   0x0800318a   0x00000002   PAD
    0x0800318c   0x0800318c   0x00000108   Code   RO         1907    i.HCD_RXQLVL_IRQHandler  stm32f4xx_hal_hcd.o
    0x08003294   0x08003294   0x00000004   Code   RO          331    i.HardFault_Handler  stm32f4xx_it.o
    0x08003298   0x08003298   0x00000150   Code   RO          778    i.MX_GPIO_Init      system_init.o
    0x080033e8   0x080033e8   0x00000068   Code   RO          779    i.MX_TIM1_Init      system_init.o
    0x08003450   0x08003450   0x00000048   Code   RO          780    i.MX_USART1_UART_Init  system_init.o
    0x08003498   0x08003498   0x00000028   Code   RO          564    i.MX_USB_HOST_Init  usb_host.o
    0x080034c0   0x080034c0   0x00000010   Code   RO          565    i.MX_USB_HOST_Process  usb_host.o
    0x080034d0   0x080034d0   0x00000004   Code   RO          332    i.MemManage_Handler  stm32f4xx_it.o
    0x080034d4   0x080034d4   0x00000002   Code   RO          333    i.NMI_Handler       stm32f4xx_it.o
    0x080034d6   0x080034d6   0x00000002   PAD
    0x080034d8   0x080034d8   0x00000010   Code   RO         2274    i.NVIC_GetPriorityGrouping  stm32f4xx_hal_cortex.o
    0x080034e8   0x080034e8   0x00000028   Code   RO         2275    i.NVIC_SetPriority  stm32f4xx_hal_cortex.o
    0x08003510   0x08003510   0x00000010   Code   RO          334    i.OTG_FS_IRQHandler  stm32f4xx_it.o
    0x08003520   0x08003520   0x00000002   Code   RO          335    i.PendSV_Handler    stm32f4xx_it.o
    0x08003522   0x08003522   0x00000002   PAD
    0x08003524   0x08003524   0x00000288   Code   RO          612    i.RxExecute         main.o
    0x080037ac   0x080037ac   0x00000002   Code   RO          336    i.SVC_Handler       stm32f4xx_it.o
    0x080037ae   0x080037ae   0x00000024   Code   RO         1201    i.SetLineCoding     usbh_cdc.o
    0x080037d2   0x080037d2   0x00000002   PAD
    0x080037d4   0x080037d4   0x00000108   Code   RO          337    i.SysTick_Handler   stm32f4xx_it.o
    0x080038dc   0x080038dc   0x000000c4   Code   RO          781    i.SystemClock_Config  system_init.o
    0x080039a0   0x080039a0   0x00000064   Code   RO         1323    i.SystemInit        system_stm32f4xx.o
    0x08003a04   0x08003a04   0x00000044   Code   RO          782    i.System_Init       system_init.o
    0x08003a48   0x08003a48   0x00000010   Code   RO          338    i.TIM1_UP_TIM10_IRQHandler  stm32f4xx_it.o
    0x08003a58   0x08003a58   0x000000b0   Code   RO         2788    i.TIM_Base_SetConfig  stm32f4xx_hal_tim.o
    0x08003b08   0x08003b08   0x00000018   Code   RO         2795    i.TIM_ETR_SetConfig  stm32f4xx_hal_tim.o
    0x08003b20   0x08003b20   0x00000014   Code   RO         2796    i.TIM_ITRx_SetConfig  stm32f4xx_hal_tim.o
    0x08003b34   0x08003b34   0x0000002a   Code   RO         2802    i.TIM_TI1_ConfigInputStage  stm32f4xx_hal_tim.o
    0x08003b5e   0x08003b5e   0x0000002c   Code   RO         2804    i.TIM_TI2_ConfigInputStage  stm32f4xx_hal_tim.o
    0x08003b8a   0x08003b8a   0x00000014   Code   RO         1535    i.UART_DMAAbortOnError  stm32f4xx_hal_uart.o
    0x08003b9e   0x08003b9e   0x00000020   Code   RO         1541    i.UART_EndRxTransfer  stm32f4xx_hal_uart.o
    0x08003bbe   0x08003bbe   0x00000020   Code   RO         1542    i.UART_EndTransmit_IT  stm32f4xx_hal_uart.o
    0x08003bde   0x08003bde   0x0000009a   Code   RO         1544    i.UART_Receive_IT   stm32f4xx_hal_uart.o
    0x08003c78   0x08003c78   0x00000368   Code   RO         1545    i.UART_SetConfig    stm32f4xx_hal_uart.o
    0x08003fe0   0x08003fe0   0x00000068   Code   RO         1546    i.UART_Transmit_IT  stm32f4xx_hal_uart.o
    0x08004048   0x08004048   0x0000006c   Code   RO         1547    i.UART_WaitOnFlagUntilTimeout  stm32f4xx_hal_uart.o
    0x080040b4   0x080040b4   0x00000010   Code   RO          339    i.USART1_IRQHandler  stm32f4xx_it.o
    0x080040c4   0x080040c4   0x00000026   Code   RO         1028    i.USBH_AllocPipe    usbh_pipes.o
    0x080040ea   0x080040ea   0x0000002a   Code   RO          956    i.USBH_BulkReceiveData  usbh_ioreq.o
    0x08004114   0x08004114   0x00000034   Code   RO          957    i.USBH_BulkSendData  usbh_ioreq.o
    0x08004148   0x08004148   0x00000028   Code   RO         1202    i.USBH_CDC_ClassRequest  usbh_cdc.o
    0x08004170   0x08004170   0x00000070   Code   RO         1205    i.USBH_CDC_InterfaceDeInit  usbh_cdc.o
    0x080041e0   0x080041e0   0x000001f6   Code   RO         1206    i.USBH_CDC_InterfaceInit  usbh_cdc.o
    0x080043d6   0x080043d6   0x00000002   Code   RO         1207    i.USBH_CDC_LineCodingChanged  usbh_cdc.o
    0x080043d8   0x080043d8   0x000000c8   Code   RO         1208    i.USBH_CDC_Process  usbh_cdc.o
    0x080044a0   0x080044a0   0x0000002e   Code   RO         1209    i.USBH_CDC_Receive  usbh_cdc.o
    0x080044ce   0x080044ce   0x00000002   PAD
    0x080044d0   0x080044d0   0x00000124   Code   RO          613    i.USBH_CDC_ReceiveCallback  main.o
    0x080045f4   0x080045f4   0x00000006   Code   RO         1211    i.USBH_CDC_SOFProcess  usbh_cdc.o
    0x080045fa   0x080045fa   0x0000001c   Code   RO         1212    i.USBH_CDC_SetLineCoding  usbh_cdc.o
    0x08004616   0x08004616   0x00000030   Code   RO         1214    i.USBH_CDC_Transmit  usbh_cdc.o
    0x08004646   0x08004646   0x00000002   Code   RO         1215    i.USBH_CDC_TransmitCallback  usbh_cdc.o
    0x08004648   0x08004648   0x00000012   Code   RO         1029    i.USBH_ClosePipe    usbh_pipes.o
    0x0800465a   0x0800465a   0x00000028   Code   RO          848    i.USBH_ClrFeature   usbh_ctlreq.o
    0x08004682   0x08004682   0x0000002a   Code   RO          958    i.USBH_CtlReceiveData  usbh_ioreq.o
    0x080046ac   0x080046ac   0x00000054   Code   RO          849    i.USBH_CtlReq       usbh_ctlreq.o
    0x08004700   0x08004700   0x00000034   Code   RO          959    i.USBH_CtlSendData  usbh_ioreq.o
    0x08004734   0x08004734   0x00000026   Code   RO          960    i.USBH_CtlSendSetup  usbh_ioreq.o
    0x0800475a   0x0800475a   0x0000000c   Code   RO           10    i.USBH_Delay        usbh_conf.o
    0x08004766   0x08004766   0x00000050   Code   RO         1077    i.USBH_FindInterface  usbh_core.o
    0x080047b6   0x080047b6   0x0000001e   Code   RO         1030    i.USBH_FreePipe     usbh_pipes.o
    0x080047d4   0x080047d4   0x0000004a   Code   RO          850    i.USBH_GetDescriptor  usbh_ctlreq.o
    0x0800481e   0x0800481e   0x00000028   Code   RO         1031    i.USBH_GetFreePipe  usbh_pipes.o
    0x08004846   0x08004846   0x00000012   Code   RO          851    i.USBH_GetNextDesc  usbh_ctlreq.o
    0x08004858   0x08004858   0x0000002e   Code   RO          852    i.USBH_Get_CfgDesc  usbh_ctlreq.o
    0x08004886   0x08004886   0x0000002e   Code   RO          853    i.USBH_Get_DevDesc  usbh_ctlreq.o
    0x080048b4   0x080048b4   0x00000036   Code   RO          854    i.USBH_Get_StringDesc  usbh_ctlreq.o
    0x080048ea   0x080048ea   0x000001be   Code   RO          855    i.USBH_HandleControl  usbh_ctlreq.o
    0x08004aa8   0x08004aa8   0x0000015a   Code   RO         1080    i.USBH_HandleEnum   usbh_core.o
    0x08004c02   0x08004c02   0x0000001c   Code   RO         1081    i.USBH_HandleSof    usbh_core.o
    0x08004c1e   0x08004c1e   0x00000032   Code   RO         1082    i.USBH_Init         usbh_core.o
    0x08004c50   0x08004c50   0x00000014   Code   RO           11    i.USBH_LL_ClosePipe  usbh_conf.o
    0x08004c64   0x08004c64   0x0000002e   Code   RO         1083    i.USBH_LL_Connect   usbh_core.o
    0x08004c92   0x08004c92   0x0000003e   Code   RO         1084    i.USBH_LL_Disconnect  usbh_core.o
    0x08004cd0   0x08004cd0   0x0000001a   Code   RO           13    i.USBH_LL_DriverVBUS  usbh_conf.o
    0x08004cea   0x08004cea   0x00000012   Code   RO           14    i.USBH_LL_GetLastXferSize  usbh_conf.o
    0x08004cfc   0x08004cfc   0x00000030   Code   RO           15    i.USBH_LL_GetSpeed  usbh_conf.o
    0x08004d2c   0x08004d2c   0x00000012   Code   RO           17    i.USBH_LL_GetURBState  usbh_conf.o
    0x08004d3e   0x08004d3e   0x00000016   Code   RO         1085    i.USBH_LL_IncTimer  usbh_core.o
    0x08004d54   0x08004d54   0x00000058   Code   RO           18    i.USBH_LL_Init      usbh_conf.o
    0x08004dac   0x08004dac   0x0000002c   Code   RO           19    i.USBH_LL_OpenPipe  usbh_conf.o
    0x08004dd8   0x08004dd8   0x00000010   Code   RO           20    i.USBH_LL_ResetPort  usbh_conf.o
    0x08004de8   0x08004de8   0x00000006   Code   RO         1086    i.USBH_LL_SetTimer  usbh_core.o
    0x08004dee   0x08004dee   0x0000003a   Code   RO           21    i.USBH_LL_SetToggle  usbh_conf.o
    0x08004e28   0x08004e28   0x00000010   Code   RO           22    i.USBH_LL_Start     usbh_conf.o
    0x08004e38   0x08004e38   0x00000010   Code   RO           23    i.USBH_LL_Stop      usbh_conf.o
    0x08004e48   0x08004e48   0x0000002e   Code   RO           24    i.USBH_LL_SubmitURB  usbh_conf.o
    0x08004e76   0x08004e76   0x0000002a   Code   RO         1032    i.USBH_OpenPipe     usbh_pipes.o
    0x08004ea0   0x08004ea0   0x000000da   Code   RO          856    i.USBH_ParseCfgDesc  usbh_ctlreq.o
    0x08004f7a   0x08004f7a   0x00000058   Code   RO          857    i.USBH_ParseDevDesc  usbh_ctlreq.o
    0x08004fd2   0x08004fd2   0x00000020   Code   RO          858    i.USBH_ParseEPDesc  usbh_ctlreq.o
    0x08004ff2   0x08004ff2   0x00000026   Code   RO          859    i.USBH_ParseInterfaceDesc  usbh_ctlreq.o
    0x08005018   0x08005018   0x00000036   Code   RO          860    i.USBH_ParseStringDesc  usbh_ctlreq.o
    0x0800504e   0x0800504e   0x000001ac   Code   RO         1087    i.USBH_Process      usbh_core.o
    0x080051fa   0x080051fa   0x0000002a   Code   RO         1089    i.USBH_RegisterClass  usbh_core.o
    0x08005224   0x08005224   0x00000016   Code   RO         1090    i.USBH_SelectInterface  usbh_core.o
    0x0800523a   0x0800523a   0x00000028   Code   RO          861    i.USBH_SetAddress   usbh_ctlreq.o
    0x08005262   0x08005262   0x00000028   Code   RO          862    i.USBH_SetCfg       usbh_ctlreq.o
    0x0800528a   0x0800528a   0x00000016   Code   RO         1091    i.USBH_Start        usbh_core.o
    0x080052a0   0x080052a0   0x00000038   Code   RO          566    i.USBH_UserProcess  usb_host.o
    0x080052d8   0x080052d8   0x00000068   Code   RO         3604    i.USB_CoreInit      stm32f4xx_ll_usb.o
    0x08005340   0x08005340   0x0000004c   Code   RO         3605    i.USB_CoreReset     stm32f4xx_ll_usb.o
    0x0800538c   0x0800538c   0x0000000e   Code   RO         3611    i.USB_DisableGlobalInt  stm32f4xx_ll_usb.o
    0x0800539a   0x0800539a   0x00000002   PAD
    0x0800539c   0x0800539c   0x00000040   Code   RO         3612    i.USB_DoPing        stm32f4xx_ll_usb.o
    0x080053dc   0x080053dc   0x00000044   Code   RO         3613    i.USB_DriveVbus     stm32f4xx_ll_usb.o
    0x08005420   0x08005420   0x0000000e   Code   RO         3619    i.USB_EnableGlobalInt  stm32f4xx_ll_usb.o
    0x0800542e   0x0800542e   0x00000002   PAD
    0x08005430   0x08005430   0x0000002c   Code   RO         3620    i.USB_FlushRxFifo   stm32f4xx_ll_usb.o
    0x0800545c   0x0800545c   0x00000030   Code   RO         3621    i.USB_FlushTxFifo   stm32f4xx_ll_usb.o
    0x0800548c   0x0800548c   0x0000000c   Code   RO         3622    i.USB_GetCurrentFrame  stm32f4xx_ll_usb.o
    0x08005498   0x08005498   0x00000012   Code   RO         3624    i.USB_GetHostSpeed  stm32f4xx_ll_usb.o
    0x080054aa   0x080054aa   0x0000000a   Code   RO         3625    i.USB_GetMode       stm32f4xx_ll_usb.o
    0x080054b4   0x080054b4   0x00000148   Code   RO         3626    i.USB_HC_Halt       stm32f4xx_ll_usb.o
    0x080055fc   0x080055fc   0x00000188   Code   RO         3627    i.USB_HC_Init       stm32f4xx_ll_usb.o
    0x08005784   0x08005784   0x0000000c   Code   RO         3628    i.USB_HC_ReadInterrupt  stm32f4xx_ll_usb.o
    0x08005790   0x08005790   0x00000188   Code   RO         3629    i.USB_HC_StartXfer  stm32f4xx_ll_usb.o
    0x08005918   0x08005918   0x000001d0   Code   RO          614    i.USB_HOST_Task     main.o
    0x08005ae8   0x08005ae8   0x000000ec   Code   RO         3630    i.USB_HostInit      stm32f4xx_ll_usb.o
    0x08005bd4   0x08005bd4   0x0000003e   Code   RO         3631    i.USB_InitFSLSPClkSel  stm32f4xx_ll_usb.o
    0x08005c12   0x08005c12   0x00000002   PAD
    0x08005c14   0x08005c14   0x00000078   Code   RO          615    i.USB_RT_Process    main.o
    0x08005c8c   0x08005c8c   0x0000000c   Code   RO         3636    i.USB_ReadInterrupts  stm32f4xx_ll_usb.o
    0x08005c98   0x08005c98   0x00000022   Code   RO         3637    i.USB_ReadPacket    stm32f4xx_ll_usb.o
    0x08005cba   0x08005cba   0x00000030   Code   RO         3638    i.USB_ResetPort     stm32f4xx_ll_usb.o
    0x08005cea   0x08005cea   0x00000030   Code   RO         3639    i.USB_SetCurrentMode  stm32f4xx_ll_usb.o
    0x08005d1a   0x08005d1a   0x000000ae   Code   RO         3643    i.USB_StopHost      stm32f4xx_ll_usb.o
    0x08005dc8   0x08005dc8   0x00000030   Code   RO         3644    i.USB_WritePacket   stm32f4xx_ll_usb.o
    0x08005df8   0x08005df8   0x00000080   Code   RO          616    i.UartPCTask        main.o
    0x08005e78   0x08005e78   0x00000004   Code   RO          340    i.UsageFault_Handler  stm32f4xx_it.o
    0x08005e7c   0x08005e7c   0x00000010   Code   RO          783    i.WatchDog_Feed     system_init.o
    0x08005e8c   0x08005e8c   0x00000020   Code   RO          784    i.WatchDog_Init     system_init.o
    0x08005eac   0x08005eac   0x000000a4   Code   RO          617    i.main              main.o
    0x08005f50   0x08005f50   0x00000044   Code   RO          690    i.uart_queen_read   usart_execute.o
    0x08005f94   0x08005f94   0x00000218   Code   RO          691    i.usart_state_machine  usart_execute.o
    0x080061ac   0x080061ac   0x0000000a   Code   RO         4265    x$fpl$fpinit        fz_wm.l(fpinit.o)
    0x080061b6   0x080061b6   0x00000010   Data   RO          619    .constdata          main.o
    0x080061c6   0x080061c6   0x00000010   Data   RO         2061    .constdata          stm32f4xx_hal_rcc.o
    0x080061d6   0x080061d6   0x00000002   PAD
    0x080061d8   0x080061d8   0x00000004   Data   RO         1216    .conststring        usbh_cdc.o
    0x080061dc   0x080061dc   0x00000020   Data   RO         4350    Region$$Table       anon$$obj.o


    Execution Region RW_IRAM1 (Exec base: 0x20000000, Load base: 0x080061fc, Size: 0x00001070, Max: 0x00010000, ABSOLUTE)

    Exec Addr    Load Addr    Size         Type   Attr      Idx    E Section Name        Object

    0x20000000   0x080061fc   0x00000034   Data   RW          341    .data               stm32f4xx_it.o
    0x20000034   0x08006230   0x00000001   Data   RW          568    .data               usb_host.o
    0x20000035   0x08006231   0x00000003   PAD
    0x20000038   0x08006234   0x00000047   Data   RW          620    .data               main.o
    0x2000007f   0x0800627b   0x00000001   PAD
    0x20000080   0x0800627c   0x00000015   Data   RW          693    .data               usart_execute.o
    0x20000095   0x08006291   0x00000003   PAD
    0x20000098   0x08006294   0x00000014   Data   RW          741    .data               flash_execute.o
    0x200000ac   0x080062a8   0x00000024   Data   RW         1217    .data               usbh_cdc.o
    0x200000d0   0x080062cc   0x00000004   Data   RW         1325    .data               system_stm32f4xx.o
    0x200000d4   0x080062d0   0x00000004   Data   RW         1380    .data               stm32f4xx_hal.o
    0x200000d8        -       0x00000298   Zero   RW           25    .bss                usbh_conf.o
    0x20000370        -       0x000003c8   Zero   RW          567    .bss                usb_host.o
    0x20000738        -       0x00000165   Zero   RW          618    .bss                main.o
    0x2000089d        -       0x000000f0   Zero   RW          692    .bss                usart_execute.o
    0x2000098d   0x080062d4   0x00000003   PAD
    0x20000990        -       0x00000014   Zero   RW          740    .bss                flash_execute.o
    0x200009a4        -       0x00000048   Zero   RW          785    .bss                system_init.o
    0x200009ec        -       0x00000020   Zero   RW         3499    .bss                stm32f4xx_hal_flash.o
    0x20000a0c        -       0x00000060   Zero   RW         4231    .bss                c_w.l(libspace.o)
    0x20000a6c   0x080062d4   0x00000004   PAD
    0x20000a70        -       0x00000200   Zero   RW          839    HEAP                startup_stm32f401xc.o
    0x20000c70        -       0x00000400   Zero   RW          838    STACK               startup_stm32f401xc.o


==============================================================================

Image component sizes


      Code (inc. data)   RO Data    RW Data    ZI Data      Debug   Object Name

       342         48          0         20         20       2491   flash_execute.o
      1820        200         16         71        357       7104   main.o
        64         26        404          0       1536        896   startup_stm32f401xc.o
       154         20          0          4          0       5051   stm32f4xx_hal.o
       416         30          0          0          0      34584   stm32f4xx_hal_cortex.o
        40          0          0          0          0       1379   stm32f4xx_hal_dma.o
       668         60          0          0         32       7206   stm32f4xx_hal_flash.o
       444         26          0          0          0       3874   stm32f4xx_hal_flash_ex.o
       488         32          0          0          0       3473   stm32f4xx_hal_gpio.o
      4482          4          0          0          0      15153   stm32f4xx_hal_hcd.o
       266         22          0          0          0       2612   stm32f4xx_hal_msp.o
      1668         70         16          0          0       6659   stm32f4xx_hal_rcc.o
      1110         28          0          0          0      11819   stm32f4xx_hal_tim.o
       102          0          0          0          0       2818   stm32f4xx_hal_tim_ex.o
      2086         14          0          0          0      11607   stm32f4xx_hal_uart.o
       336         98          0         52          0     231924   stm32f4xx_it.o
      2258         52          0          0          0      19927   stm32f4xx_ll_usb.o
       824         78          0          0         72       5125   system_init.o
       100         18          0          4          0       1701   system_stm32f4xx.o
       672         70          0         21        240       3484   usart_execute.o
       112         24          0          1        968       3390   usb_host.o
      1350          6          4         36          0      16870   usbh_cdc.o
       594         14          0          0        664     249668   usbh_conf.o
      1236         22          0          0          0      11614   usbh_core.o
      1318         12          0          0          0      13976   usbh_ctlreq.o
       226          0          0          0          0       5224   usbh_ioreq.o
       168          0          0          0          0       4742   usbh_pipes.o

    ----------------------------------------------------------------------
     23368        974        474        216       3892     684371   Object Totals
         0          0         32          0          0          0   (incl. Generated)
        24          0          2          7          3          0   (incl. Padding)

    ----------------------------------------------------------------------

      Code (inc. data)   RO Data    RW Data    ZI Data      Debug   Library Member Name

         8          0          0          0          0         68   __main.o
         0          0          0          0          0          0   __rtentry.o
        12          0          0          0          0          0   __rtentry2.o
         6          0          0          0          0          0   __rtentry4.o
        52          8          0          0          0          0   __scatter.o
        26          0          0          0          0          0   __scatter_copy.o
        28          0          0          0          0          0   __scatter_zi.o
        10          0          0          0          0         68   defsig_exit.o
        50          0          0          0          0         88   defsig_general.o
        80         58          0          0          0         76   defsig_rtmem_inner.o
        14          0          0          0          0         80   defsig_rtmem_outer.o
        18          0          0          0          0         80   exit.o
        94          0          0          0          0         80   h1_alloc.o
        52          0          0          0          0         68   h1_extend.o
        78          0          0          0          0         80   h1_free.o
        14          0          0          0          0         84   h1_init.o
         6          0          0          0          0        152   heapauxi.o
         4          0          0          0          0        136   hguard.o
         0          0          0          0          0          0   indicate_semi.o
       138          0          0          0          0        168   init_alloc.o
         2          0          0          0          0          0   libinit.o
        14          0          0          0          0          0   libinit2.o
         2          0          0          0          0          0   libshutdown.o
         2          0          0          0          0          0   libshutdown2.o
         8          4          0          0         96         68   libspace.o
         0          0          0          0          0          0   maybetermalloc1.o
         8          4          0          0          0         68   rt_heap_descriptor_intlibspace.o
        68          0          0          0          0         68   rt_memclr.o
        78          0          0          0          0         80   rt_memclr_w.o
       138          0          0          0          0         68   rt_memcpy_v6.o
       100          0          0          0          0         80   rt_memcpy_w.o
         2          0          0          0          0          0   rtexit.o
        10          0          0          0          0          0   rtexit2.o
        12          4          0          0          0         68   sys_exit.o
        74          0          0          0          0         80   sys_stackheap_outer.o
        14          0          0          0          0         76   sys_wrch.o
         2          0          0          0          0         68   use_no_semi.o
        10          0          0          0          0        116   fpinit.o

    ----------------------------------------------------------------------
      1242         78          0          0        100       2068   Library Totals
         8          0          0          0          4          0   (incl. Padding)

    ----------------------------------------------------------------------

      Code (inc. data)   RO Data    RW Data    ZI Data      Debug   Library Name

      1224         78          0          0         96       1952   c_w.l
        10          0          0          0          0        116   fz_wm.l

    ----------------------------------------------------------------------
      1242         78          0          0        100       2068   Library Totals

    ----------------------------------------------------------------------

==============================================================================


      Code (inc. data)   RO Data    RW Data    ZI Data      Debug   

     24610       1052        474        216       3992     664499   Grand Totals
     24610       1052        474        216       3992     664499   ELF Image Totals
     24610       1052        474        216          0          0   ROM Totals

==============================================================================

    Total RO  Size (Code + RO Data)                25084 (  24.50kB)
    Total RW  Size (RW Data + ZI Data)              4208 (   4.11kB)
    Total ROM Size (Code + RO Data + RW Data)      25300 (  24.71kB)

==============================================================================

