Component: ARM Compiler 5.05 update 1 (build 106) Tool: armlink [4d0efa]

==============================================================================

Section Cross References

    usbh_conf.o(i.HAL_HCD_Connect_Callback) refers to usbh_core.o(i.USBH_LL_Connect) for USBH_LL_Connect
    usbh_conf.o(i.HAL_HCD_Disconnect_Callback) refers to usbh_core.o(i.USBH_LL_Disconnect) for USBH_LL_Disconnect
    usbh_conf.o(i.HAL_HCD_MspDeInit) refers to stm32f4xx_hal_gpio.o(i.HAL_GPIO_DeInit) for HAL_GPIO_DeInit
    usbh_conf.o(i.HAL_HCD_MspDeInit) refers to stm32f4xx_hal_cortex.o(i.HAL_NVIC_DisableIRQ) for HAL_NVIC_DisableIRQ
    usbh_conf.o(i.HAL_HCD_MspInit) refers to stm32f4xx_hal_gpio.o(i.HAL_GPIO_Init) for HAL_GPIO_Init
    usbh_conf.o(i.HAL_HCD_MspInit) refers to stm32f4xx_hal_cortex.o(i.HAL_NVIC_SetPriority) for HAL_NVIC_SetPriority
    usbh_conf.o(i.HAL_HCD_MspInit) refers to stm32f4xx_hal_cortex.o(i.HAL_NVIC_EnableIRQ) for HAL_NVIC_EnableIRQ
    usbh_conf.o(i.HAL_HCD_SOF_Callback) refers to usbh_core.o(i.USBH_LL_IncTimer) for USBH_LL_IncTimer
    usbh_conf.o(i.USBH_Delay) refers to stm32f4xx_hal.o(i.HAL_Delay) for HAL_Delay
    usbh_conf.o(i.USBH_LL_ClosePipe) refers to stm32f4xx_hal_hcd.o(i.HAL_HCD_HC_Halt) for HAL_HCD_HC_Halt
    usbh_conf.o(i.USBH_LL_DeInit) refers to stm32f4xx_hal_hcd.o(i.HAL_HCD_DeInit) for HAL_HCD_DeInit
    usbh_conf.o(i.USBH_LL_DriverVBUS) refers to stm32f4xx_hal.o(i.HAL_Delay) for HAL_Delay
    usbh_conf.o(i.USBH_LL_GetLastXferSize) refers to stm32f4xx_hal_hcd.o(i.HAL_HCD_HC_GetXferCount) for HAL_HCD_HC_GetXferCount
    usbh_conf.o(i.USBH_LL_GetSpeed) refers to stm32f4xx_hal_hcd.o(i.HAL_HCD_GetCurrentSpeed) for HAL_HCD_GetCurrentSpeed
    usbh_conf.o(i.USBH_LL_GetURBState) refers to stm32f4xx_hal_hcd.o(i.HAL_HCD_HC_GetURBState) for HAL_HCD_HC_GetURBState
    usbh_conf.o(i.USBH_LL_Init) refers to stm32f4xx_hal_hcd.o(i.HAL_HCD_Init) for HAL_HCD_Init
    usbh_conf.o(i.USBH_LL_Init) refers to main.o(i.Error_Handler) for Error_Handler
    usbh_conf.o(i.USBH_LL_Init) refers to stm32f4xx_hal_hcd.o(i.HAL_HCD_GetCurrentFrame) for HAL_HCD_GetCurrentFrame
    usbh_conf.o(i.USBH_LL_Init) refers to usbh_core.o(i.USBH_LL_SetTimer) for USBH_LL_SetTimer
    usbh_conf.o(i.USBH_LL_Init) refers to usbh_conf.o(.bss) for hhcd_USB_OTG_FS
    usbh_conf.o(i.USBH_LL_OpenPipe) refers to stm32f4xx_hal_hcd.o(i.HAL_HCD_HC_Init) for HAL_HCD_HC_Init
    usbh_conf.o(i.USBH_LL_ResetPort) refers to stm32f4xx_hal_hcd.o(i.HAL_HCD_ResetPort) for HAL_HCD_ResetPort
    usbh_conf.o(i.USBH_LL_Start) refers to stm32f4xx_hal_hcd.o(i.HAL_HCD_Start) for HAL_HCD_Start
    usbh_conf.o(i.USBH_LL_Stop) refers to stm32f4xx_hal_hcd.o(i.HAL_HCD_Stop) for HAL_HCD_Stop
    usbh_conf.o(i.USBH_LL_SubmitURB) refers to stm32f4xx_hal_hcd.o(i.HAL_HCD_HC_SubmitRequest) for HAL_HCD_HC_SubmitRequest
    stm32f4xx_hal_msp.o(i.HAL_MspInit) refers to stm32f4xx_hal_cortex.o(i.HAL_NVIC_SetPriorityGrouping) for HAL_NVIC_SetPriorityGrouping
    stm32f4xx_hal_msp.o(i.HAL_MspInit) refers to stm32f4xx_hal_cortex.o(i.HAL_NVIC_SetPriority) for HAL_NVIC_SetPriority
    stm32f4xx_hal_msp.o(i.HAL_TIM_Base_MspDeInit) refers to stm32f4xx_hal_cortex.o(i.HAL_NVIC_DisableIRQ) for HAL_NVIC_DisableIRQ
    stm32f4xx_hal_msp.o(i.HAL_TIM_Base_MspInit) refers to stm32f4xx_hal_cortex.o(i.HAL_NVIC_SetPriority) for HAL_NVIC_SetPriority
    stm32f4xx_hal_msp.o(i.HAL_TIM_Base_MspInit) refers to stm32f4xx_hal_cortex.o(i.HAL_NVIC_EnableIRQ) for HAL_NVIC_EnableIRQ
    stm32f4xx_hal_msp.o(i.HAL_UART_MspDeInit) refers to stm32f4xx_hal_gpio.o(i.HAL_GPIO_DeInit) for HAL_GPIO_DeInit
    stm32f4xx_hal_msp.o(i.HAL_UART_MspDeInit) refers to stm32f4xx_hal_cortex.o(i.HAL_NVIC_DisableIRQ) for HAL_NVIC_DisableIRQ
    stm32f4xx_hal_msp.o(i.HAL_UART_MspInit) refers to stm32f4xx_hal_gpio.o(i.HAL_GPIO_Init) for HAL_GPIO_Init
    stm32f4xx_hal_msp.o(i.HAL_UART_MspInit) refers to stm32f4xx_hal_cortex.o(i.HAL_NVIC_SetPriority) for HAL_NVIC_SetPriority
    stm32f4xx_hal_msp.o(i.HAL_UART_MspInit) refers to stm32f4xx_hal_cortex.o(i.HAL_NVIC_EnableIRQ) for HAL_NVIC_EnableIRQ
    stm32f4xx_it.o(i.OTG_FS_IRQHandler) refers to stm32f4xx_hal_hcd.o(i.HAL_HCD_IRQHandler) for HAL_HCD_IRQHandler
    stm32f4xx_it.o(i.OTG_FS_IRQHandler) refers to usbh_conf.o(.bss) for hhcd_USB_OTG_FS
    stm32f4xx_it.o(i.SysTick_Handler) refers to stm32f4xx_hal.o(i.HAL_IncTick) for HAL_IncTick
    stm32f4xx_it.o(i.SysTick_Handler) refers to stm32f4xx_hal_cortex.o(i.HAL_SYSTICK_IRQHandler) for HAL_SYSTICK_IRQHandler
    stm32f4xx_it.o(i.SysTick_Handler) refers to stm32f4xx_it.o(.data) for systickCnt1
    stm32f4xx_it.o(i.TIM1_UP_TIM10_IRQHandler) refers to stm32f4xx_hal_tim.o(i.HAL_TIM_IRQHandler) for HAL_TIM_IRQHandler
    stm32f4xx_it.o(i.TIM1_UP_TIM10_IRQHandler) refers to system_init.o(.bss) for htim1
    stm32f4xx_it.o(i.USART1_IRQHandler) refers to stm32f4xx_hal_uart.o(i.HAL_UART_IRQHandler) for HAL_UART_IRQHandler
    stm32f4xx_it.o(i.USART1_IRQHandler) refers to main.o(.bss) for huart1
[...]
    i.USBH_LL_GetURBState                    0x08004ea4   Section        0  usbh_conf.o(i.USBH_LL_GetURBState)
    i.USBH_LL_IncTimer                       0x08004eb6   Section        0  usbh_core.o(i.USBH_LL_IncTimer)
    i.USBH_LL_Init                           0x08004ecc   Section        0  usbh_conf.o(i.USBH_LL_Init)
    i.USBH_LL_OpenPipe                       0x08004f24   Section        0  usbh_conf.o(i.USBH_LL_OpenPipe)
    i.USBH_LL_ResetPort                      0x08004f50   Section        0  usbh_conf.o(i.USBH_LL_ResetPort)
    i.USBH_LL_SetTimer                       0x08004f60   Section        0  usbh_core.o(i.USBH_LL_SetTimer)
    i.USBH_LL_SetToggle                      0x08004f66   Section        0  usbh_conf.o(i.USBH_LL_SetToggle)
    i.USBH_LL_Start                          0x08004fa0   Section        0  usbh_conf.o(i.USBH_LL_Start)
    i.USBH_LL_Stop                           0x08004fb0   Section        0  usbh_conf.o(i.USBH_LL_Stop)
    i.USBH_LL_SubmitURB                      0x08004fc0   Section        0  usbh_conf.o(i.USBH_LL_SubmitURB)
    i.USBH_OpenPipe                          0x08004fee   Section        0  usbh_pipes.o(i.USBH_OpenPipe)
    i.USBH_ParseCfgDesc                      0x08005018   Section        0  usbh_ctlreq.o(i.USBH_ParseCfgDesc)
    USBH_ParseCfgDesc                        0x08005019   Thumb Code   218  usbh_ctlreq.o(i.USBH_ParseCfgDesc)
    i.USBH_ParseDevDesc                      0x080050f2   Section        0  usbh_ctlreq.o(i.USBH_ParseDevDesc)
    USBH_ParseDevDesc                        0x080050f3   Thumb Code    88  usbh_ctlreq.o(i.USBH_ParseDevDesc)
    i.USBH_ParseEPDesc                       0x0800514a   Section        0  usbh_ctlreq.o(i.USBH_ParseEPDesc)
    USBH_ParseEPDesc                         0x0800514b   Thumb Code    32  usbh_ctlreq.o(i.USBH_ParseEPDesc)
    i.USBH_ParseInterfaceDesc                0x0800516a   Section        0  usbh_ctlreq.o(i.USBH_ParseInterfaceDesc)
    USBH_ParseInterfaceDesc                  0x0800516b   Thumb Code    38  usbh_ctlreq.o(i.USBH_ParseInterfaceDesc)
    i.USBH_ParseStringDesc                   0x08005190   Section        0  usbh_ctlreq.o(i.USBH_ParseStringDesc)
    USBH_ParseStringDesc                     0x08005191   Thumb Code    54  usbh_ctlreq.o(i.USBH_ParseStringDesc)
    i.USBH_Process                           0x080051c6   Section        0  usbh_core.o(i.USBH_Process)
    i.USBH_RegisterClass                     0x08005372   Section        0  usbh_core.o(i.USBH_RegisterClass)
    i.USBH_SelectInterface                   0x0800539c   Section        0  usbh_core.o(i.USBH_SelectInterface)
    i.USBH_SetAddress                        0x080053b2   Section        0  usbh_ctlreq.o(i.USBH_SetAddress)
    i.USBH_SetCfg                            0x080053da   Section        0  usbh_ctlreq.o(i.USBH_SetCfg)
    i.USBH_Start                             0x08005402   Section        0  usbh_core.o(i.USBH_Start)
    i.USBH_UserProcess                       0x08005418   Section        0  usb_host.o(i.USBH_UserProcess)
    USBH_UserProcess                         0x08005419   Thumb Code    50  usb_host.o(i.USBH_UserProcess)
    i.USB_CoreInit                           0x08005450   Section        0  stm32f4xx_ll_usb.o(i.USB_CoreInit)
    i.USB_CoreReset                          0x080054b8   Section        0  stm32f4xx_ll_usb.o(i.USB_CoreReset)
    USB_CoreReset                            0x080054b9   Thumb Code    70  stm32f4xx_ll_usb.o(i.USB_CoreReset)
    i.USB_DisableGlobalInt                   0x08005504   Section        0  stm32f4xx_ll_usb.o(i.USB_DisableGlobalInt)
    i.USB_DoPing                             0x08005514   Section        0  stm32f4xx_ll_usb.o(i.USB_DoPing)
    i.USB_DriveVbus                          0x08005554   Section        0  stm32f4xx_ll_usb.o(i.USB_DriveVbus)
    i.USB_EnableGlobalInt                    0x08005598   Section        0  stm32f4xx_ll_usb.o(i.USB_EnableGlobalInt)
    i.USB_FlushRxFifo                        0x080055a8   Section        0  stm32f4xx_ll_usb.o(i.USB_FlushRxFifo)
    i.USB_FlushTxFifo                        0x080055d4   Section        0  stm32f4xx_ll_usb.o(i.USB_FlushTxFifo)
    i.USB_GetCurrentFrame                    0x08005604   Section        0  stm32f4xx_ll_usb.o(i.USB_GetCurrentFrame)
    i.USB_GetHostSpeed                       0x08005610   Section        0  stm32f4xx_ll_usb.o(i.USB_GetHostSpeed)
    i.USB_GetMode                            0x08005622   Section        0  stm32f4xx_ll_usb.o(i.USB_GetMode)
    i.USB_HC_Halt                            0x0800562c   Section        0  stm32f4xx_ll_usb.o(i.USB_HC_Halt)
    i.USB_HC_Init                            0x08005774   Section        0  stm32f4xx_ll_usb.o(i.USB_HC_Init)
    i.USB_HC_ReadInterrupt                   0x080058fc   Section        0  stm32f4xx_ll_usb.o(i.USB_HC_ReadInterrupt)
    i.USB_HC_StartXfer                       0x08005908   Section        0  stm32f4xx_ll_usb.o(i.USB_HC_StartXfer)
    i.USB_HOST_Task                          0x08005a90   Section        0  main.o(i.USB_HOST_Task)
    i.USB_HostInit                           0x08005d64   Section        0  stm32f4xx_ll_usb.o(i.USB_HostInit)
    i.USB_InitFSLSPClkSel                    0x08005e50   Section        0  stm32f4xx_ll_usb.o(i.USB_InitFSLSPClkSel)
    i.USB_RT_Process                         0x08005e90   Section        0  main.o(i.USB_RT_Process)
    i.USB_ReadInterrupts                     0x08005f14   Section        0  stm32f4xx_ll_usb.o(i.USB_ReadInterrupts)
    i.USB_ReadPacket                         0x08005f20   Section        0  stm32f4xx_ll_usb.o(i.USB_ReadPacket)
    i.USB_ResetPort                          0x08005f42   Section        0  stm32f4xx_ll_usb.o(i.USB_ResetPort)
    i.USB_SetCurrentMode                     0x08005f72   Section        0  stm32f4xx_ll_usb.o(i.USB_SetCurrentMode)
    i.USB_StopHost                           0x08005fa2   Section        0  stm32f4xx_ll_usb.o(i.USB_StopHost)
    i.USB_WritePacket                        0x08006050   Section        0  stm32f4xx_ll_usb.o(i.USB_WritePacket)
    i.UartPCTask                             0x08006080   Section        0  main.o(i.UartPCTask)
    i.UsageFault_Handler                     0x08006100   Section        0  stm32f4xx_it.o(i.UsageFault_Handler)
    i.WatchDog_Feed                          0x08006104   Section        0  system_init.o(i.WatchDog_Feed)
    i.WatchDog_Init                          0x08006114   Section        0  system_init.o(i.WatchDog_Init)
    i.main                                   0x08006134   Section        0  main.o(i.main)
    i.uart_queen_read                        0x080061d8   Section        0  usart_execute.o(i.uart_queen_read)
    i.usart_state_machine                    0x0800621c   Section        0  usart_execute.o(i.usart_state_machine)
    x$fpl$fpinit                             0x08006434   Section       10  fpinit.o(x$fpl$fpinit)
    $v0                                      0x08006434   Number         0  fpinit.o(x$fpl$fpinit)
    .constdata                               0x0800643e   Section       14  main.o(.constdata)
    .constdata                               0x0800644c   Section       16  stm32f4xx_hal_rcc.o(.constdata)
    .conststring                             0x0800645c   Section        4  usbh_cdc.o(.conststring)
    .data                                    0x20000000   Section       52  stm32f4xx_it.o(.data)
    systickCnt1                              0x20000028   Data           4  stm32f4xx_it.o(.data)
    systickCnt2                              0x2000002c   Data           4  stm32f4xx_it.o(.data)
    systickCnt3                              0x20000030   Data           4  stm32f4xx_it.o(.data)
    .data                                    0x20000034   Section        1  usb_host.o(.data)
    .data                                    0x20000038   Section       71  main.o(.data)
    restart_system_cnt                       0x20000078   Data           4  main.o(.data)
    SendCnt                                  0x2000007c   Data           1  main.o(.data)
    checksum_2                               0x2000007d   Data           1  main.o(.data)
    i_2                                      0x2000007e   Data           1  main.o(.data)
    .data                                    0x20000080   Section       21  usart_execute.o(.data)
    length                                   0x2000008a   Data           1  usart_execute.o(.data)
    recv_cs                                  0x2000008b   Data           1  usart_execute.o(.data)
    recv_data_cnt                            0x2000008c   Data           1  usart_execute.o(.data)
    temp                                     0x20000090   Data           4  usart_execute.o(.data)
    Uart_Cnt                                 0x20000094   Data           1  usart_execute.o(.data)
    .data                                    0x20000098   Section       20  flash_execute.o(.data)
    .data                                    0x200000ac   Section       36  usbh_cdc.o(.data)
    .data                                    0x200000d0   Section        4  system_stm32f4xx.o(.data)
    .data                                    0x200000d4   Section        4  stm32f4xx_hal.o(.data)
    .bss                                     0x200000d8   Section      664  usbh_conf.o(.bss)
    .bss                                     0x20000370   Section      968  usb_host.o(.bss)
    .bss                                     0x20000738   Section      345  main.o(.bss)
    .bss                                     0x20000891   Section      240  usart_execute.o(.bss)
    recv_buffer                              0x20000959   Data          30  usart_execute.o(.bss)
    a                                        0x20000977   Data          10  usart_execute.o(.bss)
    .bss                                     0x20000984   Section       72  system_init.o(.bss)
    .bss                                     0x200009cc   Section       20  flash_execute.o(.bss)
    EraseInitStruct                          0x200009cc   Data          20  flash_execute.o(.bss)
    .bss                                     0x200009e0   Section       32  stm32f4xx_hal_flash.o(.bss)
    .bss                                     0x20000a00   Section       96  libspace.o(.bss)
    HEAP                                     0x20000a60   Section      512  startup_stm32f401xc.o(HEAP)
    Heap_Mem                                 0x20000a60   Data         512  startup_stm32f401xc.o(HEAP)
    STACK                                    0x20000c60   Section     1024  startup_stm32f401xc.o(STACK)
    Stack_Mem                                0x20000c60   Data        1024  startup_stm32f401xc.o(STACK)
    __initial_sp                             0x20001060   Data           0  startup_stm32f401xc.o(STACK)

    Global Symbols

    Symbol Name                              Value     Ov Type        Size  Object(Section)

    BuildAttributes$$THM_ISAv4$E$P$D$K$B$S$7EM$VFPi3$EXTD16$VFPS$VFMA$PE$A:L22UL41UL21$X:L11$S22US41US21$IEEE1$IW$USESV6$~STKCKD$USESV7$~SHL$OTIME$ROPI$EBA8$UX$STANDARDLIB$REQ8$PRES8$EABIv2 0x00000000   Number         0  anon$$obj.o ABSOLUTE
    __ARM_use_no_argv                        0x00000000   Number         0  main.o ABSOLUTE
    __ARM_exceptions_init                     - Undefined Weak Reference
    __alloca_initialize                       - Undefined Weak Reference
    __arm_preinit_                            - Undefined Weak Reference
    __cpp_initialize__aeabi_                  - Undefined Weak Reference
    __cxa_finalize                            - Undefined Weak Reference
    __rt_locale                               - Undefined Weak Reference
    __sigvec_lookup                           - Undefined Weak Reference
    __user_heap_extent                        - Undefined Weak Reference
    _atexit_init                              - Undefined Weak Reference
    _call_atexit_fns                          - Undefined Weak Reference
    _clock_init                               - Undefined Weak Reference
    _fp_trap_init                             - Undefined Weak Reference
    _fp_trap_shutdown                         - Undefined Weak Reference
    _get_lc_collate                           - Undefined Weak Reference
    _get_lc_ctype                             - Undefined Weak Reference
    _get_lc_monetary                          - Undefined Weak Reference
    _get_lc_numeric                           - Undefined Weak Reference
    _get_lc_time                              - Undefined Weak Reference
    _getenv_init                              - Undefined Weak Reference
    _handle_redirection                       - Undefined Weak Reference
    _initio                                   - Undefined Weak Reference
    _mutex_acquire                            - Undefined Weak Reference
    _mutex_free                               - Undefined Weak Reference
    _mutex_release                            - Undefined Weak Reference
    _rand_init                                - Undefined Weak Reference
    _signal_finish                            - Undefined Weak Reference
    _signal_init                              - Undefined Weak Reference
    _terminateio                              - Undefined Weak Reference
    __Vectors_Size                           0x00000194   Number         0  startup_stm32f401xc.o ABSOLUTE
    __Vectors                                0x08000000   Data           4  startup_stm32f401xc.o(RESET)
    __Vectors_End                            0x08000194   Data           0  startup_stm32f401xc.o(RESET)
    __main                                   0x08000195   Thumb Code     8  __main.o(!!!main)
    __scatterload                            0x0800019d   Thumb Code     0  __scatter.o(!!!scatter)
    __scatterload_rt2                        0x0800019d   Thumb Code    44  __scatter.o(!!!scatter)
    __scatterload_rt2_thumb_only             0x0800019d   Thumb Code     0  __scatter.o(!!!scatter)
    __scatterload_null                       0x080001ab   Thumb Code     0  __scatter.o(!!!scatter)
    __scatterload_copy                       0x080001d1   Thumb Code    26  __scatter_copy.o(!!handler_copy)
    __scatterload_zeroinit                   0x080001ed   Thumb Code    28  __scatter_zi.o(!!handler_zi)
    __rt_lib_init                            0x08000209   Thumb Code     0  libinit.o(.ARM.Collect$$libinit$$00000000)
    __rt_lib_init_fp_1                       0x0800020b   Thumb Code     0  libinit2.o(.ARM.Collect$$libinit$$00000001)
    __rt_lib_init_heap_2                     0x0800020f   Thumb Code     0  libinit2.o(.ARM.Collect$$libinit$$00000005)
    __rt_lib_init_preinit_1                  0x0800020f   Thumb Code     0  libinit2.o(.ARM.Collect$$libinit$$00000004)
    __rt_lib_init_alloca_1                   0x08000217   Thumb Code     0  libinit2.o(.ARM.Collect$$libinit$$0000002E)
    __rt_lib_init_argv_1                     0x08000217   Thumb Code     0  libinit2.o(.ARM.Collect$$libinit$$0000002C)
    __rt_lib_init_atexit_1                   0x08000217   Thumb Code     0  libinit2.o(.ARM.Collect$$libinit$$0000001B)
    __rt_lib_init_clock_1                    0x08000217   Thumb Code     0  libinit2.o(.ARM.Collect$$libinit$$00000021)
    __rt_lib_init_cpp_1                      0x08000217   Thumb Code     0  libinit2.o(.ARM.Collect$$libinit$$00000032)
    __rt_lib_init_exceptions_1               0x08000217   Thumb Code     0  libinit2.o(.ARM.Collect$$libinit$$00000030)
    __rt_lib_init_fp_trap_1                  0x08000217   Thumb Code     0  libinit2.o(.ARM.Collect$$libinit$$0000001F)
    __rt_lib_init_getenv_1                   0x08000217   Thumb Code     0  libinit2.o(.ARM.Collect$$libinit$$00000023)
    __rt_lib_init_heap_1                     0x08000217   Thumb Code     0  libinit2.o(.ARM.Collect$$libinit$$0000000A)
    __rt_lib_init_lc_collate_1               0x08000217   Thumb Code     0  libinit2.o(.ARM.Collect$$libinit$$00000011)
    __rt_lib_init_lc_ctype_1                 0x08000217   Thumb Code     0  libinit2.o(.ARM.Collect$$libinit$$00000013)
    __rt_lib_init_lc_monetary_1              0x08000217   Thumb Code     0  libinit2.o(.ARM.Collect$$libinit$$00000015)
    __rt_lib_init_lc_numeric_1               0x08000217   Thumb Code     0  libinit2.o(.ARM.Collect$$libinit$$00000017)
    __rt_lib_init_lc_time_1                  0x08000217   Thumb Code     0  libinit2.o(.ARM.Collect$$libinit$$00000019)
    __rt_lib_init_rand_1                     0x08000217   Thumb Code     0  libinit2.o(.ARM.Collect$$libinit$$0000000E)
    __rt_lib_init_return                     0x08000217   Thumb Code     0  libinit2.o(.ARM.Collect$$libinit$$00000033)
    __rt_lib_init_signal_1                   0x08000217   Thumb Code     0  libinit2.o(.ARM.Collect$$libinit$$0000001D)
    __rt_lib_init_stdio_1                    0x08000217   Thumb Code     0  libinit2.o(.ARM.Collect$$libinit$$00000025)
    __rt_lib_init_user_alloc_1               0x08000217   Thumb Code     0  libinit2.o(.ARM.Collect$$libinit$$0000000C)
    __rt_lib_shutdown                        0x08000219   Thumb Code     0  libshutdown.o(.ARM.Collect$$libshutdown$$00000000)
    __rt_lib_shutdown_fp_trap_1              0x0800021b   Thumb Code     0  libshutdown2.o(.ARM.Collect$$libshutdown$$00000006)
    __rt_lib_shutdown_heap_1                 0x0800021b   Thumb Code     0  libshutdown2.o(.ARM.Collect$$libshutdown$$0000000E)
    __rt_lib_shutdown_return                 0x0800021b   Thumb Code     0  libshutdown2.o(.ARM.Collect$$libshutdown$$0000000F)
    __rt_lib_shutdown_signal_1               0x0800021b   Thumb Code     0  libshutdown2.o(.ARM.Collect$$libshutdown$$00000009)
    __rt_lib_shutdown_stdio_1                0x0800021b   Thumb Code     0  libshutdown2.o(.ARM.Collect$$libshutdown$$00000003)
    __rt_lib_shutdown_user_alloc_1           0x0800021b   Thumb Code     0  libshutdown2.o(.ARM.Collect$$libshutdown$$0000000B)
    __rt_entry                               0x0800021d   Thumb Code     0  __rtentry.o(.ARM.Collect$$rtentry$$00000000)
    __rt_entry_presh_1                       0x0800021d   Thumb Code     0  __rtentry2.o(.ARM.Collect$$rtentry$$00000002)
    __rt_entry_sh                            0x0800021d   Thumb Code     0  __rtentry4.o(.ARM.Collect$$rtentry$$00000004)
    __rt_entry_li                            0x08000223   Thumb Code     0  __rtentry2.o(.ARM.Collect$$rtentry$$0000000A)
    __rt_entry_postsh_1                      0x08000223   Thumb Code     0  __rtentry2.o(.ARM.Collect$$rtentry$$00000009)
    __rt_entry_main                          0x08000227   Thumb Code     0  __rtentry2.o(.ARM.Collect$$rtentry$$0000000D)
    __rt_entry_postli_1                      0x08000227   Thumb Code     0  __rtentry2.o(.ARM.Collect$$rtentry$$0000000C)
    __rt_exit                                0x0800022f   Thumb Code     0  rtexit.o(.ARM.Collect$$rtexit$$00000000)
    __rt_exit_ls                             0x08000231   Thumb Code     0  rtexit2.o(.ARM.Collect$$rtexit$$00000003)
    __rt_exit_prels_1                        0x08000231   Thumb Code     0  rtexit2.o(.ARM.Collect$$rtexit$$00000002)
    __rt_exit_exit                           0x08000235   Thumb Code     0  rtexit2.o(.ARM.Collect$$rtexit$$00000004)
    Reset_Handler                            0x0800023d   Thumb Code     8  startup_stm32f401xc.o(.text)
    _maybe_terminate_alloc                   0x0800023d   Thumb Code     0  maybetermalloc1.o(.emb_text)
    ADC_IRQHandler                           0x08000257   Thumb Code     0  startup_stm32f401xc.o(.text)
    DMA1_Stream0_IRQHandler                  0x08000257   Thumb Code     0  startup_stm32f401xc.o(.text)
    DMA1_Stream1_IRQHandler                  0x08000257   Thumb Code     0  startup_stm32f401xc.o(.text)
    DMA1_Stream2_IRQHandler                  0x08000257   Thumb Code     0  startup_stm32f401xc.o(.text)
    DMA1_Stream3_IRQHandler                  0x08000257   Thumb Code     0  startup_stm32f401xc.o(.text)
    DMA1_Stream4_IRQHandler                  0x08000257   Thumb Code     0  startup_stm32f401xc.o(.text)
    DMA1_Stream5_IRQHandler                  0x08000257   Thumb Code     0  startup_stm32f401xc.o(.text)
    DMA1_Stream6_IRQHandler                  0x08000257   Thumb Code     0  startup_stm32f401xc.o(.text)
    DMA1_Stream7_IRQHandler                  0x08000257   Thumb Code     0  startup_stm32f401xc.o(.text)
    DMA2_Stream0_IRQHandler                  0x08000257   Thumb Code     0  startup_stm32f401xc.o(.text)
    DMA2_Stream1_IRQHandler                  0x08000257   Thumb Code     0  startup_stm32f401xc.o(.text)
    DMA2_Stream2_IRQHandler                  0x08000257   Thumb Code     0  startup_stm32f401xc.o(.text)
    DMA2_Stream3_IRQHandler                  0x08000257   Thumb Code     0  startup_stm32f401xc.o(.text)
    DMA2_Stream4_IRQHandler                  0x08000257   Thumb Code     0  startup_stm32f401xc.o(.text)
    DMA2_Stream5_IRQHandler                  0x08000257   Thumb Code     0  startup_stm32f401xc.o(.text)
    DMA2_Stream6_IRQHandler                  0x08000257   Thumb Code     0  startup_stm32f401xc.o(.text)
    DMA2_Stream7_IRQHandler                  0x08000257   Thumb Code     0  startup_stm32f401xc.o(.text)
    EXTI0_IRQHandler                         0x08000257   Thumb Code     0  startup_stm32f401xc.o(.text)
    EXTI15_10_IRQHandler                     0x08000257   Thumb Code     0  startup_stm32f401xc.o(.text)
    EXTI1_IRQHandler                         0x08000257   Thumb Code     0  startup_stm32f401xc.o(.text)
    EXTI2_IRQHandler                         0x08000257   Thumb Code     0  startup_stm32f401xc.o(.text)
    EXTI3_IRQHandler                         0x08000257   Thumb Code     0  startup_stm32f401xc.o(.text)
    EXTI4_IRQHandler                         0x08000257   Thumb Code     0  startup_stm32f401xc.o(.text)
    EXTI9_5_IRQHandler                       0x08000257   Thumb Code     0  startup_stm32f401xc.o(.text)
    FLASH_IRQHandler                         0x08000257   Thumb Code     0  startup_stm32f401xc.o(.text)
    FPU_IRQHandler                           0x08000257   Thumb Code     0  startup_stm32f401xc.o(.text)
    I2C1_ER_IRQHandler                       0x08000257   Thumb Code     0  startup_stm32f401xc.o(.text)
    I2C1_EV_IRQHandler                       0x08000257   Thumb Code     0  startup_stm32f401xc.o(.text)
    I2C2_ER_IRQHandler                       0x08000257   Thumb Code     0  startup_stm32f401xc.o(.text)
    I2C2_EV_IRQHandler                       0x08000257   Thumb Code     0  startup_stm32f401xc.o(.text)
    I2C3_ER_IRQHandler                       0x08000257   Thumb Code     0  startup_stm32f401xc.o(.text)
    I2C3_EV_IRQHandler                       0x08000257   Thumb Code     0  startup_stm32f401xc.o(.text)
    OTG_FS_WKUP_IRQHandler                   0x08000257   Thumb Code     0  startup_stm32f401xc.o(.text)
    PVD_IRQHandler                           0x08000257   Thumb Code     0  startup_stm32f401xc.o(.text)
    RCC_IRQHandler                           0x08000257   Thumb Code     0  startup_stm32f401xc.o(.text)
    RTC_Alarm_IRQHandler                     0x08000257   Thumb Code     0  startup_stm32f401xc.o(.text)
    RTC_WKUP_IRQHandler                      0x08000257   Thumb Code     0  startup_stm32f401xc.o(.text)
    SDIO_IRQHandler                          0x08000257   Thumb Code     0  startup_stm32f401xc.o(.text)
    SPI1_IRQHandler                          0x08000257   Thumb Code     0  startup_stm32f401xc.o(.text)
    SPI2_IRQHandler                          0x08000257   Thumb Code     0  startup_stm32f401xc.o(.text)
    SPI3_IRQHandler                          0x08000257   Thumb Code     0  startup_stm32f401xc.o(.text)
    SPI4_IRQHandler                          0x08000257   Thumb Code     0  startup_stm32f401xc.o(.text)
    TAMP_STAMP_IRQHandler                    0x08000257   Thumb Code     0  startup_stm32f401xc.o(.text)
    TIM1_BRK_TIM9_IRQHandler                 0x08000257   Thumb Code     0  startup_stm32f401xc.o(.text)
    TIM1_CC_IRQHandler                       0x08000257   Thumb Code     0  startup_stm32f401xc.o(.text)
    TIM1_TRG_COM_TIM11_IRQHandler            0x08000257   Thumb Code     0  startup_stm32f401xc.o(.text)
    TIM2_IRQHandler                          0x08000257   Thumb Code     0  startup_stm32f401xc.o(.text)
    TIM3_IRQHandler                          0x08000257   Thumb Code     0  startup_stm32f401xc.o(.text)
    TIM4_IRQHandler                          0x08000257   Thumb Code     0  startup_stm32f401xc.o(.text)
    TIM5_IRQHandler                          0x08000257   Thumb Code     0  startup_stm32f401xc.o(.text)
    USART2_IRQHandler                        0x08000257   Thumb Code     0  startup_stm32f401xc.o(.text)
    USART6_IRQHandler                        0x08000257   Thumb Code     0  startup_stm32f401xc.o(.text)
    WWDG_IRQHandler                          0x08000257   Thumb Code     0  startup_stm32f401xc.o(.text)
    __user_initial_stackheap                 0x08000259   Thumb Code     0  startup_stm32f401xc.o(.text)
    malloc                                   0x0800027d   Thumb Code    94  h1_alloc.o(.text)
    free                                     0x080002db   Thumb Code    78  h1_free.o(.text)
    __aeabi_memcpy4                          0x08000329   Thumb Code     0  rt_memcpy_w.o(.text)
    __aeabi_memcpy8                          0x08000329   Thumb Code     0  rt_memcpy_w.o(.text)
    __rt_memcpy_w                            0x08000329   Thumb Code   100  rt_memcpy_w.o(.text)
    _memcpy_lastbytes_aligned                0x08000371   Thumb Code     0  rt_memcpy_w.o(.text)
    __aeabi_memclr                           0x0800038d   Thumb Code     0  rt_memclr.o(.text)
    __rt_memclr                              0x0800038d   Thumb Code    68  rt_memclr.o(.text)
    _memset                                  0x08000391   Thumb Code     0  rt_memclr.o(.text)
    __use_two_region_memory                  0x080003d1   Thumb Code     2  heapauxi.o(.text)
    __rt_heap_escrow                         0x080003d3   Thumb Code     2  heapauxi.o(.text)
    __rt_heap_expand                         0x080003d5   Thumb Code     2  heapauxi.o(.text)
    __rt_heap_descriptor                     0x080003d9   Thumb Code     8  rt_heap_descriptor_intlibspace.o(.text)
    __use_no_heap                            0x080003e1   Thumb Code     2  hguard.o(.text)
    __heap$guard                             0x080003e3   Thumb Code     2  hguard.o(.text)
    _terminate_user_alloc                    0x080003e5   Thumb Code     2  init_alloc.o(.text)
    _init_user_alloc                         0x080003e7   Thumb Code     2  init_alloc.o(.text)
    __Heap_Full                              0x080003e9   Thumb Code    34  init_alloc.o(.text)
    __Heap_Broken                            0x0800040b   Thumb Code     6  init_alloc.o(.text)
    _init_alloc                              0x08000411   Thumb Code    94  init_alloc.o(.text)
    __Heap_Initialize                        0x0800046f   Thumb Code    10  h1_init.o(.text)
    __Heap_DescSize                          0x08000479   Thumb Code     4  h1_init.o(.text)
    __aeabi_memclr4                          0x0800047d   Thumb Code     0  rt_memclr_w.o(.text)
    __aeabi_memclr8                          0x0800047d   Thumb Code     0  rt_memclr_w.o(.text)
    __rt_memclr_w                            0x0800047d   Thumb Code    78  rt_memclr_w.o(.text)
    _memset_w                                0x08000481   Thumb Code     0  rt_memclr_w.o(.text)
    __user_libspace                          0x080004cd   Thumb Code     8  libspace.o(.text)
    __user_perproc_libspace                  0x080004cd   Thumb Code     0  libspace.o(.text)
    __user_perthread_libspace                0x080004cd   Thumb Code     0  libspace.o(.text)
    __Heap_ProvideMemory                     0x080004d5   Thumb Code    52  h1_extend.o(.text)
    __rt_SIGRTMEM                            0x08000509   Thumb Code    14  defsig_rtmem_outer.o(.text)
    __I$use$semihosting                      0x08000517   Thumb Code     0  use_no_semi.o(.text)
    __use_no_semihosting_swi                 0x08000517   Thumb Code     2  use_no_semi.o(.text)
    __semihosting_library_function           0x08000519   Thumb Code     0  indicate_semi.o(.text)
    __user_setup_stackheap                   0x08000519   Thumb Code    74  sys_stackheap_outer.o(.text)
    exit                                     0x08000563   Thumb Code    12  exit.o(.text)
    __sig_exit                               0x0800056f   Thumb Code    10  defsig_exit.o(.text)
    __rt_SIGRTMEM_inner                      0x08000579   Thumb Code    22  defsig_rtmem_inner.o(.text)
    _sys_exit                                0x080005c9   Thumb Code     8  sys_exit.o(.text)
    __default_signal_display                 0x080005d5   Thumb Code    50  defsig_general.o(.text)
    _ttywrch                                 0x08000607   Thumb Code    14  sys_wrch.o(.text)
    BusFault_Handler                         0x08000615   Thumb Code     4  stm32f4xx_it.o(i.BusFault_Handler)
    DebugMon_Handler                         0x0800078f   Thumb Code     2  stm32f4xx_it.o(i.DebugMon_Handler)
    Erase_Flash                              0x08000791   Thumb Code   170  flash_execute.o(i.Erase_Flash)
    Error_Handler                            0x08000855   Thumb Code     4  main.o(i.Error_Handler)
    FLASH_Erase_Sector                       0x08000859   Thumb Code    98  stm32f4xx_hal_flash_ex.o(i.FLASH_Erase_Sector)
    FLASH_FlushCaches                        0x080008c1   Thumb Code   114  stm32f4xx_hal_flash_ex.o(i.FLASH_FlushCaches)
    FLASH_WaitForLastOperation               0x08000abd   Thumb Code   102  stm32f4xx_hal_flash.o(i.FLASH_WaitForLastOperation)
    HAL_DMA_Abort_IT                         0x08000be3   Thumb Code    40  stm32f4xx_hal_dma.o(i.HAL_DMA_Abort_IT)
    HAL_Delay                                0x08000c0b   Thumb Code    26  stm32f4xx_hal.o(i.HAL_Delay)
    HAL_FLASHEx_Erase                        0x08000c25   Thumb Code   164  stm32f4xx_hal_flash_ex.o(i.HAL_FLASHEx_Erase)
    HAL_FLASH_Lock                           0x08000cd1   Thumb Code    16  stm32f4xx_hal_flash.o(i.HAL_FLASH_Lock)
    HAL_FLASH_Program                        0x08000ce5   Thumb Code   142  stm32f4xx_hal_flash.o(i.HAL_FLASH_Program)
    HAL_FLASH_Unlock                         0x08000d7d   Thumb Code    32  stm32f4xx_hal_flash.o(i.HAL_FLASH_Unlock)
    HAL_GPIO_Init                            0x08000da9   Thumb Code   436  stm32f4xx_hal_gpio.o(i.HAL_GPIO_Init)
    HAL_GPIO_TogglePin                       0x08000f7d   Thumb Code     8  stm32f4xx_hal_gpio.o(i.HAL_GPIO_TogglePin)
    HAL_GPIO_WritePin                        0x08000f85   Thumb Code    12  stm32f4xx_hal_gpio.o(i.HAL_GPIO_WritePin)
    HAL_GetTick                              0x08000f91   Thumb Code     6  stm32f4xx_hal.o(i.HAL_GetTick)
    HAL_HCD_Connect_Callback                 0x08000f9d   Thumb Code    14  usbh_conf.o(i.HAL_HCD_Connect_Callback)
    HAL_HCD_Disconnect_Callback              0x08000fab   Thumb Code    14  usbh_conf.o(i.HAL_HCD_Disconnect_Callback)
    HAL_HCD_GetCurrentFrame                  0x08000fb9   Thumb Code    12  stm32f4xx_hal_hcd.o(i.HAL_HCD_GetCurrentFrame)
    HAL_HCD_GetCurrentSpeed                  0x08000fc5   Thumb Code    12  stm32f4xx_hal_hcd.o(i.HAL_HCD_GetCurrentSpeed)
    HAL_HCD_HC_GetURBState                   0x08000fd1   Thumb Code    20  stm32f4xx_hal_hcd.o(i.HAL_HCD_HC_GetURBState)
    HAL_HCD_HC_GetXferCount                  0x08000fe5   Thumb Code    18  stm32f4xx_hal_hcd.o(i.HAL_HCD_HC_GetXferCount)
    HAL_HCD_HC_Halt                          0x08000ff7   Thumb Code    52  stm32f4xx_hal_hcd.o(i.HAL_HCD_HC_Halt)
    HAL_HCD_HC_Init                          0x0800102b   Thumb Code   186  stm32f4xx_hal_hcd.o(i.HAL_HCD_HC_Init)
    HAL_HCD_HC_NotifyURBChange_Callback      0x080010e5   Thumb Code     2  usbh_conf.o(i.HAL_HCD_HC_NotifyURBChange_Callback)
    HAL_HCD_HC_SubmitRequest                 0x080010e7   Thumb Code   616  stm32f4xx_hal_hcd.o(i.HAL_HCD_HC_SubmitRequest)
    HAL_HCD_IRQHandler                       0x0800134f   Thumb Code   358  stm32f4xx_hal_hcd.o(i.HAL_HCD_IRQHandler)
    HAL_HCD_Init                             0x080014b5   Thumb Code    90  stm32f4xx_hal_hcd.o(i.HAL_HCD_Init)
    HAL_HCD_MspInit                          0x08001511   Thumb Code   116  usbh_conf.o(i.HAL_HCD_MspInit)
    HAL_HCD_ResetPort                        0x0800158d   Thumb Code    12  stm32f4xx_hal_hcd.o(i.HAL_HCD_ResetPort)
    HAL_HCD_SOF_Callback                     0x08001599   Thumb Code    14  usbh_conf.o(i.HAL_HCD_SOF_Callback)
    HAL_HCD_Start                            0x080015a7   Thumb Code    54  stm32f4xx_hal_hcd.o(i.HAL_HCD_Start)
    HAL_HCD_Stop                             0x080015dd   Thumb Code    46  stm32f4xx_hal_hcd.o(i.HAL_HCD_Stop)
    HAL_IncTick                              0x0800160d   Thumb Code    12  stm32f4xx_hal.o(i.HAL_IncTick)
    HAL_Init                                 0x0800161d   Thumb Code    54  stm32f4xx_hal.o(i.HAL_Init)
    HAL_InitTick                             0x08001659   Thumb Code    36  stm32f4xx_hal.o(i.HAL_InitTick)
    HAL_MspInit                              0x08001681   Thumb Code    86  stm32f4xx_hal_msp.o(i.HAL_MspInit)
    HAL_NVIC_EnableIRQ                       0x080016d7   Thumb Code    26  stm32f4xx_hal_cortex.o(i.HAL_NVIC_EnableIRQ)
    HAL_NVIC_SetPriority                     0x080016f1   Thumb Code   124  stm32f4xx_hal_cortex.o(i.HAL_NVIC_SetPriority)
    HAL_NVIC_SetPriorityGrouping             0x0800176d   Thumb Code    32  stm32f4xx_hal_cortex.o(i.HAL_NVIC_SetPriorityGrouping)
    HAL_NVIC_SystemReset                     0x08001795   Thumb Code    60  stm32f4xx_hal_cortex.o(i.HAL_NVIC_SystemReset)
    HAL_RCC_ClockConfig                      0x080017d9   Thumb Code   446  stm32f4xx_hal_rcc.o(i.HAL_RCC_ClockConfig)
    HAL_RCC_GetHCLKFreq                      0x080019a9   Thumb Code     6  stm32f4xx_hal_rcc.o(i.HAL_RCC_GetHCLKFreq)
    HAL_RCC_GetPCLK1Freq                     0x080019b5   Thumb Code    36  stm32f4xx_hal_rcc.o(i.HAL_RCC_GetPCLK1Freq)
    HAL_RCC_GetPCLK2Freq                     0x080019e1   Thumb Code    36  stm32f4xx_hal_rcc.o(i.HAL_RCC_GetPCLK2Freq)
    HAL_RCC_GetSysClockFreq                  0x08001a0d   Thumb Code   168  stm32f4xx_hal_rcc.o(i.HAL_RCC_GetSysClockFreq)
    HAL_RCC_OscConfig                        0x08001ac1   Thumb Code   906  stm32f4xx_hal_rcc.o(i.HAL_RCC_OscConfig)
    HAL_SYSTICK_CLKSourceConfig              0x08001e5d   Thumb Code    40  stm32f4xx_hal_cortex.o(i.HAL_SYSTICK_CLKSourceConfig)
    HAL_SYSTICK_Callback                     0x08001e85   Thumb Code     2  stm32f4xx_hal_cortex.o(i.HAL_SYSTICK_Callback)
    HAL_SYSTICK_Config                       0x08001e87   Thumb Code    52  stm32f4xx_hal_cortex.o(i.HAL_SYSTICK_Config)
    HAL_SYSTICK_IRQHandler                   0x08001ebb   Thumb Code     8  stm32f4xx_hal_cortex.o(i.HAL_SYSTICK_IRQHandler)
    HAL_TIMEx_BreakCallback                  0x08001ec3   Thumb Code     2  stm32f4xx_hal_tim_ex.o(i.HAL_TIMEx_BreakCallback)
    HAL_TIMEx_CommutationCallback            0x08001ec5   Thumb Code     2  stm32f4xx_hal_tim_ex.o(i.HAL_TIMEx_CommutationCallback)
    HAL_TIMEx_MasterConfigSynchronization    0x08001ec7   Thumb Code    98  stm32f4xx_hal_tim_ex.o(i.HAL_TIMEx_MasterConfigSynchronization)
    HAL_TIM_Base_Init                        0x08001f29   Thumb Code    52  stm32f4xx_hal_tim.o(i.HAL_TIM_Base_Init)
    HAL_TIM_Base_MspInit                     0x08001f5d   Thumb Code    62  stm32f4xx_hal_msp.o(i.HAL_TIM_Base_MspInit)
    HAL_TIM_Base_Start_IT                    0x08001fa5   Thumb Code    30  stm32f4xx_hal_tim.o(i.HAL_TIM_Base_Start_IT)
    HAL_TIM_ConfigClockSource                0x08001fc3   Thumb Code   306  stm32f4xx_hal_tim.o(i.HAL_TIM_ConfigClockSource)
    HAL_TIM_IC_CaptureCallback               0x080020f5   Thumb Code     2  stm32f4xx_hal_tim.o(i.HAL_TIM_IC_CaptureCallback)
    HAL_TIM_IRQHandler                       0x080020f7   Thumb Code   406  stm32f4xx_hal_tim.o(i.HAL_TIM_IRQHandler)
    HAL_TIM_OC_DelayElapsedCallback          0x0800228d   Thumb Code     2  stm32f4xx_hal_tim.o(i.HAL_TIM_OC_DelayElapsedCallback)
    HAL_TIM_PWM_PulseFinishedCallback        0x0800228f   Thumb Code     2  stm32f4xx_hal_tim.o(i.HAL_TIM_PWM_PulseFinishedCallback)
    HAL_TIM_PeriodElapsedCallback            0x08002291   Thumb Code     2  stm32f4xx_hal_tim.o(i.HAL_TIM_PeriodElapsedCallback)
    HAL_TIM_TriggerCallback                  0x08002293   Thumb Code     2  stm32f4xx_hal_tim.o(i.HAL_TIM_TriggerCallback)
    HAL_UART_ErrorCallback                   0x08002295   Thumb Code     2  stm32f4xx_hal_uart.o(i.HAL_UART_ErrorCallback)
    HAL_UART_IRQHandler                      0x08002299   Thumb Code   326  stm32f4xx_hal_uart.o(i.HAL_UART_IRQHandler)
    HAL_UART_Init                            0x080023e5   Thumb Code   114  stm32f4xx_hal_uart.o(i.HAL_UART_Init)
    HAL_UART_MspInit                         0x08002459   Thumb Code    96  stm32f4xx_hal_msp.o(i.HAL_UART_MspInit)
    HAL_UART_Receive_IT                      0x080024c5   Thumb Code   100  stm32f4xx_hal_uart.o(i.HAL_UART_Receive_IT)
    HAL_UART_RxCpltCallback                  0x08002529   Thumb Code    54  usart_execute.o(i.HAL_UART_RxCpltCallback)
    HAL_UART_Transmit                        0x0800256d   Thumb Code   214  stm32f4xx_hal_uart.o(i.HAL_UART_Transmit)
    HAL_UART_TxCpltCallback                  0x08002643   Thumb Code     2  stm32f4xx_hal_uart.o(i.HAL_UART_TxCpltCallback)
    HardFault_Handler                        0x08003205   Thumb Code     4  stm32f4xx_it.o(i.HardFault_Handler)
    MX_USB_HOST_Init                         0x08003409   Thumb Code    28  usb_host.o(i.MX_USB_HOST_Init)
    MX_USB_HOST_Process                      0x08003431   Thumb Code    10  usb_host.o(i.MX_USB_HOST_Process)
    MemManage_Handler                        0x08003441   Thumb Code     4  stm32f4xx_it.o(i.MemManage_Handler)
    NMI_Handler                              0x08003445   Thumb Code     2  stm32f4xx_it.o(i.NMI_Handler)
    OTG_FS_IRQHandler                        0x08003481   Thumb Code    10  stm32f4xx_it.o(i.OTG_FS_IRQHandler)
    PendSV_Handler                           0x08003491   Thumb Code     2  stm32f4xx_it.o(i.PendSV_Handler)
    RxExecute                                0x08003495   Thumb Code   918  main.o(i.RxExecute)
    SVC_Handler                              0x0800387d   Thumb Code     2  stm32f4xx_it.o(i.SVC_Handler)
    SysTick_Handler                          0x080038a5   Thumb Code   184  stm32f4xx_it.o(i.SysTick_Handler)
    SystemClock_Config                       0x080039ad   Thumb Code   186  system_init.o(i.SystemClock_Config)
    SystemInit                               0x08003a71   Thumb Code    82  system_stm32f4xx.o(i.SystemInit)
    System_Init                              0x08003ad5   Thumb Code    58  system_init.o(i.System_Init)
    TIM1_UP_TIM10_IRQHandler                 0x08003b19   Thumb Code    10  stm32f4xx_it.o(i.TIM1_UP_TIM10_IRQHandler)
    TIM_Base_SetConfig                       0x08003b29   Thumb Code   148  stm32f4xx_hal_tim.o(i.TIM_Base_SetConfig)
    USART1_IRQHandler                        0x08004185   Thumb Code    10  stm32f4xx_it.o(i.USART1_IRQHandler)
    USBH_AllocPipe                           0x08004195   Thumb Code    38  usbh_pipes.o(i.USBH_AllocPipe)
    USBH_BulkReceiveData                     0x080041bb   Thumb Code    42  usbh_ioreq.o(i.USBH_BulkReceiveData)
    USBH_BulkSendData                        0x080041e5   Thumb Code    52  usbh_ioreq.o(i.USBH_BulkSendData)
    USBH_CDC_LineCodingChanged               0x080044a7   Thumb Code     2  usbh_cdc.o(i.USBH_CDC_LineCodingChanged)
    USBH_CDC_Receive                         0x08004571   Thumb Code    46  usbh_cdc.o(i.USBH_CDC_Receive)
    USBH_CDC_ReceiveCallback                 0x080045a1   Thumb Code   414  main.o(i.USBH_CDC_ReceiveCallback)
    USBH_CDC_SetLineCoding                   0x08004773   Thumb Code    28  usbh_cdc.o(i.USBH_CDC_SetLineCoding)
    USBH_CDC_Transmit                        0x0800478f   Thumb Code    48  usbh_cdc.o(i.USBH_CDC_Transmit)
    USBH_CDC_TransmitCallback                0x080047bf   Thumb Code     2  usbh_cdc.o(i.USBH_CDC_TransmitCallback)
    USBH_ClosePipe                           0x080047c1   Thumb Code    18  usbh_pipes.o(i.USBH_ClosePipe)
    USBH_ClrFeature                          0x080047d3   Thumb Code    40  usbh_ctlreq.o(i.USBH_ClrFeature)
    USBH_CtlReceiveData                      0x080047fb   Thumb Code    42  usbh_ioreq.o(i.USBH_CtlReceiveData)
    USBH_CtlReq                              0x08004825   Thumb Code    84  usbh_ctlreq.o(i.USBH_CtlReq)
    USBH_CtlSendData                         0x08004879   Thumb Code    52  usbh_ioreq.o(i.USBH_CtlSendData)
    USBH_CtlSendSetup                        0x080048ad   Thumb Code    38  usbh_ioreq.o(i.USBH_CtlSendSetup)
    USBH_Delay                               0x080048d3   Thumb Code    12  usbh_conf.o(i.USBH_Delay)
    USBH_FindInterface                       0x080048df   Thumb Code    80  usbh_core.o(i.USBH_FindInterface)
    USBH_FreePipe                            0x0800492f   Thumb Code    30  usbh_pipes.o(i.USBH_FreePipe)
    USBH_GetDescriptor                       0x0800494d   Thumb Code    74  usbh_ctlreq.o(i.USBH_GetDescriptor)
    USBH_GetNextDesc                         0x080049bf   Thumb Code    18  usbh_ctlreq.o(i.USBH_GetNextDesc)
    USBH_Get_CfgDesc                         0x080049d1   Thumb Code    46  usbh_ctlreq.o(i.USBH_Get_CfgDesc)
    USBH_Get_DevDesc                         0x080049ff   Thumb Code    46  usbh_ctlreq.o(i.USBH_Get_DevDesc)
    USBH_Get_StringDesc                      0x08004a2d   Thumb Code    54  usbh_ctlreq.o(i.USBH_Get_StringDesc)
    USBH_Init                                0x08004d97   Thumb Code    50  usbh_core.o(i.USBH_Init)
    USBH_LL_ClosePipe                        0x08004dc9   Thumb Code    20  usbh_conf.o(i.USBH_LL_ClosePipe)
    USBH_LL_Connect                          0x08004ddd   Thumb Code    46  usbh_core.o(i.USBH_LL_Connect)
    USBH_LL_Disconnect                       0x08004e0b   Thumb Code    62  usbh_core.o(i.USBH_LL_Disconnect)
    USBH_LL_DriverVBUS                       0x08004e49   Thumb Code    26  usbh_conf.o(i.USBH_LL_DriverVBUS)
    USBH_LL_GetLastXferSize                  0x08004e63   Thumb Code    18  usbh_conf.o(i.USBH_LL_GetLastXferSize)
    USBH_LL_GetSpeed                         0x08004e75   Thumb Code    48  usbh_conf.o(i.USBH_LL_GetSpeed)
    USBH_LL_GetURBState                      0x08004ea5   Thumb Code    18  usbh_conf.o(i.USBH_LL_GetURBState)
    USBH_LL_IncTimer                         0x08004eb7   Thumb Code    22  usbh_core.o(i.USBH_LL_IncTimer)
    USBH_LL_Init                             0x08004ecd   Thumb Code    82  usbh_conf.o(i.USBH_LL_Init)
    USBH_LL_OpenPipe                         0x08004f25   Thumb Code    44  usbh_conf.o(i.USBH_LL_OpenPipe)
    USBH_LL_ResetPort                        0x08004f51   Thumb Code    16  usbh_conf.o(i.USBH_LL_ResetPort)
    USBH_LL_SetTimer                         0x08004f61   Thumb Code     6  usbh_core.o(i.USBH_LL_SetTimer)
    USBH_LL_SetToggle                        0x08004f67   Thumb Code    58  usbh_conf.o(i.USBH_LL_SetToggle)
    USBH_LL_Start                            0x08004fa1   Thumb Code    16  usbh_conf.o(i.USBH_LL_Start)
    USBH_LL_Stop                             0x08004fb1   Thumb Code    16  usbh_conf.o(i.USBH_LL_Stop)
    USBH_LL_SubmitURB                        0x08004fc1   Thumb Code    46  usbh_conf.o(i.USBH_LL_SubmitURB)
    USBH_OpenPipe                            0x08004fef   Thumb Code    42  usbh_pipes.o(i.USBH_OpenPipe)
    USBH_Process                             0x080051c7   Thumb Code   428  usbh_core.o(i.USBH_Process)
    USBH_RegisterClass                       0x08005373   Thumb Code    42  usbh_core.o(i.USBH_RegisterClass)
    USBH_SelectInterface                     0x0800539d   Thumb Code    22  usbh_core.o(i.USBH_SelectInterface)
    USBH_SetAddress                          0x080053b3   Thumb Code    40  usbh_ctlreq.o(i.USBH_SetAddress)
    USBH_SetCfg                              0x080053db   Thumb Code    40  usbh_ctlreq.o(i.USBH_SetCfg)
    USBH_Start                               0x08005403   Thumb Code    22  usbh_core.o(i.USBH_Start)
    USB_CoreInit                             0x08005451   Thumb Code   100  stm32f4xx_ll_usb.o(i.USB_CoreInit)
    USB_DisableGlobalInt                     0x08005505   Thumb Code    14  stm32f4xx_ll_usb.o(i.USB_DisableGlobalInt)
    USB_DoPing                               0x08005515   Thumb Code    60  stm32f4xx_ll_usb.o(i.USB_DoPing)
    USB_DriveVbus                            0x08005555   Thumb Code    68  stm32f4xx_ll_usb.o(i.USB_DriveVbus)
    USB_EnableGlobalInt                      0x08005599   Thumb Code    14  stm32f4xx_ll_usb.o(i.USB_EnableGlobalInt)
    USB_FlushRxFifo                          0x080055a9   Thumb Code    38  stm32f4xx_ll_usb.o(i.USB_FlushRxFifo)
    USB_FlushTxFifo                          0x080055d5   Thumb Code    44  stm32f4xx_ll_usb.o(i.USB_FlushTxFifo)
    USB_GetCurrentFrame                      0x08005605   Thumb Code    12  stm32f4xx_ll_usb.o(i.USB_GetCurrentFrame)
    USB_GetHostSpeed                         0x08005611   Thumb Code    18  stm32f4xx_ll_usb.o(i.USB_GetHostSpeed)
    USB_GetMode                              0x08005623   Thumb Code    10  stm32f4xx_ll_usb.o(i.USB_GetMode)
    USB_HC_Halt                              0x0800562d   Thumb Code   328  stm32f4xx_ll_usb.o(i.USB_HC_Halt)
    USB_HC_Init                              0x08005775   Thumb Code   392  stm32f4xx_ll_usb.o(i.USB_HC_Init)
    USB_HC_ReadInterrupt                     0x080058fd   Thumb Code    12  stm32f4xx_ll_usb.o(i.USB_HC_ReadInterrupt)
    USB_HC_StartXfer                         0x08005909   Thumb Code   386  stm32f4xx_ll_usb.o(i.USB_HC_StartXfer)
    USB_HOST_Task                            0x08005a91   Thumb Code   676  main.o(i.USB_HOST_Task)
    USB_HostInit                             0x08005d65   Thumb Code   214  stm32f4xx_ll_usb.o(i.USB_HostInit)
    USB_InitFSLSPClkSel                      0x08005e51   Thumb Code    62  stm32f4xx_ll_usb.o(i.USB_InitFSLSPClkSel)
    USB_RT_Process                           0x08005e91   Thumb Code   102  main.o(i.USB_RT_Process)
    USB_ReadInterrupts                       0x08005f15   Thumb Code    12  stm32f4xx_ll_usb.o(i.USB_ReadInterrupts)
    USB_ReadPacket                           0x08005f21   Thumb Code    34  stm32f4xx_ll_usb.o(i.USB_ReadPacket)
    USB_ResetPort                            0x08005f43   Thumb Code    48  stm32f4xx_ll_usb.o(i.USB_ResetPort)
    USB_SetCurrentMode                       0x08005f73   Thumb Code    48  stm32f4xx_ll_usb.o(i.USB_SetCurrentMode)
    USB_StopHost                             0x08005fa3   Thumb Code   174  stm32f4xx_ll_usb.o(i.USB_StopHost)
    USB_WritePacket                          0x08006051   Thumb Code    48  stm32f4xx_ll_usb.o(i.USB_WritePacket)
    UartPCTask                               0x08006081   Thumb Code   106  main.o(i.UartPCTask)
    UsageFault_Handler                       0x08006101   Thumb Code     4  stm32f4xx_it.o(i.UsageFault_Handler)
    WatchDog_Feed                            0x08006105   Thumb Code    10  system_init.o(i.WatchDog_Feed)
    WatchDog_Init                            0x08006115   Thumb Code    28  system_init.o(i.WatchDog_Init)
    main                                     0x08006135   Thumb Code   130  main.o(i.main)
    uart_queen_read                          0x080061d9   Thumb Code    58  usart_execute.o(i.uart_queen_read)
    usart_state_machine                      0x0800621d   Thumb Code   496  usart_execute.o(i.usart_state_machine)
    _fp_init                                 0x08006435   Thumb Code    10  fpinit.o(x$fpl$fpinit)
    __fplib_config_fpu_vfp                   0x0800643d   Thumb Code     0  fpinit.o(x$fpl$fpinit)
    __fplib_config_pureend_doubles           0x0800643d   Thumb Code     0  fpinit.o(x$fpl$fpinit)
    Version                                  0x0800643e   Data          14  main.o(.constdata)
    APBAHBPrescTable                         0x0800644c   Data          16  stm32f4xx_hal_rcc.o(.constdata)
    Region$$Table$$Base                      0x08006460   Number         0  anon$$obj.o(Region$$Table)
    Region$$Table$$Limit                     0x08006480   Number         0  anon$$obj.o(Region$$Table)
    Tcn                                      0x20000000   Data           4  stm32f4xx_it.o(.data)
    Tcn_2                                    0x20000004   Data           4  stm32f4xx_it.o(.data)
    TimingDelay                              0x20000008   Data           4  stm32f4xx_it.o(.data)
    SystickFlag20ms                          0x2000000c   Data           1  stm32f4xx_it.o(.data)
    SystickFlag20ms_2                        0x2000000d   Data           1  stm32f4xx_it.o(.data)
    SystickFlag20ms_1                        0x2000000e   Data           1  stm32f4xx_it.o(.data)
    SystickFlag20ms_0B                       0x2000000f   Data           1  stm32f4xx_it.o(.data)
    SystickFlag20ms_1E                       0x20000010   Data           1  stm32f4xx_it.o(.data)
    SystickFlag20ms_1F                       0x20000011   Data           1  stm32f4xx_it.o(.data)
    SystickFlag1S                            0x20000012   Data           1  stm32f4xx_it.o(.data)
    SystickFlag2S                            0x20000013   Data           1  stm32f4xx_it.o(.data)
    SystickFlag200ms                         0x20000014   Data           1  stm32f4xx_it.o(.data)
    SystickFlag200ms_2                       0x20000015   Data           1  stm32f4xx_it.o(.data)
    SystickFlag200ms_0B                      0x20000016   Data           1  stm32f4xx_it.o(.data)
    SystickFlag200ms_1E                      0x20000017   Data           1  stm32f4xx_it.o(.data)
    SystickFlag200ms_1F                      0x20000018   Data           1  stm32f4xx_it.o(.data)
    systickCnt4                              0x2000001c   Data           4  stm32f4xx_it.o(.data)
    systickCnt5                              0x20000020   Data           4  stm32f4xx_it.o(.data)
    SystickFlag1S_restart                    0x20000024   Data           1  stm32f4xx_it.o(.data)
    SystickFlag10ms                          0x20000025   Data           1  stm32f4xx_it.o(.data)
    Appli_state                              0x20000034   Data           1  usb_host.o(.data)
    pUartTest                                0x20000038   Data           8  main.o(.data)
    cnt1                                     0x20000040   Data           4  main.o(.data)
    cnt2                                     0x20000044   Data           4  main.o(.data)
    IP_485                                   0x20000048   Data           4  main.o(.data)
    IP_485_2                                 0x2000004c   Data           4  main.o(.data)
    SysBootCnt                               0x20000050   Data           4  main.o(.data)
    t_buf_cnt                                0x20000054   Data           4  main.o(.data)
    t_buf_0b_cnt                             0x20000058   Data           4  main.o(.data)
    t_buf_1e_cnt                             0x2000005c   Data           4  main.o(.data)
    t_buf_1f_cnt                             0x20000060   Data           4  main.o(.data)
    r_buf_cnt                                0x20000064   Data           4  main.o(.data)
    PM_25                                    0x20000068   Data           2  main.o(.data)
    CM_Calibrate_Value                       0x2000006a   Data           2  main.o(.data)
    Testing_flag                             0x2000006c   Data           1  main.o(.data)
    Wifi_flag                                0x2000006d   Data           1  main.o(.data)
    PM_flag                                  0x2000006e   Data           1  main.o(.data)
    CM_Calibrate_flag                        0x2000006f   Data           1  main.o(.data)
    USB_REC_FLAG                             0x20000070   Data           1  main.o(.data)
    UART_Rx_flag                             0x20000071   Data           1  main.o(.data)
    USB_SEND_flag                            0x20000072   Data           1  main.o(.data)
    LengthCmd_0B                             0x20000073   Data           1  main.o(.data)
    LengthCmd_1E                             0x20000074   Data           1  main.o(.data)
    LengthCmd_1F                             0x20000075   Data           1  main.o(.data)
    LengthCmd_25                             0x20000076   Data           1  main.o(.data)
    LengthCmd_All                            0x20000077   Data           1  main.o(.data)
    uart_rev                                 0x20000080   Data           8  usart_execute.o(.data)
    recv_state                               0x20000088   Data           1  usart_execute.o(.data)
    usart_frame_direction                    0x20000089   Data           1  usart_execute.o(.data)
    FirstSector                              0x20000098   Data           4  flash_execute.o(.data)
    NbOfSectors                              0x2000009c   Data           4  flash_execute.o(.data)
    Address                                  0x200000a0   Data           4  flash_execute.o(.data)
    SectorError                              0x200000a4   Data           4  flash_execute.o(.data)
    data32                                   0x200000a8   Data           4  flash_execute.o(.data)
    ReceiveCallback_Flag                     0x200000ac   Data           1  usbh_cdc.o(.data)
    CDC_Class                                0x200000b0   Data          32  usbh_cdc.o(.data)
    SystemCoreClock                          0x200000d0   Data           4  system_stm32f4xx.o(.data)
    uwTick                                   0x200000d4   Data           4  stm32f4xx_hal.o(.data)
    hhcd_USB_OTG_FS                          0x200000d8   Data         664  usbh_conf.o(.bss)
    hUsbHostFS                               0x20000370   Data         968  usb_host.o(.bss)
    huart1                                   0x20000738   Data          64  main.o(.bss)
    USB_R_BUF                                0x20000778   Data          20  main.o(.bss)
    USB_R_BUF_LAST                           0x2000078c   Data          21  main.o(.bss)
    USB_T_BUF                                0x200007a1   Data          20  main.o(.bss)
    USB_0B_T_BUF                             0x200007b5   Data          20  main.o(.bss)
    USB_1E_T_BUF                             0x200007c9   Data          20  main.o(.bss)
    USB_1F_T_BUF                             0x200007dd   Data          20  main.o(.bss)
    DataCmd_0B                               0x200007f1   Data          30  main.o(.bss)
    DataCmd_1E                               0x2000080f   Data          30  main.o(.bss)
    DataCmd_1F                               0x2000082d   Data          30  main.o(.bss)
    DataCmd_25                               0x2000084b   Data          30  main.o(.bss)
    aRxBuffer_2                              0x20000869   Data          40  main.o(.bss)
    aRxBuffer                                0x20000891   Data         200  usart_execute.o(.bss)
    htim1                                    0x20000984   Data          60  system_init.o(.bss)
    hiwdg                                    0x200009c0   Data          12  system_init.o(.bss)
    pFlash                                   0x200009e0   Data          32  stm32f4xx_hal_flash.o(.bss)
    __libspace_start                         0x20000a00   Data          96  libspace.o(.bss)
    __temporary_stack_top$libspace           0x20000a60   Data           0  libspace.o(.bss)



==============================================================================

Memory Map of the image

  Image Entry point : 0x08000195

  Load Region LR_IROM1 (Base: 0x08000000, Size: 0x00006558, Max: 0x00020000, ABSOLUTE)

    Execution Region ER_IROM1 (Base: 0x08000000, Size: 0x00006480, Max: 0x00020000, ABSOLUTE)

    Base Addr    Size         Type   Attr      Idx    E Section Name        Object

    0x08000000   0x00000194   Data   RO          722    RESET               startup_stm32f401xc.o
    0x08000194   0x00000008   Code   RO         4029  * !!!main             c_w.l(__main.o)
    0x0800019c   0x00000034   Code   RO         4231    !!!scatter          c_w.l(__scatter.o)
    0x080001d0   0x0000001a   Code   RO         4233    !!handler_copy      c_w.l(__scatter_copy.o)
    0x080001ea   0x00000002   PAD
    0x080001ec   0x0000001c   Code   RO         4235    !!handler_zi        c_w.l(__scatter_zi.o)
    0x08000208   0x00000002   Code   RO         4171    .ARM.Collect$$libinit$$00000000  c_w.l(libinit.o)
    0x0800020a   0x00000004   Code   RO         4063    .ARM.Collect$$libinit$$00000001  c_w.l(libinit2.o)
    0x0800020e   0x00000000   Code   RO         4066    .ARM.Collect$$libinit$$00000004  c_w.l(libinit2.o)
    0x0800020e   0x00000008   Code   RO         4067    .ARM.Collect$$libinit$$00000005  c_w.l(libinit2.o)
    0x08000216   0x00000000   Code   RO         4069    .ARM.Collect$$libinit$$0000000A  c_w.l(libinit2.o)
    0x08000216   0x00000000   Code   RO         4071    .ARM.Collect$$libinit$$0000000C  c_w.l(libinit2.o)
    0x08000216   0x00000000   Code   RO         4073    .ARM.Collect$$libinit$$0000000E  c_w.l(libinit2.o)
    0x08000216   0x00000000   Code   RO         4076    .ARM.Collect$$libinit$$00000011  c_w.l(libinit2.o)
    0x08000216   0x00000000   Code   RO         4078    .ARM.Collect$$libinit$$00000013  c_w.l(libinit2.o)
    0x08000216   0x00000000   Code   RO         4080    .ARM.Collect$$libinit$$00000015  c_w.l(libinit2.o)
    0x08000216   0x00000000   Code   RO         4082    .ARM.Collect$$libinit$$00000017  c_w.l(libinit2.o)
    0x08000216   0x00000000   Code   RO         4084    .ARM.Collect$$libinit$$00000019  c_w.l(libinit2.o)
    0x08000216   0x00000000   Code   RO         4086    .ARM.Collect$$libinit$$0000001B  c_w.l(libinit2.o)
    0x08000216   0x00000000   Code   RO         4088    .ARM.Collect$$libinit$$0000001D  c_w.l(libinit2.o)
    0x08000216   0x00000000   Code   RO         4090    .ARM.Collect$$libinit$$0000001F  c_w.l(libinit2.o)
    0x08000216   0x00000000   Code   RO         4092    .ARM.Collect$$libinit$$00000021  c_w.l(libinit2.o)
    0x08000216   0x00000000   Code   RO         4094    .ARM.Collect$$libinit$$00000023  c_w.l(libinit2.o)
    0x08000216   0x00000000   Code   RO         4096    .ARM.Collect$$libinit$$00000025  c_w.l(libinit2.o)
    0x08000216   0x00000000   Code   RO         4100    .ARM.Collect$$libinit$$0000002C  c_w.l(libinit2.o)
    0x08000216   0x00000000   Code   RO         4102    .ARM.Collect$$libinit$$0000002E  c_w.l(libinit2.o)
    0x08000216   0x00000000   Code   RO         4104    .ARM.Collect$$libinit$$00000030  c_w.l(libinit2.o)
    0x08000216   0x00000000   Code   RO         4106    .ARM.Collect$$libinit$$00000032  c_w.l(libinit2.o)
    0x08000216   0x00000002   Code   RO         4107    .ARM.Collect$$libinit$$00000033  c_w.l(libinit2.o)
    0x08000218   0x00000002   Code   RO         4228    .ARM.Collect$$libshutdown$$00000000  c_w.l(libshutdown.o)
    0x0800021a   0x00000000   Code   RO         4186    .ARM.Collect$$libshutdown$$00000003  c_w.l(libshutdown2.o)
    0x0800021a   0x00000000   Code   RO         4189    .ARM.Collect$$libshutdown$$00000006  c_w.l(libshutdown2.o)
    0x0800021a   0x00000000   Code   RO         4192    .ARM.Collect$$libshutdown$$00000009  c_w.l(libshutdown2.o)
    0x0800021a   0x00000000   Code   RO         4194    .ARM.Collect$$libshutdown$$0000000B  c_w.l(libshutdown2.o)
    0x0800021a   0x00000000   Code   RO         4197    .ARM.Collect$$libshutdown$$0000000E  c_w.l(libshutdown2.o)
    0x0800021a   0x00000002   Code   RO         4198    .ARM.Collect$$libshutdown$$0000000F  c_w.l(libshutdown2.o)
    0x0800021c   0x00000000   Code   RO         4033    .ARM.Collect$$rtentry$$00000000  c_w.l(__rtentry.o)
    0x0800021c   0x00000000   Code   RO         4114    .ARM.Collect$$rtentry$$00000002  c_w.l(__rtentry2.o)
    0x0800021c   0x00000006   Code   RO         4126    .ARM.Collect$$rtentry$$00000004  c_w.l(__rtentry4.o)
    0x08000222   0x00000000   Code   RO         4116    .ARM.Collect$$rtentry$$00000009  c_w.l(__rtentry2.o)
    0x08000222   0x00000004   Code   RO         4117    .ARM.Collect$$rtentry$$0000000A  c_w.l(__rtentry2.o)
    0x08000226   0x00000000   Code   RO         4119    .ARM.Collect$$rtentry$$0000000C  c_w.l(__rtentry2.o)
    0x08000226   0x00000008   Code   RO         4120    .ARM.Collect$$rtentry$$0000000D  c_w.l(__rtentry2.o)
    0x0800022e   0x00000002   Code   RO         4174    .ARM.Collect$$rtexit$$00000000  c_w.l(rtexit.o)
    0x08000230   0x00000000   Code   RO         4202    .ARM.Collect$$rtexit$$00000002  c_w.l(rtexit2.o)
    0x08000230   0x00000004   Code   RO         4203    .ARM.Collect$$rtexit$$00000003  c_w.l(rtexit2.o)
    0x08000234   0x00000006   Code   RO         4204    .ARM.Collect$$rtexit$$00000004  c_w.l(rtexit2.o)
    0x0800023a   0x00000002   PAD
    0x0800023c   0x00000000   Code   RO         4130    .emb_text           c_w.l(maybetermalloc1.o)
    0x0800023c   0x00000040   Code   RO          723    .text               startup_stm32f401xc.o
    0x0800027c   0x0000005e   Code   RO         3965    .text               c_w.l(h1_alloc.o)
    0x080002da   0x0000004e   Code   RO         3967    .text               c_w.l(h1_free.o)
    0x08000328   0x00000064   Code   RO         4023    .text               c_w.l(rt_memcpy_w.o)
    0x0800038c   0x00000044   Code   RO         4025    .text               c_w.l(rt_memclr.o)
    0x080003d0   0x00000006   Code   RO         4027    .text               c_w.l(heapauxi.o)
    0x080003d6   0x00000002   PAD
    0x080003d8   0x00000008   Code   RO         4037    .text               c_w.l(rt_heap_descriptor_intlibspace.o)
    0x080003e0   0x00000004   Code   RO         4039    .text               c_w.l(hguard.o)
    0x080003e4   0x0000008a   Code   RO         4041    .text               c_w.l(init_alloc.o)
    0x0800046e   0x0000000e   Code   RO         4045    .text               c_w.l(h1_init.o)
    0x0800047c   0x0000004e   Code   RO         4059    .text               c_w.l(rt_memclr_w.o)
    0x080004ca   0x00000002   PAD
    0x080004cc   0x00000008   Code   RO         4110    .text               c_w.l(libspace.o)
    0x080004d4   0x00000034   Code   RO         4132    .text               c_w.l(h1_extend.o)
    0x08000508   0x0000000e   Code   RO         4136    .text               c_w.l(defsig_rtmem_outer.o)
    0x08000516   0x00000002   Code   RO         4147    .text               c_w.l(use_no_semi.o)
    0x08000518   0x00000000   Code   RO         4149    .text               c_w.l(indicate_semi.o)
    0x08000518   0x0000004a   Code   RO         4150    .text               c_w.l(sys_stackheap_outer.o)
    0x08000562   0x0000000c   Code   RO         4156    .text               c_w.l(exit.o)
    0x0800056e   0x0000000a   Code   RO         4158    .text               c_w.l(defsig_exit.o)
    0x08000578   0x00000050   Code   RO         4160    .text               c_w.l(defsig_rtmem_inner.o)
    0x080005c8   0x0000000c   Code   RO         4172    .text               c_w.l(sys_exit.o)
    0x080005d4   0x00000032   Code   RO         4182    .text               c_w.l(defsig_general.o)
    0x08000606   0x0000000e   Code   RO         4199    .text               c_w.l(sys_wrch.o)
    0x08000614   0x00000004   Code   RO          329    i.BusFault_Handler  stm32f4xx_it.o
    0x08000618   0x0000007e   Code   RO         1080    i.CDC_ProcessReception  usbh_cdc.o
    0x08000696   0x000000a6   Code   RO         1081    i.CDC_ProcessTransmission  usbh_cdc.o
    0x0800073c   0x00000052   Code   RO          957    i.DeInitStateMachine  usbh_core.o
    0x0800078e   0x00000002   Code   RO          330    i.DebugMon_Handler  stm32f4xx_it.o
    0x08000790   0x000000c4   Code   RO          682    i.Erase_Flash       flash_execute.o
    0x08000854   0x00000004   Code   RO          493    i.Error_Handler     main.o
    0x08000858   0x00000068   Code   RO         3225    i.FLASH_Erase_Sector  stm32f4xx_hal_flash_ex.o
    0x080008c0   0x00000078   Code   RO         3226    i.FLASH_FlushCaches  stm32f4xx_hal_flash_ex.o
    0x08000938   0x00000030   Code   RO         3227    i.FLASH_MassErase   stm32f4xx_hal_flash_ex.o
    0x08000968   0x00000024   Code   RO         3364    i.FLASH_Program_Byte  stm32f4xx_hal_flash.o
    0x0800098c   0x0000002c   Code   RO         3365    i.FLASH_Program_DoubleWord  stm32f4xx_hal_flash.o
    0x080009b8   0x00000028   Code   RO         3366    i.FLASH_Program_HalfWord  stm32f4xx_hal_flash.o
    0x080009e0   0x00000028   Code   RO         3367    i.FLASH_Program_Word  stm32f4xx_hal_flash.o
    0x08000a08   0x000000b4   Code   RO         3368    i.FLASH_SetErrorCode  stm32f4xx_hal_flash.o
    0x08000abc   0x00000070   Code   RO         3369    i.FLASH_WaitForLastOperation  stm32f4xx_hal_flash.o
    0x08000b2c   0x00000024   Code   RO         1082    i.GetLineCoding     usbh_cdc.o
    0x08000b50   0x0000006c   Code   RO          683    i.GetSector         flash_execute.o
    0x08000bbc   0x00000026   Code   RO          684    i.GetSectorSize     flash_execute.o
    0x08000be2   0x00000028   Code   RO         2038    i.HAL_DMA_Abort_IT  stm32f4xx_hal_dma.o
    0x08000c0a   0x0000001a   Code   RO         1248    i.HAL_Delay         stm32f4xx_hal.o
    0x08000c24   0x000000ac   Code   RO         3241    i.HAL_FLASHEx_Erase  stm32f4xx_hal_flash_ex.o
    0x08000cd0   0x00000014   Code   RO         3373    i.HAL_FLASH_Lock    stm32f4xx_hal_flash.o
    0x08000ce4   0x00000098   Code   RO         3378    i.HAL_FLASH_Program  stm32f4xx_hal_flash.o
    0x08000d7c   0x0000002c   Code   RO         3380    i.HAL_FLASH_Unlock  stm32f4xx_hal_flash.o
    0x08000da8   0x000001d4   Code   RO         3869    i.HAL_GPIO_Init     stm32f4xx_hal_gpio.o
    0x08000f7c   0x00000008   Code   RO         3872    i.HAL_GPIO_TogglePin  stm32f4xx_hal_gpio.o
    0x08000f84   0x0000000c   Code   RO         3873    i.HAL_GPIO_WritePin  stm32f4xx_hal_gpio.o
    0x08000f90   0x0000000c   Code   RO         1254    i.HAL_GetTick       stm32f4xx_hal.o
    0x08000f9c   0x0000000e   Code   RO            4    i.HAL_HCD_Connect_Callback  usbh_conf.o
    0x08000faa   0x0000000e   Code   RO            5    i.HAL_HCD_Disconnect_Callback  usbh_conf.o
    0x08000fb8   0x0000000c   Code   RO         1768    i.HAL_HCD_GetCurrentFrame  stm32f4xx_hal_hcd.o
    0x08000fc4   0x0000000c   Code   RO         1769    i.HAL_HCD_GetCurrentSpeed  stm32f4xx_hal_hcd.o
    0x08000fd0   0x00000014   Code   RO         1772    i.HAL_HCD_HC_GetURBState  stm32f4xx_hal_hcd.o
    0x08000fe4   0x00000012   Code   RO         1773    i.HAL_HCD_HC_GetXferCount  stm32f4xx_hal_hcd.o
    0x08000ff6   0x00000034   Code   RO         1774    i.HAL_HCD_HC_Halt   stm32f4xx_hal_hcd.o
    0x0800102a   0x000000ba   Code   RO         1775    i.HAL_HCD_HC_Init   stm32f4xx_hal_hcd.o
    0x080010e4   0x00000002   Code   RO            6    i.HAL_HCD_HC_NotifyURBChange_Callback  usbh_conf.o
    0x080010e6   0x00000268   Code   RO         1777    i.HAL_HCD_HC_SubmitRequest  stm32f4xx_hal_hcd.o
    0x0800134e   0x00000166   Code   RO         1778    i.HAL_HCD_IRQHandler  stm32f4xx_hal_hcd.o
    0x080014b4   0x0000005a   Code   RO         1779    i.HAL_HCD_Init      stm32f4xx_hal_hcd.o
    0x0800150e   0x00000002   PAD
    0x08001510   0x0000007c   Code   RO            8    i.HAL_HCD_MspInit   usbh_conf.o
    0x0800158c   0x0000000c   Code   RO         1782    i.HAL_HCD_ResetPort  stm32f4xx_hal_hcd.o
    0x08001598   0x0000000e   Code   RO            9    i.HAL_HCD_SOF_Callback  usbh_conf.o
    0x080015a6   0x00000036   Code   RO         1784    i.HAL_HCD_Start     stm32f4xx_hal_hcd.o
    0x080015dc   0x0000002e   Code   RO         1785    i.HAL_HCD_Stop      stm32f4xx_hal_hcd.o
    0x0800160a   0x00000002   PAD
    0x0800160c   0x00000010   Code   RO         1255    i.HAL_IncTick       stm32f4xx_hal.o
    0x0800161c   0x0000003c   Code   RO         1256    i.HAL_Init          stm32f4xx_hal.o
    0x08001658   0x00000028   Code   RO         1257    i.HAL_InitTick      stm32f4xx_hal.o
    0x08001680   0x00000056   Code   RO          281    i.HAL_MspInit       stm32f4xx_hal_msp.o
    0x080016d6   0x0000001a   Code   RO         2143    i.HAL_NVIC_EnableIRQ  stm32f4xx_hal_cortex.o
    0x080016f0   0x0000007c   Code   RO         2149    i.HAL_NVIC_SetPriority  stm32f4xx_hal_cortex.o
    0x0800176c   0x00000028   Code   RO         2150    i.HAL_NVIC_SetPriorityGrouping  stm32f4xx_hal_cortex.o
    0x08001794   0x00000044   Code   RO         2151    i.HAL_NVIC_SystemReset  stm32f4xx_hal_cortex.o
    0x080017d8   0x000001d0   Code   RO         1930    i.HAL_RCC_ClockConfig  stm32f4xx_hal_rcc.o
    0x080019a8   0x0000000c   Code   RO         1935    i.HAL_RCC_GetHCLKFreq  stm32f4xx_hal_rcc.o
    0x080019b4   0x0000002c   Code   RO         1937    i.HAL_RCC_GetPCLK1Freq  stm32f4xx_hal_rcc.o
    0x080019e0   0x0000002c   Code   RO         1938    i.HAL_RCC_GetPCLK2Freq  stm32f4xx_hal_rcc.o
    0x08001a0c   0x000000b4   Code   RO         1939    i.HAL_RCC_GetSysClockFreq  stm32f4xx_hal_rcc.o
    0x08001ac0   0x0000039c   Code   RO         1942    i.HAL_RCC_OscConfig  stm32f4xx_hal_rcc.o
    0x08001e5c   0x00000028   Code   RO         2152    i.HAL_SYSTICK_CLKSourceConfig  stm32f4xx_hal_cortex.o
    0x08001e84   0x00000002   Code   RO         2153    i.HAL_SYSTICK_Callback  stm32f4xx_hal_cortex.o
    0x08001e86   0x00000034   Code   RO         2154    i.HAL_SYSTICK_Config  stm32f4xx_hal_cortex.o
    0x08001eba   0x00000008   Code   RO         2155    i.HAL_SYSTICK_IRQHandler  stm32f4xx_hal_cortex.o
    0x08001ec2   0x00000002   Code   RO         2345    i.HAL_TIMEx_BreakCallback  stm32f4xx_hal_tim_ex.o
    0x08001ec4   0x00000002   Code   RO         2346    i.HAL_TIMEx_CommutationCallback  stm32f4xx_hal_tim_ex.o
    0x08001ec6   0x00000062   Code   RO         2362    i.HAL_TIMEx_MasterConfigSynchronization  stm32f4xx_hal_tim_ex.o
    0x08001f28   0x00000034   Code   RO         2586    i.HAL_TIM_Base_Init  stm32f4xx_hal_tim.o
    0x08001f5c   0x00000048   Code   RO          283    i.HAL_TIM_Base_MspInit  stm32f4xx_hal_msp.o
    0x08001fa4   0x0000001e   Code   RO         2591    i.HAL_TIM_Base_Start_IT  stm32f4xx_hal_tim.o
    0x08001fc2   0x00000132   Code   RO         2595    i.HAL_TIM_ConfigClockSource  stm32f4xx_hal_tim.o
    0x080020f4   0x00000002   Code   RO         2615    i.HAL_TIM_IC_CaptureCallback  stm32f4xx_hal_tim.o
    0x080020f6   0x00000196   Code   RO         2628    i.HAL_TIM_IRQHandler  stm32f4xx_hal_tim.o
    0x0800228c   0x00000002   Code   RO         2631    i.HAL_TIM_OC_DelayElapsedCallback  stm32f4xx_hal_tim.o
    0x0800228e   0x00000002   Code   RO         2658    i.HAL_TIM_PWM_PulseFinishedCallback  stm32f4xx_hal_tim.o
    0x08002290   0x00000002   Code   RO         2665    i.HAL_TIM_PeriodElapsedCallback  stm32f4xx_hal_tim.o
    0x08002292   0x00000002   Code   RO         2669    i.HAL_TIM_TriggerCallback  stm32f4xx_hal_tim.o
    0x08002294   0x00000002   Code   RO         1400    i.HAL_UART_ErrorCallback  stm32f4xx_hal_uart.o
    0x08002296   0x00000002   PAD
    0x08002298   0x0000014c   Code   RO         1403    i.HAL_UART_IRQHandler  stm32f4xx_hal_uart.o
    0x080023e4   0x00000072   Code   RO         1404    i.HAL_UART_Init     stm32f4xx_hal_uart.o
    0x08002456   0x00000002   PAD
    0x08002458   0x0000006c   Code   RO          285    i.HAL_UART_MspInit  stm32f4xx_hal_msp.o
    0x080024c4   0x00000064   Code   RO         1409    i.HAL_UART_Receive_IT  stm32f4xx_hal_uart.o
    0x08002528   0x00000044   Code   RO          571    i.HAL_UART_RxCpltCallback  usart_execute.o
    0x0800256c   0x000000d6   Code   RO         1412    i.HAL_UART_Transmit  stm32f4xx_hal_uart.o
    0x08002642   0x00000002   Code   RO         1415    i.HAL_UART_TxCpltCallback  stm32f4xx_hal_uart.o
    0x08002644   0x000004f4   Code   RO         1786    i.HCD_HC_IN_IRQHandler  stm32f4xx_hal_hcd.o
    0x08002b38   0x000004f0   Code   RO         1787    i.HCD_HC_OUT_IRQHandler  stm32f4xx_hal_hcd.o
    0x08003028   0x000000d2   Code   RO         1788    i.HCD_Port_IRQHandler  stm32f4xx_hal_hcd.o
    0x080030fa   0x00000002   PAD
    0x080030fc   0x00000108   Code   RO         1789    i.HCD_RXQLVL_IRQHandler  stm32f4xx_hal_hcd.o
    0x08003204   0x00000004   Code   RO          331    i.HardFault_Handler  stm32f4xx_it.o
    0x08003208   0x00000150   Code   RO          619    i.MX_GPIO_Init      system_init.o
    0x08003358   0x00000068   Code   RO          620    i.MX_TIM1_Init      system_init.o
    0x080033c0   0x00000048   Code   RO          621    i.MX_USART1_UART_Init  system_init.o
    0x08003408   0x00000028   Code   RO          450    i.MX_USB_HOST_Init  usb_host.o
    0x08003430   0x00000010   Code   RO          451    i.MX_USB_HOST_Process  usb_host.o
    0x08003440   0x00000004   Code   RO          332    i.MemManage_Handler  stm32f4xx_it.o
    0x08003444   0x00000002   Code   RO          333    i.NMI_Handler       stm32f4xx_it.o
    0x08003446   0x00000002   PAD
    0x08003448   0x00000010   Code   RO         2156    i.NVIC_GetPriorityGrouping  stm32f4xx_hal_cortex.o
    0x08003458   0x00000028   Code   RO         2157    i.NVIC_SetPriority  stm32f4xx_hal_cortex.o
    0x08003480   0x00000010   Code   RO          334    i.OTG_FS_IRQHandler  stm32f4xx_it.o
    0x08003490   0x00000002   Code   RO          335    i.PendSV_Handler    stm32f4xx_it.o
    0x08003492   0x00000002   PAD
    0x08003494   0x000003e8   Code   RO          494    i.RxExecute         main.o
    0x0800387c   0x00000002   Code   RO          336    i.SVC_Handler       stm32f4xx_it.o
    0x0800387e   0x00000024   Code   RO         1083    i.SetLineCoding     usbh_cdc.o
    0x080038a2   0x00000002   PAD
    0x080038a4   0x00000108   Code   RO          337    i.SysTick_Handler   stm32f4xx_it.o
    0x080039ac   0x000000c4   Code   RO          622    i.SystemClock_Config  system_init.o
    0x08003a70   0x00000064   Code   RO         1205    i.SystemInit        system_stm32f4xx.o
    0x08003ad4   0x00000044   Code   RO          623    i.System_Init       system_init.o
    0x08003b18   0x00000010   Code   RO          338    i.TIM1_UP_TIM10_IRQHandler  stm32f4xx_it.o
    0x08003b28   0x000000b0   Code   RO         2670    i.TIM_Base_SetConfig  stm32f4xx_hal_tim.o
    0x08003bd8   0x00000018   Code   RO         2677    i.TIM_ETR_SetConfig  stm32f4xx_hal_tim.o
    0x08003bf0   0x00000014   Code   RO         2678    i.TIM_ITRx_SetConfig  stm32f4xx_hal_tim.o
    0x08003c04   0x0000002a   Code   RO         2684    i.TIM_TI1_ConfigInputStage  stm32f4xx_hal_tim.o
    0x08003c2e   0x0000002c   Code   RO         2686    i.TIM_TI2_ConfigInputStage  stm32f4xx_hal_tim.o
    0x08003c5a   0x00000014   Code   RO         1417    i.UART_DMAAbortOnError  stm32f4xx_hal_uart.o
    0x08003c6e   0x00000020   Code   RO         1423    i.UART_EndRxTransfer  stm32f4xx_hal_uart.o
    0x08003c8e   0x00000020   Code   RO         1424    i.UART_EndTransmit_IT  stm32f4xx_hal_uart.o
    0x08003cae   0x0000009a   Code   RO         1426    i.UART_Receive_IT   stm32f4xx_hal_uart.o
    0x08003d48   0x00000368   Code   RO         1427    i.UART_SetConfig    stm32f4xx_hal_uart.o
    0x080040b0   0x00000068   Code   RO         1428    i.UART_Transmit_IT  stm32f4xx_hal_uart.o
    0x08004118   0x0000006c   Code   RO         1429    i.UART_WaitOnFlagUntilTimeout  stm32f4xx_hal_uart.o
    0x08004184   0x00000010   Code   RO          339    i.USART1_IRQHandler  stm32f4xx_it.o
    0x08004194   0x00000026   Code   RO          910    i.USBH_AllocPipe    usbh_pipes.o
    0x080041ba   0x0000002a   Code   RO          838    i.USBH_BulkReceiveData  usbh_ioreq.o
    0x080041e4   0x00000034   Code   RO          839    i.USBH_BulkSendData  usbh_ioreq.o
    0x08004218   0x00000028   Code   RO         1084    i.USBH_CDC_ClassRequest  usbh_cdc.o
    0x08004240   0x00000070   Code   RO         1087    i.USBH_CDC_InterfaceDeInit  usbh_cdc.o
    0x080042b0   0x000001f6   Code   RO         1088    i.USBH_CDC_InterfaceInit  usbh_cdc.o
    0x080044a6   0x00000002   Code   RO         1089    i.USBH_CDC_LineCodingChanged  usbh_cdc.o
    0x080044a8   0x000000c8   Code   RO         1090    i.USBH_CDC_Process  usbh_cdc.o
    0x08004570   0x0000002e   Code   RO         1091    i.USBH_CDC_Receive  usbh_cdc.o
    0x0800459e   0x00000002   PAD
    0x080045a0   0x000001cc   Code   RO          495    i.USBH_CDC_ReceiveCallback  main.o
    0x0800476c   0x00000006   Code   RO         1093    i.USBH_CDC_SOFProcess  usbh_cdc.o
    0x08004772   0x0000001c   Code   RO         1094    i.USBH_CDC_SetLineCoding  usbh_cdc.o
    0x0800478e   0x00000030   Code   RO         1096    i.USBH_CDC_Transmit  usbh_cdc.o
    0x080047be   0x00000002   Code   RO         1097    i.USBH_CDC_TransmitCallback  usbh_cdc.o
    0x080047c0   0x00000012   Code   RO          911    i.USBH_ClosePipe    usbh_pipes.o
    0x080047d2   0x00000028   Code   RO          730    i.USBH_ClrFeature   usbh_ctlreq.o
    0x080047fa   0x0000002a   Code   RO          840    i.USBH_CtlReceiveData  usbh_ioreq.o
    0x08004824   0x00000054   Code   RO          731    i.USBH_CtlReq       usbh_ctlreq.o
    0x08004878   0x00000034   Code   RO          841    i.USBH_CtlSendData  usbh_ioreq.o
    0x080048ac   0x00000026   Code   RO          842    i.USBH_CtlSendSetup  usbh_ioreq.o
    0x080048d2   0x0000000c   Code   RO           10    i.USBH_Delay        usbh_conf.o
    0x080048de   0x00000050   Code   RO          959    i.USBH_FindInterface  usbh_core.o
    0x0800492e   0x0000001e   Code   RO          912    i.USBH_FreePipe     usbh_pipes.o
    0x0800494c   0x0000004a   Code   RO          732    i.USBH_GetDescriptor  usbh_ctlreq.o
    0x08004996   0x00000028   Code   RO          913    i.USBH_GetFreePipe  usbh_pipes.o
    0x080049be   0x00000012   Code   RO          733    i.USBH_GetNextDesc  usbh_ctlreq.o
    0x080049d0   0x0000002e   Code   RO          734    i.USBH_Get_CfgDesc  usbh_ctlreq.o
    0x080049fe   0x0000002e   Code   RO          735    i.USBH_Get_DevDesc  usbh_ctlreq.o
    0x08004a2c   0x00000036   Code   RO          736    i.USBH_Get_StringDesc  usbh_ctlreq.o
    0x08004a62   0x000001be   Code   RO          737    i.USBH_HandleControl  usbh_ctlreq.o
    0x08004c20   0x0000015a   Code   RO          962    i.USBH_HandleEnum   usbh_core.o
    0x08004d7a   0x0000001c   Code   RO          963    i.USBH_HandleSof    usbh_core.o
    0x08004d96   0x00000032   Code   RO          964    i.USBH_Init         usbh_core.o
    0x08004dc8   0x00000014   Code   RO           11    i.USBH_LL_ClosePipe  usbh_conf.o
    0x08004ddc   0x0000002e   Code   RO          965    i.USBH_LL_Connect   usbh_core.o
    0x08004e0a   0x0000003e   Code   RO          966    i.USBH_LL_Disconnect  usbh_core.o
    0x08004e48   0x0000001a   Code   RO           13    i.USBH_LL_DriverVBUS  usbh_conf.o
    0x08004e62   0x00000012   Code   RO           14    i.USBH_LL_GetLastXferSize  usbh_conf.o
    0x08004e74   0x00000030   Code   RO           15    i.USBH_LL_GetSpeed  usbh_conf.o
    0x08004ea4   0x00000012   Code   RO           17    i.USBH_LL_GetURBState  usbh_conf.o
    0x08004eb6   0x00000016   Code   RO          967    i.USBH_LL_IncTimer  usbh_core.o
    0x08004ecc   0x00000058   Code   RO           18    i.USBH_LL_Init      usbh_conf.o
    0x08004f24   0x0000002c   Code   RO           19    i.USBH_LL_OpenPipe  usbh_conf.o
    0x08004f50   0x00000010   Code   RO           20    i.USBH_LL_ResetPort  usbh_conf.o
    0x08004f60   0x00000006   Code   RO          968    i.USBH_LL_SetTimer  usbh_core.o
    0x08004f66   0x0000003a   Code   RO           21    i.USBH_LL_SetToggle  usbh_conf.o
    0x08004fa0   0x00000010   Code   RO           22    i.USBH_LL_Start     usbh_conf.o
    0x08004fb0   0x00000010   Code   RO           23    i.USBH_LL_Stop      usbh_conf.o
    0x08004fc0   0x0000002e   Code   RO           24    i.USBH_LL_SubmitURB  usbh_conf.o
    0x08004fee   0x0000002a   Code   RO          914    i.USBH_OpenPipe     usbh_pipes.o
    0x08005018   0x000000da   Code   RO          738    i.USBH_ParseCfgDesc  usbh_ctlreq.o
    0x080050f2   0x00000058   Code   RO          739    i.USBH_ParseDevDesc  usbh_ctlreq.o
    0x0800514a   0x00000020   Code   RO          740    i.USBH_ParseEPDesc  usbh_ctlreq.o
    0x0800516a   0x00000026   Code   RO          741    i.USBH_ParseInterfaceDesc  usbh_ctlreq.o
    0x08005190   0x00000036   Code   RO          742    i.USBH_ParseStringDesc  usbh_ctlreq.o
    0x080051c6   0x000001ac   Code   RO          969    i.USBH_Process      usbh_core.o
    0x08005372   0x0000002a   Code   RO          971    i.USBH_RegisterClass  usbh_core.o
    0x0800539c   0x00000016   Code   RO          972    i.USBH_SelectInterface  usbh_core.o
    0x080053b2   0x00000028   Code   RO          743    i.USBH_SetAddress   usbh_ctlreq.o
    0x080053da   0x00000028   Code   RO          744    i.USBH_SetCfg       usbh_ctlreq.o
    0x08005402   0x00000016   Code   RO          973    i.USBH_Start        usbh_core.o
    0x08005418   0x00000038   Code   RO          452    i.USBH_UserProcess  usb_host.o
    0x08005450   0x00000068   Code   RO         3486    i.USB_CoreInit      stm32f4xx_ll_usb.o
    0x080054b8   0x0000004c   Code   RO         3487    i.USB_CoreReset     stm32f4xx_ll_usb.o
    0x08005504   0x0000000e   Code   RO         3493    i.USB_DisableGlobalInt  stm32f4xx_ll_usb.o
    0x08005512   0x00000002   PAD
    0x08005514   0x00000040   Code   RO         3494    i.USB_DoPing        stm32f4xx_ll_usb.o
    0x08005554   0x00000044   Code   RO         3495    i.USB_DriveVbus     stm32f4xx_ll_usb.o
    0x08005598   0x0000000e   Code   RO         3501    i.USB_EnableGlobalInt  stm32f4xx_ll_usb.o
    0x080055a6   0x00000002   PAD
    0x080055a8   0x0000002c   Code   RO         3502    i.USB_FlushRxFifo   stm32f4xx_ll_usb.o
    0x080055d4   0x00000030   Code   RO         3503    i.USB_FlushTxFifo   stm32f4xx_ll_usb.o
    0x08005604   0x0000000c   Code   RO         3504    i.USB_GetCurrentFrame  stm32f4xx_ll_usb.o
    0x08005610   0x00000012   Code   RO         3506    i.USB_GetHostSpeed  stm32f4xx_ll_usb.o
    0x08005622   0x0000000a   Code   RO         3507    i.USB_GetMode       stm32f4xx_ll_usb.o
    0x0800562c   0x00000148   Code   RO         3508    i.USB_HC_Halt       stm32f4xx_ll_usb.o
    0x08005774   0x00000188   Code   RO         3509    i.USB_HC_Init       stm32f4xx_ll_usb.o
    0x080058fc   0x0000000c   Code   RO         3510    i.USB_HC_ReadInterrupt  stm32f4xx_ll_usb.o
    0x08005908   0x00000188   Code   RO         3511    i.USB_HC_StartXfer  stm32f4xx_ll_usb.o
    0x08005a90   0x000002d4   Code   RO          496    i.USB_HOST_Task     main.o
    0x08005d64   0x000000ec   Code   RO         3512    i.USB_HostInit      stm32f4xx_ll_usb.o
    0x08005e50   0x0000003e   Code   RO         3513    i.USB_InitFSLSPClkSel  stm32f4xx_ll_usb.o
    0x08005e8e   0x00000002   PAD
    0x08005e90   0x00000084   Code   RO          497    i.USB_RT_Process    main.o
    0x08005f14   0x0000000c   Code   RO         3518    i.USB_ReadInterrupts  stm32f4xx_ll_usb.o
    0x08005f20   0x00000022   Code   RO         3519    i.USB_ReadPacket    stm32f4xx_ll_usb.o
    0x08005f42   0x00000030   Code   RO         3520    i.USB_ResetPort     stm32f4xx_ll_usb.o
    0x08005f72   0x00000030   Code   RO         3521    i.USB_SetCurrentMode  stm32f4xx_ll_usb.o
    0x08005fa2   0x000000ae   Code   RO         3525    i.USB_StopHost      stm32f4xx_ll_usb.o
    0x08006050   0x00000030   Code   RO         3526    i.USB_WritePacket   stm32f4xx_ll_usb.o
    0x08006080   0x00000080   Code   RO          498    i.UartPCTask        main.o
    0x08006100   0x00000004   Code   RO          340    i.UsageFault_Handler  stm32f4xx_it.o
    0x08006104   0x00000010   Code   RO          624    i.WatchDog_Feed     system_init.o
    0x08006114   0x00000020   Code   RO          625    i.WatchDog_Init     system_init.o
    0x08006134   0x000000a4   Code   RO          499    i.main              main.o
    0x080061d8   0x00000044   Code   RO          572    i.uart_queen_read   usart_execute.o
    0x0800621c   0x00000218   Code   RO          573    i.usart_state_machine  usart_execute.o
    0x08006434   0x0000000a   Code   RO         4145    x$fpl$fpinit        fz_wm.l(fpinit.o)
    0x0800643e   0x0000000e   Data   RO          501    .constdata          main.o
    0x0800644c   0x00000010   Data   RO         1943    .constdata          stm32f4xx_hal_rcc.o
    0x0800645c   0x00000004   Data   RO         1098    .conststring        usbh_cdc.o
    0x08006460   0x00000020   Data   RO         4229    Region$$Table       anon$$obj.o


    Execution Region RW_IRAM1 (Base: 0x20000000, Size: 0x00001060, Max: 0x00010000, ABSOLUTE)

    Base Addr    Size         Type   Attr      Idx    E Section Name        Object

    0x20000000   0x00000034   Data   RW          341    .data               stm32f4xx_it.o
    0x20000034   0x00000001   Data   RW          454    .data               usb_host.o
    0x20000035   0x00000003   PAD
    0x20000038   0x00000047   Data   RW          502    .data               main.o
    0x2000007f   0x00000001   PAD
    0x20000080   0x00000015   Data   RW          575    .data               usart_execute.o
    0x20000095   0x00000003   PAD
    0x20000098   0x00000014   Data   RW          686    .data               flash_execute.o
    0x200000ac   0x00000024   Data   RW         1099    .data               usbh_cdc.o
    0x200000d0   0x00000004   Data   RW         1207    .data               system_stm32f4xx.o
    0x200000d4   0x00000004   Data   RW         1262    .data               stm32f4xx_hal.o
    0x200000d8   0x00000298   Zero   RW           25    .bss                usbh_conf.o
    0x20000370   0x000003c8   Zero   RW          453    .bss                usb_host.o
    0x20000738   0x00000159   Zero   RW          500    .bss                main.o
    0x20000891   0x000000f0   Zero   RW          574    .bss                usart_execute.o
    0x20000981   0x00000003   PAD
    0x20000984   0x00000048   Zero   RW          626    .bss                system_init.o
    0x200009cc   0x00000014   Zero   RW          685    .bss                flash_execute.o
    0x200009e0   0x00000020   Zero   RW         3381    .bss                stm32f4xx_hal_flash.o
    0x20000a00   0x00000060   Zero   RW         4111    .bss                c_w.l(libspace.o)
    0x20000a60   0x00000200   Zero   RW          721    HEAP                startup_stm32f401xc.o
    0x20000c60   0x00000400   Zero   RW          720    STACK               startup_stm32f401xc.o


==============================================================================

Image component sizes


      Code (inc. data)   RO Data    RW Data    ZI Data      Debug   Object Name

       342         48          0         20         20       2991   flash_execute.o
      2612        262         14         71        345       8697   main.o
        64         26        404          0       1536        912   startup_stm32f401xc.o
       154         20          0          4          0       5123   stm32f4xx_hal.o
       416         30          0          0          0      34672   stm32f4xx_hal_cortex.o
        40          0          0          0          0       1391   stm32f4xx_hal_dma.o
       668         60          0          0         32       7294   stm32f4xx_hal_flash.o
       444         26          0          0          0       3910   stm32f4xx_hal_flash_ex.o
       488         32          0          0          0       3501   stm32f4xx_hal_gpio.o
      4482          4          0          0          0      15065   stm32f4xx_hal_hcd.o
       266         22          0          0          0       2636   stm32f4xx_hal_msp.o
      1668         70         16          0          0       6723   stm32f4xx_hal_rcc.o
      1110         28          0          0          0      11875   stm32f4xx_hal_tim.o
       102          0          0          0          0       2858   stm32f4xx_hal_tim_ex.o
      2086         14          0          0          0      11599   stm32f4xx_hal_uart.o
       336         98          0         52          0      12944   stm32f4xx_it.o
      2258         52          0          0          0      19927   stm32f4xx_ll_usb.o
       824         78          0          0         72       6073   system_init.o
       100         18          0          4          0       1737   system_stm32f4xx.o
       672         70          0         21        240       4088   usart_execute.o
       112         24          0          1        968       3462   usb_host.o
      1350          6          4         36          0      16886   usbh_cdc.o
       594         14          0          0        664     251624   usbh_conf.o
      1236         22          0          0          0      11590   usbh_core.o
      1318         12          0          0          0      13876   usbh_ctlreq.o
       226          0          0          0          0       5088   usbh_ioreq.o
       168          0          0          0          0       4710   usbh_pipes.o

    ----------------------------------------------------------------------
     24160       1036        470        216       3880     471252   Object Totals
         0          0         32          0          0          0   (incl. Generated)
        24          0          0          7          3          0   (incl. Padding)

    ----------------------------------------------------------------------

      Code (inc. data)   RO Data    RW Data    ZI Data      Debug   Library Member Name

         8          0          0          0          0         68   __main.o
         0          0          0          0          0          0   __rtentry.o
        12          0          0          0          0          0   __rtentry2.o
         6          0          0          0          0          0   __rtentry4.o
        52          8          0          0          0          0   __scatter.o
        26          0          0          0          0          0   __scatter_copy.o
        28          0          0          0          0          0   __scatter_zi.o
        10          0          0          0          0         68   defsig_exit.o
        50          0          0          0          0         88   defsig_general.o
        80         58          0          0          0         76   defsig_rtmem_inner.o
        14          0          0          0          0         80   defsig_rtmem_outer.o
        12          0          0          0          0         72   exit.o
        94          0          0          0          0         80   h1_alloc.o
        52          0          0          0          0         68   h1_extend.o
        78          0          0          0          0         80   h1_free.o
        14          0          0          0          0         84   h1_init.o
         6          0          0          0          0        152   heapauxi.o
         4          0          0          0          0        136   hguard.o
         0          0          0          0          0          0   indicate_semi.o
       138          0          0          0          0        168   init_alloc.o
         2          0          0          0          0          0   libinit.o
        14          0          0          0          0          0   libinit2.o
         2          0          0          0          0          0   libshutdown.o
         2          0          0          0          0          0   libshutdown2.o
         8          4          0          0         96         68   libspace.o
         0          0          0          0          0          0   maybetermalloc1.o
         8          4          0          0          0         68   rt_heap_descriptor_intlibspace.o
        68          0          0          0          0         68   rt_memclr.o
        78          0          0          0          0         80   rt_memclr_w.o
       100          0          0          0          0         80   rt_memcpy_w.o
         2          0          0          0          0          0   rtexit.o
        10          0          0          0          0          0   rtexit2.o
        12          4          0          0          0         68   sys_exit.o
        74          0          0          0          0         80   sys_stackheap_outer.o
        14          0          0          0          0         76   sys_wrch.o
         2          0          0          0          0         68   use_no_semi.o
        10          0          0          0          0        116   fpinit.o

    ----------------------------------------------------------------------
      1098         78          0          0         96       1992   Library Totals
         8          0          0          0          0          0   (incl. Padding)

    ----------------------------------------------------------------------

      Code (inc. data)   RO Data    RW Data    ZI Data      Debug   Library Name

      1080         78          0          0         96       1876   c_w.l
        10          0          0          0          0        116   fz_wm.l

    ----------------------------------------------------------------------
      1098         78          0          0         96       1992   Library Totals

    ----------------------------------------------------------------------

==============================================================================


      Code (inc. data)   RO Data    RW Data    ZI Data      Debug   

     25258       1114        470        216       3976     451356   Grand Totals
     25258       1114        470        216       3976     451356   ELF Image Totals
     25258       1114        470        216          0          0   ROM Totals

==============================================================================

    Total RO  Size (Code + RO Data)                25728 (  25.13kB)
    Total RW  Size (RW Data + ZI Data)              4192 (   4.09kB)
    Total ROM Size (Code + RO Data + RW Data)      25944 (  25.34kB)

==============================================================================

