Component: ARM Compiler 5.05 update 1 (build 106) Tool: armlink [4d0efa]

==============================================================================

Section Cross References

    usbh_conf.o(i.HAL_HCD_Connect_Callback) refers to usbh_core.o(i.USBH_LL_Connect) for USBH_LL_Connect
    usbh_conf.o(i.HAL_HCD_Disconnect_Callback) refers to usbh_core.o(i.USBH_LL_Disconnect) for USBH_LL_Disconnect
    usbh_conf.o(i.HAL_HCD_MspDeInit) refers to stm32f4xx_hal_gpio.o(i.HAL_GPIO_DeInit) for HAL_GPIO_DeInit
    usbh_conf.o(i.HAL_HCD_MspDeInit) refers to stm32f4xx_hal_cortex.o(i.HAL_NVIC_DisableIRQ) for HAL_NVIC_DisableIRQ
    usbh_conf.o(i.HAL_HCD_MspInit) refers to stm32f4xx_hal_gpio.o(i.HAL_GPIO_Init) for HAL_GPIO_Init
    usbh_conf.o(i.HAL_HCD_MspInit) refers to stm32f4xx_hal_cortex.o(i.HAL_NVIC_SetPriority) for HAL_NVIC_SetPriority
    usbh_conf.o(i.HAL_HCD_MspInit) refers to stm32f4xx_hal_cortex.o(i.HAL_NVIC_EnableIRQ) for HAL_NVIC_EnableIRQ
    usbh_conf.o(i.HAL_HCD_SOF_Callback) refers to usbh_core.o(i.USBH_LL_IncTimer) for USBH_LL_IncTimer
    usbh_conf.o(i.USBH_Delay) refers to stm32f4xx_hal.o(i.HAL_Delay) for HAL_Delay
    usbh_conf.o(i.USBH_LL_ClosePipe) refers to stm32f4xx_hal_hcd.o(i.HAL_HCD_HC_Halt) for HAL_HCD_HC_Halt
    usbh_conf.o(i.USBH_LL_DeInit) refers to stm32f4xx_hal_hcd.o(i.HAL_HCD_DeInit) for HAL_HCD_DeInit
    usbh_conf.o(i.USBH_LL_DriverVBUS) refers to stm32f4xx_hal.o(i.HAL_Delay) for HAL_Delay
    usbh_conf.o(i.USBH_LL_GetLastXferSize) refers to stm32f4xx_hal_hcd.o(i.HAL_HCD_HC_GetXferCount) for HAL_HCD_HC_GetXferCount
    usbh_conf.o(i.USBH_LL_GetSpeed) refers to stm32f4xx_hal_hcd.o(i.HAL_HCD_GetCurrentSpeed) for HAL_HCD_GetCurrentSpeed
    usbh_conf.o(i.USBH_LL_GetURBState) refers to stm32f4xx_hal_hcd.o(i.HAL_HCD_HC_GetURBState) for HAL_HCD_HC_GetURBState
    usbh_conf.o(i.USBH_LL_Init) refers to stm32f4xx_hal_hcd.o(i.HAL_HCD_Init) for HAL_HCD_Init
    usbh_conf.o(i.USBH_LL_Init) refers to main.o(i.Error_Handler) for Error_Handler
    usbh_conf.o(i.USBH_LL_Init) refers to stm32f4xx_hal_hcd.o(i.HAL_HCD_GetCurrentFrame) for HAL_HCD_GetCurrentFrame
    usbh_conf.o(i.USBH_LL_Init) refers to usbh_core.o(i.USBH_LL_SetTimer) for USBH_LL_SetTimer
    usbh_conf.o(i.USBH_LL_Init) refers to usbh_conf.o(.bss) for hhcd_USB_OTG_FS
    usbh_conf.o(i.USBH_LL_OpenPipe) refers to stm32f4xx_hal_hcd.o(i.HAL_HCD_HC_Init) for HAL_HCD_HC_Init
    usbh_conf.o(i.USBH_LL_ResetPort) refers to stm32f4xx_hal_hcd.o(i.HAL_HCD_ResetPort) for HAL_HCD_ResetPort
    usbh_conf.o(i.USBH_LL_Start) refers to stm32f4xx_hal_hcd.o(i.HAL_HCD_Start) for HAL_HCD_Start
    usbh_conf.o(i.USBH_LL_Stop) refers to stm32f4xx_hal_hcd.o(i.HAL_HCD_Stop) for HAL_HCD_Stop
    usbh_conf.o(i.USBH_LL_SubmitURB) refers to stm32f4xx_hal_hcd.o(i.HAL_HCD_HC_SubmitRequest) for HAL_HCD_HC_SubmitRequest
    stm32f4xx_hal_msp.o(i.HAL_MspInit) refers to stm32f4xx_hal_cortex.o(i.HAL_NVIC_SetPriorityGrouping) for HAL_NVIC_SetPriorityGrouping
    stm32f4xx_hal_msp.o(i.HAL_MspInit) refers to stm32f4xx_hal_cortex.o(i.HAL_NVIC_SetPriority) for HAL_NVIC_SetPriority
    stm32f4xx_hal_msp.o(i.HAL_TIM_Base_MspDeInit) refers to stm32f4xx_hal_cortex.o(i.HAL_NVIC_DisableIRQ) for HAL_NVIC_DisableIRQ
    stm32f4xx_hal_msp.o(i.HAL_TIM_Base_MspInit) refers to stm32f4xx_hal_cortex.o(i.HAL_NVIC_SetPriority) for HAL_NVIC_SetPriority
    stm32f4xx_hal_msp.o(i.HAL_TIM_Base_MspInit) refers to stm32f4xx_hal_cortex.o(i.HAL_NVIC_EnableIRQ) for HAL_NVIC_EnableIRQ
    stm32f4xx_hal_msp.o(i.HAL_UART_MspDeInit) refers to stm32f4xx_hal_gpio.o(i.HAL_GPIO_DeInit) for HAL_GPIO_DeInit
    stm32f4xx_hal_msp.o(i.HAL_UART_MspDeInit) refers to stm32f4xx_hal_cortex.o(i.HAL_NVIC_DisableIRQ) for HAL_NVIC_DisableIRQ
    stm32f4xx_hal_msp.o(i.HAL_UART_MspInit) refers to stm32f4xx_hal_gpio.o(i.HAL_GPIO_Init) for HAL_GPIO_Init
    stm32f4xx_hal_msp.o(i.HAL_UART_MspInit) refers to stm32f4xx_hal_cortex.o(i.HAL_NVIC_SetPriority) for HAL_NVIC_SetPriority
    stm32f4xx_hal_msp.o(i.HAL_UART_MspInit) refers to stm32f4xx_hal_cortex.o(i.HAL_NVIC_EnableIRQ) for HAL_NVIC_EnableIRQ
    stm32f4xx_it.o(i.OTG_FS_IRQHandler) refers to stm32f4xx_hal_hcd.o(i.HAL_HCD_IRQHandler) for HAL_HCD_IRQHandler
    stm32f4xx_it.o(i.OTG_FS_IRQHandler) refers to usbh_conf.o(.bss) for hhcd_USB_OTG_FS
    stm32f4xx_it.o(i.SysTick_Handler) refers to stm32f4xx_hal.o(i.HAL_IncTick) for HAL_IncTick
    stm32f4xx_it.o(i.SysTick_Handler) refers to stm32f4xx_hal_cortex.o(i.HAL_SYSTICK_IRQHandler) for HAL_SYSTICK_IRQHandler
    stm32f4xx_it.o(i.SysTick_Handler) refers to stm32f4xx_it.o(.data) for systickCnt1
    stm32f4xx_it.o(i.TIM1_UP_TIM10_IRQHandler) refers to stm32f4xx_hal_tim.o(i.HAL_TIM_IRQHandler) for HAL_TIM_IRQHandler
    stm32f4xx_it.o(i.TIM1_UP_TIM10_IRQHandler) refers to stm32f4xx_hal_gpio.o(i.HAL_GPIO_TogglePin) for HAL_GPIO_TogglePin
    stm32f4xx_it.o(i.TIM1_UP_TIM10_IRQHandler) refers to system_init.o(.bss) for htim1
    stm32f4xx_it.o(i.TIM1_UP_TIM10_IRQHandler) refers to stm32f4xx_it.o(.data) for Tcn
[...]
    i.USBH_CtlReq                            0x08004980   Section        0  usbh_ctlreq.o(i.USBH_CtlReq)
    i.USBH_CtlSendData                       0x080049d4   Section        0  usbh_ioreq.o(i.USBH_CtlSendData)
    i.USBH_CtlSendSetup                      0x08004a08   Section        0  usbh_ioreq.o(i.USBH_CtlSendSetup)
    i.USBH_Delay                             0x08004a2e   Section        0  usbh_conf.o(i.USBH_Delay)
    i.USBH_FindInterface                     0x08004a3a   Section        0  usbh_core.o(i.USBH_FindInterface)
    i.USBH_FreePipe                          0x08004a8a   Section        0  usbh_pipes.o(i.USBH_FreePipe)
    i.USBH_GetDescriptor                     0x08004aa8   Section        0  usbh_ctlreq.o(i.USBH_GetDescriptor)
    i.USBH_GetFreePipe                       0x08004af2   Section        0  usbh_pipes.o(i.USBH_GetFreePipe)
    USBH_GetFreePipe                         0x08004af3   Thumb Code    40  usbh_pipes.o(i.USBH_GetFreePipe)
    i.USBH_GetNextDesc                       0x08004b1a   Section        0  usbh_ctlreq.o(i.USBH_GetNextDesc)
    i.USBH_Get_CfgDesc                       0x08004b2c   Section        0  usbh_ctlreq.o(i.USBH_Get_CfgDesc)
    i.USBH_Get_DevDesc                       0x08004b5a   Section        0  usbh_ctlreq.o(i.USBH_Get_DevDesc)
    i.USBH_Get_StringDesc                    0x08004b88   Section        0  usbh_ctlreq.o(i.USBH_Get_StringDesc)
    i.USBH_HandleControl                     0x08004bbe   Section        0  usbh_ctlreq.o(i.USBH_HandleControl)
    USBH_HandleControl                       0x08004bbf   Thumb Code   446  usbh_ctlreq.o(i.USBH_HandleControl)
    i.USBH_HandleEnum                        0x08004d7c   Section        0  usbh_core.o(i.USBH_HandleEnum)
    USBH_HandleEnum                          0x08004d7d   Thumb Code   346  usbh_core.o(i.USBH_HandleEnum)
    i.USBH_HandleSof                         0x08004ed6   Section        0  usbh_core.o(i.USBH_HandleSof)
    USBH_HandleSof                           0x08004ed7   Thumb Code    28  usbh_core.o(i.USBH_HandleSof)
    i.USBH_Init                              0x08004ef2   Section        0  usbh_core.o(i.USBH_Init)
    i.USBH_LL_ClosePipe                      0x08004f24   Section        0  usbh_conf.o(i.USBH_LL_ClosePipe)
    i.USBH_LL_Connect                        0x08004f38   Section        0  usbh_core.o(i.USBH_LL_Connect)
    i.USBH_LL_Disconnect                     0x08004f66   Section        0  usbh_core.o(i.USBH_LL_Disconnect)
    i.USBH_LL_DriverVBUS                     0x08004fa4   Section        0  usbh_conf.o(i.USBH_LL_DriverVBUS)
    i.USBH_LL_GetLastXferSize                0x08004fbe   Section        0  usbh_conf.o(i.USBH_LL_GetLastXferSize)
    i.USBH_LL_GetSpeed                       0x08004fd0   Section        0  usbh_conf.o(i.USBH_LL_GetSpeed)
    i.USBH_LL_GetURBState                    0x08005000   Section        0  usbh_conf.o(i.USBH_LL_GetURBState)
    i.USBH_LL_IncTimer                       0x08005012   Section        0  usbh_core.o(i.USBH_LL_IncTimer)
    i.USBH_LL_Init                           0x08005028   Section        0  usbh_conf.o(i.USBH_LL_Init)
    i.USBH_LL_OpenPipe                       0x08005080   Section        0  usbh_conf.o(i.USBH_LL_OpenPipe)
    i.USBH_LL_ResetPort                      0x080050ac   Section        0  usbh_conf.o(i.USBH_LL_ResetPort)
    i.USBH_LL_SetTimer                       0x080050bc   Section        0  usbh_core.o(i.USBH_LL_SetTimer)
    i.USBH_LL_SetToggle                      0x080050c2   Section        0  usbh_conf.o(i.USBH_LL_SetToggle)
    i.USBH_LL_Start                          0x080050fc   Section        0  usbh_conf.o(i.USBH_LL_Start)
    i.USBH_LL_Stop                           0x0800510c   Section        0  usbh_conf.o(i.USBH_LL_Stop)
    i.USBH_LL_SubmitURB                      0x0800511c   Section        0  usbh_conf.o(i.USBH_LL_SubmitURB)
    i.USBH_OpenPipe                          0x0800514a   Section        0  usbh_pipes.o(i.USBH_OpenPipe)
    i.USBH_ParseCfgDesc                      0x08005174   Section        0  usbh_ctlreq.o(i.USBH_ParseCfgDesc)
    USBH_ParseCfgDesc                        0x08005175   Thumb Code   218  usbh_ctlreq.o(i.USBH_ParseCfgDesc)
    i.USBH_ParseDevDesc                      0x0800524e   Section        0  usbh_ctlreq.o(i.USBH_ParseDevDesc)
    USBH_ParseDevDesc                        0x0800524f   Thumb Code    88  usbh_ctlreq.o(i.USBH_ParseDevDesc)
    i.USBH_ParseEPDesc                       0x080052a6   Section        0  usbh_ctlreq.o(i.USBH_ParseEPDesc)
    USBH_ParseEPDesc                         0x080052a7   Thumb Code    32  usbh_ctlreq.o(i.USBH_ParseEPDesc)
    i.USBH_ParseInterfaceDesc                0x080052c6   Section        0  usbh_ctlreq.o(i.USBH_ParseInterfaceDesc)
    USBH_ParseInterfaceDesc                  0x080052c7   Thumb Code    38  usbh_ctlreq.o(i.USBH_ParseInterfaceDesc)
    i.USBH_ParseStringDesc                   0x080052ec   Section        0  usbh_ctlreq.o(i.USBH_ParseStringDesc)
    USBH_ParseStringDesc                     0x080052ed   Thumb Code    54  usbh_ctlreq.o(i.USBH_ParseStringDesc)
    i.USBH_Process                           0x08005322   Section        0  usbh_core.o(i.USBH_Process)
    i.USBH_RegisterClass                     0x080054ce   Section        0  usbh_core.o(i.USBH_RegisterClass)
    i.USBH_SelectInterface                   0x080054f8   Section        0  usbh_core.o(i.USBH_SelectInterface)
    i.USBH_SetAddress                        0x0800550e   Section        0  usbh_ctlreq.o(i.USBH_SetAddress)
    i.USBH_SetCfg                            0x08005536   Section        0  usbh_ctlreq.o(i.USBH_SetCfg)
    i.USBH_Start                             0x0800555e   Section        0  usbh_core.o(i.USBH_Start)
    i.USBH_UserProcess                       0x08005574   Section        0  usb_host.o(i.USBH_UserProcess)
    USBH_UserProcess                         0x08005575   Thumb Code    50  usb_host.o(i.USBH_UserProcess)
    i.USB_CoreInit                           0x080055ac   Section        0  stm32f4xx_ll_usb.o(i.USB_CoreInit)
    i.USB_CoreReset                          0x08005614   Section        0  stm32f4xx_ll_usb.o(i.USB_CoreReset)
    USB_CoreReset                            0x08005615   Thumb Code    70  stm32f4xx_ll_usb.o(i.USB_CoreReset)
    i.USB_DisableGlobalInt                   0x08005660   Section        0  stm32f4xx_ll_usb.o(i.USB_DisableGlobalInt)
    i.USB_DoPing                             0x08005670   Section        0  stm32f4xx_ll_usb.o(i.USB_DoPing)
    i.USB_DriveVbus                          0x080056b0   Section        0  stm32f4xx_ll_usb.o(i.USB_DriveVbus)
    i.USB_EnableGlobalInt                    0x080056f4   Section        0  stm32f4xx_ll_usb.o(i.USB_EnableGlobalInt)
    i.USB_FlushRxFifo                        0x08005704   Section        0  stm32f4xx_ll_usb.o(i.USB_FlushRxFifo)
    i.USB_FlushTxFifo                        0x08005730   Section        0  stm32f4xx_ll_usb.o(i.USB_FlushTxFifo)
    i.USB_GetCurrentFrame                    0x08005760   Section        0  stm32f4xx_ll_usb.o(i.USB_GetCurrentFrame)
    i.USB_GetHostSpeed                       0x0800576c   Section        0  stm32f4xx_ll_usb.o(i.USB_GetHostSpeed)
    i.USB_GetMode                            0x0800577e   Section        0  stm32f4xx_ll_usb.o(i.USB_GetMode)
    i.USB_HC_Halt                            0x08005788   Section        0  stm32f4xx_ll_usb.o(i.USB_HC_Halt)
    i.USB_HC_Init                            0x080058d0   Section        0  stm32f4xx_ll_usb.o(i.USB_HC_Init)
    i.USB_HC_ReadInterrupt                   0x08005a58   Section        0  stm32f4xx_ll_usb.o(i.USB_HC_ReadInterrupt)
    i.USB_HC_StartXfer                       0x08005a64   Section        0  stm32f4xx_ll_usb.o(i.USB_HC_StartXfer)
    i.USB_HOST_Task                          0x08005bec   Section        0  main.o(i.USB_HOST_Task)
    i.USB_HostInit                           0x08005ec0   Section        0  stm32f4xx_ll_usb.o(i.USB_HostInit)
    i.USB_InitFSLSPClkSel                    0x08005fac   Section        0  stm32f4xx_ll_usb.o(i.USB_InitFSLSPClkSel)
    i.USB_RT_Process                         0x08005fec   Section        0  main.o(i.USB_RT_Process)
    i.USB_ReadInterrupts                     0x08006074   Section        0  stm32f4xx_ll_usb.o(i.USB_ReadInterrupts)
    i.USB_ReadPacket                         0x08006080   Section        0  stm32f4xx_ll_usb.o(i.USB_ReadPacket)
    i.USB_ResetPort                          0x080060a2   Section        0  stm32f4xx_ll_usb.o(i.USB_ResetPort)
    i.USB_SetCurrentMode                     0x080060d2   Section        0  stm32f4xx_ll_usb.o(i.USB_SetCurrentMode)
    i.USB_StopHost                           0x08006102   Section        0  stm32f4xx_ll_usb.o(i.USB_StopHost)
    i.USB_WritePacket                        0x080061b0   Section        0  stm32f4xx_ll_usb.o(i.USB_WritePacket)
    i.UartPCTask                             0x080061e0   Section        0  main.o(i.UartPCTask)
    i.UsageFault_Handler                     0x08006208   Section        0  stm32f4xx_it.o(i.UsageFault_Handler)
    i.main                                   0x0800620c   Section        0  main.o(i.main)
    x$fpl$fpinit                             0x08006288   Section       10  fpinit.o(x$fpl$fpinit)
    $v0                                      0x08006288   Number         0  fpinit.o(x$fpl$fpinit)
    .constdata                               0x08006292   Section       14  main.o(.constdata)
    .constdata                               0x080062a0   Section       16  stm32f4xx_hal_rcc.o(.constdata)
    .conststring                             0x080062b0   Section        4  usbh_cdc.o(.conststring)
    .data                                    0x20000000   Section       36  stm32f4xx_it.o(.data)
    systickCnt1                              0x20000014   Data           4  stm32f4xx_it.o(.data)
    systickCnt2                              0x20000018   Data           4  stm32f4xx_it.o(.data)
    systickCnt3                              0x2000001c   Data           4  stm32f4xx_it.o(.data)
    systickCnt4                              0x20000020   Data           4  stm32f4xx_it.o(.data)
    .data                                    0x20000024   Section        1  usb_host.o(.data)
    .data                                    0x20000028   Section       77  main.o(.data)
    add_sum                                  0x2000006b   Data           1  main.o(.data)
    i                                        0x2000006c   Data           1  main.o(.data)
    length                                   0x2000006d   Data           1  main.o(.data)
    checksum                                 0x2000006e   Data           1  main.o(.data)
    version_cnt                              0x2000006f   Data           1  main.o(.data)
    SendCnt                                  0x20000070   Data           1  main.o(.data)
    checksum_2                               0x20000071   Data           1  main.o(.data)
    i_2                                      0x20000072   Data           1  main.o(.data)
    checksum_3                               0x20000073   Data           1  main.o(.data)
    i_3                                      0x20000074   Data           1  main.o(.data)
    .data                                    0x20000078   Section       20  flash_execute.o(.data)
    .data                                    0x2000008c   Section       36  usbh_cdc.o(.data)
    .data                                    0x200000b0   Section        4  system_stm32f4xx.o(.data)
    .data                                    0x200000b4   Section        4  stm32f4xx_hal.o(.data)
    .bss                                     0x200000b8   Section      664  usbh_conf.o(.bss)
    .bss                                     0x20000350   Section      968  usb_host.o(.bss)
    .bss                                     0x20000718   Section      345  main.o(.bss)
    .bss                                     0x20000874   Section       60  system_init.o(.bss)
    .bss                                     0x200008b0   Section       20  flash_execute.o(.bss)
    EraseInitStruct                          0x200008b0   Data          20  flash_execute.o(.bss)
    .bss                                     0x200008c4   Section       32  stm32f4xx_hal_flash.o(.bss)
    .bss                                     0x200008e4   Section       96  libspace.o(.bss)
    HEAP                                     0x20000948   Section      512  startup_stm32f401xc.o(HEAP)
    Heap_Mem                                 0x20000948   Data         512  startup_stm32f401xc.o(HEAP)
    STACK                                    0x20000b48   Section     1024  startup_stm32f401xc.o(STACK)
    Stack_Mem                                0x20000b48   Data        1024  startup_stm32f401xc.o(STACK)
    __initial_sp                             0x20000f48   Data           0  startup_stm32f401xc.o(STACK)

    Global Symbols

    Symbol Name                              Value     Ov Type        Size  Object(Section)

    BuildAttributes$$THM_ISAv4$E$P$D$K$B$S$7EM$VFPi3$EXTD16$VFPS$VFMA$PE$A:L22UL41UL21$X:L11$S22US41US21$IEEE1$IW$USESV6$~STKCKD$USESV7$~SHL$OTIME$ROPI$EBA8$UX$STANDARDLIB$REQ8$PRES8$EABIv2 0x00000000   Number         0  anon$$obj.o ABSOLUTE
    __ARM_use_no_argv                        0x00000000   Number         0  main.o ABSOLUTE
    __ARM_exceptions_init                     - Undefined Weak Reference
    __alloca_initialize                       - Undefined Weak Reference
    __arm_preinit_                            - Undefined Weak Reference
    __cpp_initialize__aeabi_                  - Undefined Weak Reference
    __cxa_finalize                            - Undefined Weak Reference
    __rt_locale                               - Undefined Weak Reference
    __sigvec_lookup                           - Undefined Weak Reference
    __user_heap_extent                        - Undefined Weak Reference
    _atexit_init                              - Undefined Weak Reference
    _call_atexit_fns                          - Undefined Weak Reference
    _clock_init                               - Undefined Weak Reference
    _fp_trap_init                             - Undefined Weak Reference
    _fp_trap_shutdown                         - Undefined Weak Reference
    _get_lc_collate                           - Undefined Weak Reference
    _get_lc_ctype                             - Undefined Weak Reference
    _get_lc_monetary                          - Undefined Weak Reference
    _get_lc_numeric                           - Undefined Weak Reference
    _get_lc_time                              - Undefined Weak Reference
    _getenv_init                              - Undefined Weak Reference
    _handle_redirection                       - Undefined Weak Reference
    _initio                                   - Undefined Weak Reference
    _mutex_acquire                            - Undefined Weak Reference
    _mutex_free                               - Undefined Weak Reference
    _mutex_release                            - Undefined Weak Reference
    _rand_init                                - Undefined Weak Reference
    _signal_finish                            - Undefined Weak Reference
    _signal_init                              - Undefined Weak Reference
    _terminateio                              - Undefined Weak Reference
    __Vectors_Size                           0x00000194   Number         0  startup_stm32f401xc.o ABSOLUTE
    __Vectors                                0x08000000   Data           4  startup_stm32f401xc.o(RESET)
    __Vectors_End                            0x08000194   Data           0  startup_stm32f401xc.o(RESET)
    __main                                   0x08000195   Thumb Code     8  __main.o(!!!main)
    __scatterload                            0x0800019d   Thumb Code     0  __scatter.o(!!!scatter)
    __scatterload_rt2                        0x0800019d   Thumb Code    44  __scatter.o(!!!scatter)
    __scatterload_rt2_thumb_only             0x0800019d   Thumb Code     0  __scatter.o(!!!scatter)
    __scatterload_null                       0x080001ab   Thumb Code     0  __scatter.o(!!!scatter)
    __scatterload_copy                       0x080001d1   Thumb Code    26  __scatter_copy.o(!!handler_copy)
    __scatterload_zeroinit                   0x080001ed   Thumb Code    28  __scatter_zi.o(!!handler_zi)
    __rt_lib_init                            0x08000209   Thumb Code     0  libinit.o(.ARM.Collect$$libinit$$00000000)
    __rt_lib_init_fp_1                       0x0800020b   Thumb Code     0  libinit2.o(.ARM.Collect$$libinit$$00000001)
    __rt_lib_init_heap_2                     0x0800020f   Thumb Code     0  libinit2.o(.ARM.Collect$$libinit$$00000005)
    __rt_lib_init_preinit_1                  0x0800020f   Thumb Code     0  libinit2.o(.ARM.Collect$$libinit$$00000004)
    __rt_lib_init_alloca_1                   0x08000217   Thumb Code     0  libinit2.o(.ARM.Collect$$libinit$$0000002E)
    __rt_lib_init_argv_1                     0x08000217   Thumb Code     0  libinit2.o(.ARM.Collect$$libinit$$0000002C)
    __rt_lib_init_atexit_1                   0x08000217   Thumb Code     0  libinit2.o(.ARM.Collect$$libinit$$0000001B)
    __rt_lib_init_clock_1                    0x08000217   Thumb Code     0  libinit2.o(.ARM.Collect$$libinit$$00000021)
    __rt_lib_init_cpp_1                      0x08000217   Thumb Code     0  libinit2.o(.ARM.Collect$$libinit$$00000032)
    __rt_lib_init_exceptions_1               0x08000217   Thumb Code     0  libinit2.o(.ARM.Collect$$libinit$$00000030)
    __rt_lib_init_fp_trap_1                  0x08000217   Thumb Code     0  libinit2.o(.ARM.Collect$$libinit$$0000001F)
    __rt_lib_init_getenv_1                   0x08000217   Thumb Code     0  libinit2.o(.ARM.Collect$$libinit$$00000023)
    __rt_lib_init_heap_1                     0x08000217   Thumb Code     0  libinit2.o(.ARM.Collect$$libinit$$0000000A)
    __rt_lib_init_lc_collate_1               0x08000217   Thumb Code     0  libinit2.o(.ARM.Collect$$libinit$$00000011)
    __rt_lib_init_lc_ctype_1                 0x08000217   Thumb Code     0  libinit2.o(.ARM.Collect$$libinit$$00000013)
    __rt_lib_init_lc_monetary_1              0x08000217   Thumb Code     0  libinit2.o(.ARM.Collect$$libinit$$00000015)
    __rt_lib_init_lc_numeric_1               0x08000217   Thumb Code     0  libinit2.o(.ARM.Collect$$libinit$$00000017)
    __rt_lib_init_lc_time_1                  0x08000217   Thumb Code     0  libinit2.o(.ARM.Collect$$libinit$$00000019)
    __rt_lib_init_rand_1                     0x08000217   Thumb Code     0  libinit2.o(.ARM.Collect$$libinit$$0000000E)
    __rt_lib_init_return                     0x08000217   Thumb Code     0  libinit2.o(.ARM.Collect$$libinit$$00000033)
    __rt_lib_init_signal_1                   0x08000217   Thumb Code     0  libinit2.o(.ARM.Collect$$libinit$$0000001D)
    __rt_lib_init_stdio_1                    0x08000217   Thumb Code     0  libinit2.o(.ARM.Collect$$libinit$$00000025)
    __rt_lib_init_user_alloc_1               0x08000217   Thumb Code     0  libinit2.o(.ARM.Collect$$libinit$$0000000C)
    __rt_lib_shutdown                        0x08000219   Thumb Code     0  libshutdown.o(.ARM.Collect$$libshutdown$$00000000)
    __rt_lib_shutdown_fp_trap_1              0x0800021b   Thumb Code     0  libshutdown2.o(.ARM.Collect$$libshutdown$$00000006)
    __rt_lib_shutdown_heap_1                 0x0800021b   Thumb Code     0  libshutdown2.o(.ARM.Collect$$libshutdown$$0000000E)
    __rt_lib_shutdown_return                 0x0800021b   Thumb Code     0  libshutdown2.o(.ARM.Collect$$libshutdown$$0000000F)
    __rt_lib_shutdown_signal_1               0x0800021b   Thumb Code     0  libshutdown2.o(.ARM.Collect$$libshutdown$$00000009)
    __rt_lib_shutdown_stdio_1                0x0800021b   Thumb Code     0  libshutdown2.o(.ARM.Collect$$libshutdown$$00000003)
    __rt_lib_shutdown_user_alloc_1           0x0800021b   Thumb Code     0  libshutdown2.o(.ARM.Collect$$libshutdown$$0000000B)
    __rt_entry                               0x0800021d   Thumb Code     0  __rtentry.o(.ARM.Collect$$rtentry$$00000000)
    __rt_entry_presh_1                       0x0800021d   Thumb Code     0  __rtentry2.o(.ARM.Collect$$rtentry$$00000002)
    __rt_entry_sh                            0x0800021d   Thumb Code     0  __rtentry4.o(.ARM.Collect$$rtentry$$00000004)
    __rt_entry_li                            0x08000223   Thumb Code     0  __rtentry2.o(.ARM.Collect$$rtentry$$0000000A)
    __rt_entry_postsh_1                      0x08000223   Thumb Code     0  __rtentry2.o(.ARM.Collect$$rtentry$$00000009)
    __rt_entry_main                          0x08000227   Thumb Code     0  __rtentry2.o(.ARM.Collect$$rtentry$$0000000D)
    __rt_entry_postli_1                      0x08000227   Thumb Code     0  __rtentry2.o(.ARM.Collect$$rtentry$$0000000C)
    __rt_exit                                0x0800022f   Thumb Code     0  rtexit.o(.ARM.Collect$$rtexit$$00000000)
    __rt_exit_ls                             0x08000231   Thumb Code     0  rtexit2.o(.ARM.Collect$$rtexit$$00000003)
    __rt_exit_prels_1                        0x08000231   Thumb Code     0  rtexit2.o(.ARM.Collect$$rtexit$$00000002)
    __rt_exit_exit                           0x08000235   Thumb Code     0  rtexit2.o(.ARM.Collect$$rtexit$$00000004)
    Reset_Handler                            0x0800023d   Thumb Code     8  startup_stm32f401xc.o(.text)
    _maybe_terminate_alloc                   0x0800023d   Thumb Code     0  maybetermalloc1.o(.emb_text)
    ADC_IRQHandler                           0x08000257   Thumb Code     0  startup_stm32f401xc.o(.text)
    DMA1_Stream0_IRQHandler                  0x08000257   Thumb Code     0  startup_stm32f401xc.o(.text)
    DMA1_Stream1_IRQHandler                  0x08000257   Thumb Code     0  startup_stm32f401xc.o(.text)
    DMA1_Stream2_IRQHandler                  0x08000257   Thumb Code     0  startup_stm32f401xc.o(.text)
    DMA1_Stream3_IRQHandler                  0x08000257   Thumb Code     0  startup_stm32f401xc.o(.text)
    DMA1_Stream4_IRQHandler                  0x08000257   Thumb Code     0  startup_stm32f401xc.o(.text)
    DMA1_Stream5_IRQHandler                  0x08000257   Thumb Code     0  startup_stm32f401xc.o(.text)
    DMA1_Stream6_IRQHandler                  0x08000257   Thumb Code     0  startup_stm32f401xc.o(.text)
    DMA1_Stream7_IRQHandler                  0x08000257   Thumb Code     0  startup_stm32f401xc.o(.text)
    DMA2_Stream0_IRQHandler                  0x08000257   Thumb Code     0  startup_stm32f401xc.o(.text)
    DMA2_Stream1_IRQHandler                  0x08000257   Thumb Code     0  startup_stm32f401xc.o(.text)
    DMA2_Stream2_IRQHandler                  0x08000257   Thumb Code     0  startup_stm32f401xc.o(.text)
    DMA2_Stream3_IRQHandler                  0x08000257   Thumb Code     0  startup_stm32f401xc.o(.text)
    DMA2_Stream4_IRQHandler                  0x08000257   Thumb Code     0  startup_stm32f401xc.o(.text)
    DMA2_Stream5_IRQHandler                  0x08000257   Thumb Code     0  startup_stm32f401xc.o(.text)
    DMA2_Stream6_IRQHandler                  0x08000257   Thumb Code     0  startup_stm32f401xc.o(.text)
    DMA2_Stream7_IRQHandler                  0x08000257   Thumb Code     0  startup_stm32f401xc.o(.text)
    EXTI0_IRQHandler                         0x08000257   Thumb Code     0  startup_stm32f401xc.o(.text)
    EXTI15_10_IRQHandler                     0x08000257   Thumb Code     0  startup_stm32f401xc.o(.text)
    EXTI1_IRQHandler                         0x08000257   Thumb Code     0  startup_stm32f401xc.o(.text)
    EXTI2_IRQHandler                         0x08000257   Thumb Code     0  startup_stm32f401xc.o(.text)
    EXTI3_IRQHandler                         0x08000257   Thumb Code     0  startup_stm32f401xc.o(.text)
    EXTI4_IRQHandler                         0x08000257   Thumb Code     0  startup_stm32f401xc.o(.text)
    EXTI9_5_IRQHandler                       0x08000257   Thumb Code     0  startup_stm32f401xc.o(.text)
    FLASH_IRQHandler                         0x08000257   Thumb Code     0  startup_stm32f401xc.o(.text)
    FPU_IRQHandler                           0x08000257   Thumb Code     0  startup_stm32f401xc.o(.text)
    I2C1_ER_IRQHandler                       0x08000257   Thumb Code     0  startup_stm32f401xc.o(.text)
    I2C1_EV_IRQHandler                       0x08000257   Thumb Code     0  startup_stm32f401xc.o(.text)
    I2C2_ER_IRQHandler                       0x08000257   Thumb Code     0  startup_stm32f401xc.o(.text)
    I2C2_EV_IRQHandler                       0x08000257   Thumb Code     0  startup_stm32f401xc.o(.text)
    I2C3_ER_IRQHandler                       0x08000257   Thumb Code     0  startup_stm32f401xc.o(.text)
    I2C3_EV_IRQHandler                       0x08000257   Thumb Code     0  startup_stm32f401xc.o(.text)
    OTG_FS_WKUP_IRQHandler                   0x08000257   Thumb Code     0  startup_stm32f401xc.o(.text)
    PVD_IRQHandler                           0x08000257   Thumb Code     0  startup_stm32f401xc.o(.text)
    RCC_IRQHandler                           0x08000257   Thumb Code     0  startup_stm32f401xc.o(.text)
    RTC_Alarm_IRQHandler                     0x08000257   Thumb Code     0  startup_stm32f401xc.o(.text)
    RTC_WKUP_IRQHandler                      0x08000257   Thumb Code     0  startup_stm32f401xc.o(.text)
    SDIO_IRQHandler                          0x08000257   Thumb Code     0  startup_stm32f401xc.o(.text)
    SPI1_IRQHandler                          0x08000257   Thumb Code     0  startup_stm32f401xc.o(.text)
    SPI2_IRQHandler                          0x08000257   Thumb Code     0  startup_stm32f401xc.o(.text)
    SPI3_IRQHandler                          0x08000257   Thumb Code     0  startup_stm32f401xc.o(.text)
    SPI4_IRQHandler                          0x08000257   Thumb Code     0  startup_stm32f401xc.o(.text)
    TAMP_STAMP_IRQHandler                    0x08000257   Thumb Code     0  startup_stm32f401xc.o(.text)
    TIM1_BRK_TIM9_IRQHandler                 0x08000257   Thumb Code     0  startup_stm32f401xc.o(.text)
    TIM1_CC_IRQHandler                       0x08000257   Thumb Code     0  startup_stm32f401xc.o(.text)
    TIM1_TRG_COM_TIM11_IRQHandler            0x08000257   Thumb Code     0  startup_stm32f401xc.o(.text)
    TIM2_IRQHandler                          0x08000257   Thumb Code     0  startup_stm32f401xc.o(.text)
    TIM3_IRQHandler                          0x08000257   Thumb Code     0  startup_stm32f401xc.o(.text)
    TIM4_IRQHandler                          0x08000257   Thumb Code     0  startup_stm32f401xc.o(.text)
    TIM5_IRQHandler                          0x08000257   Thumb Code     0  startup_stm32f401xc.o(.text)
    USART2_IRQHandler                        0x08000257   Thumb Code     0  startup_stm32f401xc.o(.text)
    USART6_IRQHandler                        0x08000257   Thumb Code     0  startup_stm32f401xc.o(.text)
    WWDG_IRQHandler                          0x08000257   Thumb Code     0  startup_stm32f401xc.o(.text)
    __user_initial_stackheap                 0x08000259   Thumb Code     0  startup_stm32f401xc.o(.text)
    malloc                                   0x0800027d   Thumb Code    94  h1_alloc.o(.text)
    free                                     0x080002db   Thumb Code    78  h1_free.o(.text)
    __aeabi_memcpy4                          0x08000329   Thumb Code     0  rt_memcpy_w.o(.text)
    __aeabi_memcpy8                          0x08000329   Thumb Code     0  rt_memcpy_w.o(.text)
    __rt_memcpy_w                            0x08000329   Thumb Code   100  rt_memcpy_w.o(.text)
    _memcpy_lastbytes_aligned                0x08000371   Thumb Code     0  rt_memcpy_w.o(.text)
    __aeabi_memclr                           0x0800038d   Thumb Code     0  rt_memclr.o(.text)
    __rt_memclr                              0x0800038d   Thumb Code    68  rt_memclr.o(.text)
    _memset                                  0x08000391   Thumb Code     0  rt_memclr.o(.text)
    __use_two_region_memory                  0x080003d1   Thumb Code     2  heapauxi.o(.text)
    __rt_heap_escrow                         0x080003d3   Thumb Code     2  heapauxi.o(.text)
    __rt_heap_expand                         0x080003d5   Thumb Code     2  heapauxi.o(.text)
    __rt_heap_descriptor                     0x080003d9   Thumb Code     8  rt_heap_descriptor_intlibspace.o(.text)
    __use_no_heap                            0x080003e1   Thumb Code     2  hguard.o(.text)
    __heap$guard                             0x080003e3   Thumb Code     2  hguard.o(.text)
    _terminate_user_alloc                    0x080003e5   Thumb Code     2  init_alloc.o(.text)
    _init_user_alloc                         0x080003e7   Thumb Code     2  init_alloc.o(.text)
    __Heap_Full                              0x080003e9   Thumb Code    34  init_alloc.o(.text)
    __Heap_Broken                            0x0800040b   Thumb Code     6  init_alloc.o(.text)
    _init_alloc                              0x08000411   Thumb Code    94  init_alloc.o(.text)
    __Heap_Initialize                        0x0800046f   Thumb Code    10  h1_init.o(.text)
    __Heap_DescSize                          0x08000479   Thumb Code     4  h1_init.o(.text)
    __aeabi_memclr4                          0x0800047d   Thumb Code     0  rt_memclr_w.o(.text)
    __aeabi_memclr8                          0x0800047d   Thumb Code     0  rt_memclr_w.o(.text)
    __rt_memclr_w                            0x0800047d   Thumb Code    78  rt_memclr_w.o(.text)
    _memset_w                                0x08000481   Thumb Code     0  rt_memclr_w.o(.text)
    __user_libspace                          0x080004cd   Thumb Code     8  libspace.o(.text)
    __user_perproc_libspace                  0x080004cd   Thumb Code     0  libspace.o(.text)
    __user_perthread_libspace                0x080004cd   Thumb Code     0  libspace.o(.text)
    __Heap_ProvideMemory                     0x080004d5   Thumb Code    52  h1_extend.o(.text)
    __rt_SIGRTMEM                            0x08000509   Thumb Code    14  defsig_rtmem_outer.o(.text)
    __I$use$semihosting                      0x08000517   Thumb Code     0  use_no_semi.o(.text)
    __use_no_semihosting_swi                 0x08000517   Thumb Code     2  use_no_semi.o(.text)
    __semihosting_library_function           0x08000519   Thumb Code     0  indicate_semi.o(.text)
    __user_setup_stackheap                   0x08000519   Thumb Code    74  sys_stackheap_outer.o(.text)
    exit                                     0x08000563   Thumb Code    12  exit.o(.text)
    __sig_exit                               0x0800056f   Thumb Code    10  defsig_exit.o(.text)
    __rt_SIGRTMEM_inner                      0x08000579   Thumb Code    22  defsig_rtmem_inner.o(.text)
    _sys_exit                                0x080005c9   Thumb Code     8  sys_exit.o(.text)
    __default_signal_display                 0x080005d5   Thumb Code    50  defsig_general.o(.text)
    _ttywrch                                 0x08000607   Thumb Code    14  sys_wrch.o(.text)
    Add_Check                                0x08000615   Thumb Code    40  usart_execute.o(i.Add_Check)
    BusFault_Handler                         0x0800063d   Thumb Code     4  stm32f4xx_it.o(i.BusFault_Handler)
    DebugMon_Handler                         0x080007b7   Thumb Code     2  stm32f4xx_it.o(i.DebugMon_Handler)
    Erase_Flash                              0x080007b9   Thumb Code   170  flash_execute.o(i.Erase_Flash)
    Error_Handler                            0x0800087d   Thumb Code     4  main.o(i.Error_Handler)
    FLASH_Erase_Sector                       0x08000881   Thumb Code    98  stm32f4xx_hal_flash_ex.o(i.FLASH_Erase_Sector)
    FLASH_FlushCaches                        0x080008e9   Thumb Code   114  stm32f4xx_hal_flash_ex.o(i.FLASH_FlushCaches)
    FLASH_WaitForLastOperation               0x08000ae5   Thumb Code   102  stm32f4xx_hal_flash.o(i.FLASH_WaitForLastOperation)
    HAL_DMA_Abort_IT                         0x08000c0b   Thumb Code    40  stm32f4xx_hal_dma.o(i.HAL_DMA_Abort_IT)
    HAL_Delay                                0x08000c33   Thumb Code    26  stm32f4xx_hal.o(i.HAL_Delay)
    HAL_FLASHEx_Erase                        0x08000c4d   Thumb Code   164  stm32f4xx_hal_flash_ex.o(i.HAL_FLASHEx_Erase)
    HAL_FLASH_Lock                           0x08000cf9   Thumb Code    16  stm32f4xx_hal_flash.o(i.HAL_FLASH_Lock)
    HAL_FLASH_Program                        0x08000d0d   Thumb Code   142  stm32f4xx_hal_flash.o(i.HAL_FLASH_Program)
    HAL_FLASH_Unlock                         0x08000da5   Thumb Code    32  stm32f4xx_hal_flash.o(i.HAL_FLASH_Unlock)
    HAL_GPIO_Init                            0x08000dd1   Thumb Code   436  stm32f4xx_hal_gpio.o(i.HAL_GPIO_Init)
    HAL_GPIO_TogglePin                       0x08000fa5   Thumb Code     8  stm32f4xx_hal_gpio.o(i.HAL_GPIO_TogglePin)
    HAL_GPIO_WritePin                        0x08000fad   Thumb Code    12  stm32f4xx_hal_gpio.o(i.HAL_GPIO_WritePin)
    HAL_GetTick                              0x08000fb9   Thumb Code     6  stm32f4xx_hal.o(i.HAL_GetTick)
    HAL_HCD_Connect_Callback                 0x08000fc5   Thumb Code    14  usbh_conf.o(i.HAL_HCD_Connect_Callback)
    HAL_HCD_Disconnect_Callback              0x08000fd3   Thumb Code    14  usbh_conf.o(i.HAL_HCD_Disconnect_Callback)
    HAL_HCD_GetCurrentFrame                  0x08000fe1   Thumb Code    12  stm32f4xx_hal_hcd.o(i.HAL_HCD_GetCurrentFrame)
    HAL_HCD_GetCurrentSpeed                  0x08000fed   Thumb Code    12  stm32f4xx_hal_hcd.o(i.HAL_HCD_GetCurrentSpeed)
    HAL_HCD_HC_GetURBState                   0x08000ff9   Thumb Code    20  stm32f4xx_hal_hcd.o(i.HAL_HCD_HC_GetURBState)
    HAL_HCD_HC_GetXferCount                  0x0800100d   Thumb Code    18  stm32f4xx_hal_hcd.o(i.HAL_HCD_HC_GetXferCount)
    HAL_HCD_HC_Halt                          0x0800101f   Thumb Code    52  stm32f4xx_hal_hcd.o(i.HAL_HCD_HC_Halt)
    HAL_HCD_HC_Init                          0x08001053   Thumb Code   186  stm32f4xx_hal_hcd.o(i.HAL_HCD_HC_Init)
    HAL_HCD_HC_NotifyURBChange_Callback      0x0800110d   Thumb Code     2  usbh_conf.o(i.HAL_HCD_HC_NotifyURBChange_Callback)
    HAL_HCD_HC_SubmitRequest                 0x0800110f   Thumb Code   616  stm32f4xx_hal_hcd.o(i.HAL_HCD_HC_SubmitRequest)
    HAL_HCD_IRQHandler                       0x08001377   Thumb Code   358  stm32f4xx_hal_hcd.o(i.HAL_HCD_IRQHandler)
    HAL_HCD_Init                             0x080014dd   Thumb Code    90  stm32f4xx_hal_hcd.o(i.HAL_HCD_Init)
    HAL_HCD_MspInit                          0x08001539   Thumb Code   116  usbh_conf.o(i.HAL_HCD_MspInit)
    HAL_HCD_ResetPort                        0x080015b5   Thumb Code    12  stm32f4xx_hal_hcd.o(i.HAL_HCD_ResetPort)
    HAL_HCD_SOF_Callback                     0x080015c1   Thumb Code    14  usbh_conf.o(i.HAL_HCD_SOF_Callback)
    HAL_HCD_Start                            0x080015cf   Thumb Code    54  stm32f4xx_hal_hcd.o(i.HAL_HCD_Start)
    HAL_HCD_Stop                             0x08001605   Thumb Code    46  stm32f4xx_hal_hcd.o(i.HAL_HCD_Stop)
    HAL_IncTick                              0x08001635   Thumb Code    12  stm32f4xx_hal.o(i.HAL_IncTick)
    HAL_Init                                 0x08001645   Thumb Code    54  stm32f4xx_hal.o(i.HAL_Init)
    HAL_InitTick                             0x08001681   Thumb Code    36  stm32f4xx_hal.o(i.HAL_InitTick)
    HAL_MspInit                              0x080016a9   Thumb Code    86  stm32f4xx_hal_msp.o(i.HAL_MspInit)
    HAL_NVIC_EnableIRQ                       0x080016ff   Thumb Code    26  stm32f4xx_hal_cortex.o(i.HAL_NVIC_EnableIRQ)
    HAL_NVIC_SetPriority                     0x08001719   Thumb Code   124  stm32f4xx_hal_cortex.o(i.HAL_NVIC_SetPriority)
    HAL_NVIC_SetPriorityGrouping             0x08001795   Thumb Code    32  stm32f4xx_hal_cortex.o(i.HAL_NVIC_SetPriorityGrouping)
    HAL_RCC_ClockConfig                      0x080017bd   Thumb Code   446  stm32f4xx_hal_rcc.o(i.HAL_RCC_ClockConfig)
    HAL_RCC_GetHCLKFreq                      0x0800198d   Thumb Code     6  stm32f4xx_hal_rcc.o(i.HAL_RCC_GetHCLKFreq)
    HAL_RCC_GetPCLK1Freq                     0x08001999   Thumb Code    36  stm32f4xx_hal_rcc.o(i.HAL_RCC_GetPCLK1Freq)
    HAL_RCC_GetPCLK2Freq                     0x080019c5   Thumb Code    36  stm32f4xx_hal_rcc.o(i.HAL_RCC_GetPCLK2Freq)
    HAL_RCC_GetSysClockFreq                  0x080019f1   Thumb Code   168  stm32f4xx_hal_rcc.o(i.HAL_RCC_GetSysClockFreq)
    HAL_RCC_OscConfig                        0x08001aa5   Thumb Code   906  stm32f4xx_hal_rcc.o(i.HAL_RCC_OscConfig)
    HAL_SYSTICK_CLKSourceConfig              0x08001e41   Thumb Code    40  stm32f4xx_hal_cortex.o(i.HAL_SYSTICK_CLKSourceConfig)
    HAL_SYSTICK_Callback                     0x08001e69   Thumb Code     2  stm32f4xx_hal_cortex.o(i.HAL_SYSTICK_Callback)
    HAL_SYSTICK_Config                       0x08001e6b   Thumb Code    52  stm32f4xx_hal_cortex.o(i.HAL_SYSTICK_Config)
    HAL_SYSTICK_IRQHandler                   0x08001e9f   Thumb Code     8  stm32f4xx_hal_cortex.o(i.HAL_SYSTICK_IRQHandler)
    HAL_TIMEx_BreakCallback                  0x08001ea7   Thumb Code     2  stm32f4xx_hal_tim_ex.o(i.HAL_TIMEx_BreakCallback)
    HAL_TIMEx_CommutationCallback            0x08001ea9   Thumb Code     2  stm32f4xx_hal_tim_ex.o(i.HAL_TIMEx_CommutationCallback)
    HAL_TIMEx_MasterConfigSynchronization    0x08001eab   Thumb Code    98  stm32f4xx_hal_tim_ex.o(i.HAL_TIMEx_MasterConfigSynchronization)
    HAL_TIM_Base_Init                        0x08001f0d   Thumb Code    52  stm32f4xx_hal_tim.o(i.HAL_TIM_Base_Init)
    HAL_TIM_Base_MspInit                     0x08001f41   Thumb Code    62  stm32f4xx_hal_msp.o(i.HAL_TIM_Base_MspInit)
    HAL_TIM_Base_Start_IT                    0x08001f89   Thumb Code    30  stm32f4xx_hal_tim.o(i.HAL_TIM_Base_Start_IT)
    HAL_TIM_ConfigClockSource                0x08001fa7   Thumb Code   306  stm32f4xx_hal_tim.o(i.HAL_TIM_ConfigClockSource)
    HAL_TIM_IC_CaptureCallback               0x080020d9   Thumb Code     2  stm32f4xx_hal_tim.o(i.HAL_TIM_IC_CaptureCallback)
    HAL_TIM_IRQHandler                       0x080020db   Thumb Code   406  stm32f4xx_hal_tim.o(i.HAL_TIM_IRQHandler)
    HAL_TIM_OC_DelayElapsedCallback          0x08002271   Thumb Code     2  stm32f4xx_hal_tim.o(i.HAL_TIM_OC_DelayElapsedCallback)
    HAL_TIM_PWM_PulseFinishedCallback        0x08002273   Thumb Code     2  stm32f4xx_hal_tim.o(i.HAL_TIM_PWM_PulseFinishedCallback)
    HAL_TIM_PeriodElapsedCallback            0x08002275   Thumb Code     2  stm32f4xx_hal_tim.o(i.HAL_TIM_PeriodElapsedCallback)
    HAL_TIM_TriggerCallback                  0x08002277   Thumb Code     2  stm32f4xx_hal_tim.o(i.HAL_TIM_TriggerCallback)
    HAL_UART_ErrorCallback                   0x08002279   Thumb Code     2  stm32f4xx_hal_uart.o(i.HAL_UART_ErrorCallback)
    HAL_UART_IRQHandler                      0x0800227d   Thumb Code   326  stm32f4xx_hal_uart.o(i.HAL_UART_IRQHandler)
    HAL_UART_Init                            0x080023c9   Thumb Code   114  stm32f4xx_hal_uart.o(i.HAL_UART_Init)
    HAL_UART_MspInit                         0x0800243d   Thumb Code    96  stm32f4xx_hal_msp.o(i.HAL_UART_MspInit)
    HAL_UART_Receive_IT                      0x080024a9   Thumb Code   100  stm32f4xx_hal_uart.o(i.HAL_UART_Receive_IT)
    HAL_UART_RxCpltCallback                  0x0800250d   Thumb Code   154  usart_execute.o(i.HAL_UART_RxCpltCallback)
    HAL_UART_Transmit                        0x080025bd   Thumb Code   214  stm32f4xx_hal_uart.o(i.HAL_UART_Transmit)
    HAL_UART_TxCpltCallback                  0x08002693   Thumb Code     2  stm32f4xx_hal_uart.o(i.HAL_UART_TxCpltCallback)
    HardFault_Handler                        0x08003255   Thumb Code     4  stm32f4xx_it.o(i.HardFault_Handler)
    MX_USB_HOST_Init                         0x08003449   Thumb Code    28  usb_host.o(i.MX_USB_HOST_Init)
    MX_USB_HOST_Process                      0x08003471   Thumb Code    10  usb_host.o(i.MX_USB_HOST_Process)
    MemManage_Handler                        0x08003481   Thumb Code     4  stm32f4xx_it.o(i.MemManage_Handler)
    NMI_Handler                              0x08003485   Thumb Code     2  stm32f4xx_it.o(i.NMI_Handler)
    OTG_FS_IRQHandler                        0x080034c1   Thumb Code    10  stm32f4xx_it.o(i.OTG_FS_IRQHandler)
    PendSV_Handler                           0x080034d1   Thumb Code     2  stm32f4xx_it.o(i.PendSV_Handler)
    RxExecute                                0x080034d5   Thumb Code  1254  main.o(i.RxExecute)
    SVC_Handler                              0x080039dd   Thumb Code     2  stm32f4xx_it.o(i.SVC_Handler)
    SysTick_Handler                          0x08003a05   Thumb Code   152  stm32f4xx_it.o(i.SysTick_Handler)
    SystemClock_Config                       0x08003add   Thumb Code   186  system_init.o(i.SystemClock_Config)
    SystemInit                               0x08003ba1   Thumb Code    82  system_stm32f4xx.o(i.SystemInit)
    System_Init                              0x08003c05   Thumb Code    60  system_init.o(i.System_Init)
    TIM1_UP_TIM10_IRQHandler                 0x08003c45   Thumb Code    40  stm32f4xx_it.o(i.TIM1_UP_TIM10_IRQHandler)
    TIM_Base_SetConfig                       0x08003c79   Thumb Code   148  stm32f4xx_hal_tim.o(i.TIM_Base_SetConfig)
    USART1_IRQHandler                        0x080042d5   Thumb Code    10  stm32f4xx_it.o(i.USART1_IRQHandler)
    USBH_AllocPipe                           0x080042e5   Thumb Code    38  usbh_pipes.o(i.USBH_AllocPipe)
    USBH_BulkReceiveData                     0x0800430b   Thumb Code    42  usbh_ioreq.o(i.USBH_BulkReceiveData)
    USBH_BulkSendData                        0x08004335   Thumb Code    52  usbh_ioreq.o(i.USBH_BulkSendData)
    USBH_CDC_LineCodingChanged               0x080045f7   Thumb Code     2  usbh_cdc.o(i.USBH_CDC_LineCodingChanged)
    USBH_CDC_Receive                         0x080046c1   Thumb Code    46  usbh_cdc.o(i.USBH_CDC_Receive)
    USBH_CDC_ReceiveCallback                 0x080046f1   Thumb Code   428  main.o(i.USBH_CDC_ReceiveCallback)
    USBH_CDC_SetLineCoding                   0x080048cf   Thumb Code    28  usbh_cdc.o(i.USBH_CDC_SetLineCoding)
    USBH_CDC_Transmit                        0x080048eb   Thumb Code    48  usbh_cdc.o(i.USBH_CDC_Transmit)
    USBH_CDC_TransmitCallback                0x0800491b   Thumb Code     2  usbh_cdc.o(i.USBH_CDC_TransmitCallback)
    USBH_ClosePipe                           0x0800491d   Thumb Code    18  usbh_pipes.o(i.USBH_ClosePipe)
    USBH_ClrFeature                          0x0800492f   Thumb Code    40  usbh_ctlreq.o(i.USBH_ClrFeature)
    USBH_CtlReceiveData                      0x08004957   Thumb Code    42  usbh_ioreq.o(i.USBH_CtlReceiveData)
    USBH_CtlReq                              0x08004981   Thumb Code    84  usbh_ctlreq.o(i.USBH_CtlReq)
    USBH_CtlSendData                         0x080049d5   Thumb Code    52  usbh_ioreq.o(i.USBH_CtlSendData)
    USBH_CtlSendSetup                        0x08004a09   Thumb Code    38  usbh_ioreq.o(i.USBH_CtlSendSetup)
    USBH_Delay                               0x08004a2f   Thumb Code    12  usbh_conf.o(i.USBH_Delay)
    USBH_FindInterface                       0x08004a3b   Thumb Code    80  usbh_core.o(i.USBH_FindInterface)
    USBH_FreePipe                            0x08004a8b   Thumb Code    30  usbh_pipes.o(i.USBH_FreePipe)
    USBH_GetDescriptor                       0x08004aa9   Thumb Code    74  usbh_ctlreq.o(i.USBH_GetDescriptor)
    USBH_GetNextDesc                         0x08004b1b   Thumb Code    18  usbh_ctlreq.o(i.USBH_GetNextDesc)
    USBH_Get_CfgDesc                         0x08004b2d   Thumb Code    46  usbh_ctlreq.o(i.USBH_Get_CfgDesc)
    USBH_Get_DevDesc                         0x08004b5b   Thumb Code    46  usbh_ctlreq.o(i.USBH_Get_DevDesc)
    USBH_Get_StringDesc                      0x08004b89   Thumb Code    54  usbh_ctlreq.o(i.USBH_Get_StringDesc)
    USBH_Init                                0x08004ef3   Thumb Code    50  usbh_core.o(i.USBH_Init)
    USBH_LL_ClosePipe                        0x08004f25   Thumb Code    20  usbh_conf.o(i.USBH_LL_ClosePipe)
    USBH_LL_Connect                          0x08004f39   Thumb Code    46  usbh_core.o(i.USBH_LL_Connect)
    USBH_LL_Disconnect                       0x08004f67   Thumb Code    62  usbh_core.o(i.USBH_LL_Disconnect)
    USBH_LL_DriverVBUS                       0x08004fa5   Thumb Code    26  usbh_conf.o(i.USBH_LL_DriverVBUS)
    USBH_LL_GetLastXferSize                  0x08004fbf   Thumb Code    18  usbh_conf.o(i.USBH_LL_GetLastXferSize)
    USBH_LL_GetSpeed                         0x08004fd1   Thumb Code    48  usbh_conf.o(i.USBH_LL_GetSpeed)
    USBH_LL_GetURBState                      0x08005001   Thumb Code    18  usbh_conf.o(i.USBH_LL_GetURBState)
    USBH_LL_IncTimer                         0x08005013   Thumb Code    22  usbh_core.o(i.USBH_LL_IncTimer)
    USBH_LL_Init                             0x08005029   Thumb Code    82  usbh_conf.o(i.USBH_LL_Init)
    USBH_LL_OpenPipe                         0x08005081   Thumb Code    44  usbh_conf.o(i.USBH_LL_OpenPipe)
    USBH_LL_ResetPort                        0x080050ad   Thumb Code    16  usbh_conf.o(i.USBH_LL_ResetPort)
    USBH_LL_SetTimer                         0x080050bd   Thumb Code     6  usbh_core.o(i.USBH_LL_SetTimer)
    USBH_LL_SetToggle                        0x080050c3   Thumb Code    58  usbh_conf.o(i.USBH_LL_SetToggle)
    USBH_LL_Start                            0x080050fd   Thumb Code    16  usbh_conf.o(i.USBH_LL_Start)
    USBH_LL_Stop                             0x0800510d   Thumb Code    16  usbh_conf.o(i.USBH_LL_Stop)
    USBH_LL_SubmitURB                        0x0800511d   Thumb Code    46  usbh_conf.o(i.USBH_LL_SubmitURB)
    USBH_OpenPipe                            0x0800514b   Thumb Code    42  usbh_pipes.o(i.USBH_OpenPipe)
    USBH_Process                             0x08005323   Thumb Code   428  usbh_core.o(i.USBH_Process)
    USBH_RegisterClass                       0x080054cf   Thumb Code    42  usbh_core.o(i.USBH_RegisterClass)
    USBH_SelectInterface                     0x080054f9   Thumb Code    22  usbh_core.o(i.USBH_SelectInterface)
    USBH_SetAddress                          0x0800550f   Thumb Code    40  usbh_ctlreq.o(i.USBH_SetAddress)
    USBH_SetCfg                              0x08005537   Thumb Code    40  usbh_ctlreq.o(i.USBH_SetCfg)
    USBH_Start                               0x0800555f   Thumb Code    22  usbh_core.o(i.USBH_Start)
    USB_CoreInit                             0x080055ad   Thumb Code   100  stm32f4xx_ll_usb.o(i.USB_CoreInit)
    USB_DisableGlobalInt                     0x08005661   Thumb Code    14  stm32f4xx_ll_usb.o(i.USB_DisableGlobalInt)
    USB_DoPing                               0x08005671   Thumb Code    60  stm32f4xx_ll_usb.o(i.USB_DoPing)
    USB_DriveVbus                            0x080056b1   Thumb Code    68  stm32f4xx_ll_usb.o(i.USB_DriveVbus)
    USB_EnableGlobalInt                      0x080056f5   Thumb Code    14  stm32f4xx_ll_usb.o(i.USB_EnableGlobalInt)
    USB_FlushRxFifo                          0x08005705   Thumb Code    38  stm32f4xx_ll_usb.o(i.USB_FlushRxFifo)
    USB_FlushTxFifo                          0x08005731   Thumb Code    44  stm32f4xx_ll_usb.o(i.USB_FlushTxFifo)
    USB_GetCurrentFrame                      0x08005761   Thumb Code    12  stm32f4xx_ll_usb.o(i.USB_GetCurrentFrame)
    USB_GetHostSpeed                         0x0800576d   Thumb Code    18  stm32f4xx_ll_usb.o(i.USB_GetHostSpeed)
    USB_GetMode                              0x0800577f   Thumb Code    10  stm32f4xx_ll_usb.o(i.USB_GetMode)
    USB_HC_Halt                              0x08005789   Thumb Code   328  stm32f4xx_ll_usb.o(i.USB_HC_Halt)
    USB_HC_Init                              0x080058d1   Thumb Code   392  stm32f4xx_ll_usb.o(i.USB_HC_Init)
    USB_HC_ReadInterrupt                     0x08005a59   Thumb Code    12  stm32f4xx_ll_usb.o(i.USB_HC_ReadInterrupt)
    USB_HC_StartXfer                         0x08005a65   Thumb Code   386  stm32f4xx_ll_usb.o(i.USB_HC_StartXfer)
    USB_HOST_Task                            0x08005bed   Thumb Code   676  main.o(i.USB_HOST_Task)
    USB_HostInit                             0x08005ec1   Thumb Code   214  stm32f4xx_ll_usb.o(i.USB_HostInit)
    USB_InitFSLSPClkSel                      0x08005fad   Thumb Code    62  stm32f4xx_ll_usb.o(i.USB_InitFSLSPClkSel)
    USB_RT_Process                           0x08005fed   Thumb Code   110  main.o(i.USB_RT_Process)
    USB_ReadInterrupts                       0x08006075   Thumb Code    12  stm32f4xx_ll_usb.o(i.USB_ReadInterrupts)
    USB_ReadPacket                           0x08006081   Thumb Code    34  stm32f4xx_ll_usb.o(i.USB_ReadPacket)
    USB_ResetPort                            0x080060a3   Thumb Code    48  stm32f4xx_ll_usb.o(i.USB_ResetPort)
    USB_SetCurrentMode                       0x080060d3   Thumb Code    48  stm32f4xx_ll_usb.o(i.USB_SetCurrentMode)
    USB_StopHost                             0x08006103   Thumb Code   174  stm32f4xx_ll_usb.o(i.USB_StopHost)
    USB_WritePacket                          0x080061b1   Thumb Code    48  stm32f4xx_ll_usb.o(i.USB_WritePacket)
    UartPCTask                               0x080061e1   Thumb Code    30  main.o(i.UartPCTask)
    UsageFault_Handler                       0x08006209   Thumb Code     4  stm32f4xx_it.o(i.UsageFault_Handler)
    main                                     0x0800620d   Thumb Code    92  main.o(i.main)
    _fp_init                                 0x08006289   Thumb Code    10  fpinit.o(x$fpl$fpinit)
    __fplib_config_fpu_vfp                   0x08006291   Thumb Code     0  fpinit.o(x$fpl$fpinit)
    __fplib_config_pureend_doubles           0x08006291   Thumb Code     0  fpinit.o(x$fpl$fpinit)
    Version                                  0x08006292   Data          14  main.o(.constdata)
    APBAHBPrescTable                         0x080062a0   Data          16  stm32f4xx_hal_rcc.o(.constdata)
    Region$$Table$$Base                      0x080062b4   Number         0  anon$$obj.o(Region$$Table)
    Region$$Table$$Limit                     0x080062d4   Number         0  anon$$obj.o(Region$$Table)
    Tcn                                      0x20000000   Data           4  stm32f4xx_it.o(.data)
    Tcn_2                                    0x20000004   Data           4  stm32f4xx_it.o(.data)
    SystickFlag20ms                          0x20000008   Data           1  stm32f4xx_it.o(.data)
    SystickFlag20ms_2                        0x20000009   Data           1  stm32f4xx_it.o(.data)
    SystickFlag20ms_0B                       0x2000000a   Data           1  stm32f4xx_it.o(.data)
    SystickFlag20ms_1E                       0x2000000b   Data           1  stm32f4xx_it.o(.data)
    SystickFlag20ms_1F                       0x2000000c   Data           1  stm32f4xx_it.o(.data)
    SystickFlag1S                            0x2000000d   Data           1  stm32f4xx_it.o(.data)
    SystickFlag2S                            0x2000000e   Data           1  stm32f4xx_it.o(.data)
    SystickFlag200ms                         0x2000000f   Data           1  stm32f4xx_it.o(.data)
    SystickFlag200ms_2                       0x20000010   Data           1  stm32f4xx_it.o(.data)
    SystickFlag200ms_0B                      0x20000011   Data           1  stm32f4xx_it.o(.data)
    SystickFlag200ms_1E                      0x20000012   Data           1  stm32f4xx_it.o(.data)
    SystickFlag200ms_1F                      0x20000013   Data           1  stm32f4xx_it.o(.data)
    Appli_state                              0x20000024   Data           1  usb_host.o(.data)
    pUartTest                                0x20000028   Data           8  main.o(.data)
    cnt1                                     0x20000030   Data           4  main.o(.data)
    cnt2                                     0x20000034   Data           4  main.o(.data)
    IP_485                                   0x20000038   Data           4  main.o(.data)
    IP_485_2                                 0x2000003c   Data           4  main.o(.data)
    Uart_Cnt                                 0x20000040   Data           4  main.o(.data)
    SysBootCnt                               0x20000044   Data           4  main.o(.data)
    t_buf_cnt                                0x20000048   Data           4  main.o(.data)
    t_buf_0b_cnt                             0x2000004c   Data           4  main.o(.data)
    t_buf_1e_cnt                             0x20000050   Data           4  main.o(.data)
    t_buf_1f_cnt                             0x20000054   Data           4  main.o(.data)
    r_buf_cnt                                0x20000058   Data           4  main.o(.data)
    PM_25                                    0x2000005c   Data           2  main.o(.data)
    CM_Calibrate_Value                       0x2000005e   Data           2  main.o(.data)
    Testing_flag                             0x20000060   Data           1  main.o(.data)
    Wifi_flag                                0x20000061   Data           1  main.o(.data)
    PM_flag                                  0x20000062   Data           1  main.o(.data)
    CM_Calibrate_flag                        0x20000063   Data           1  main.o(.data)
    USB_REC_FLAG                             0x20000064   Data           1  main.o(.data)
    UART_Rx_flag                             0x20000065   Data           1  main.o(.data)
    USB_SEND_flag                            0x20000066   Data           1  main.o(.data)
    LengthCmd_0B                             0x20000067   Data           1  main.o(.data)
    LengthCmd_1E                             0x20000068   Data           1  main.o(.data)
    LengthCmd_1F                             0x20000069   Data           1  main.o(.data)
    aRxBuffer_1                              0x2000006a   Data           1  main.o(.data)
    FirstSector                              0x20000078   Data           4  flash_execute.o(.data)
    NbOfSectors                              0x2000007c   Data           4  flash_execute.o(.data)
    Address                                  0x20000080   Data           4  flash_execute.o(.data)
    SectorError                              0x20000084   Data           4  flash_execute.o(.data)
    data32                                   0x20000088   Data           4  flash_execute.o(.data)
    ReceiveCallback_Flag                     0x2000008c   Data           1  usbh_cdc.o(.data)
    CDC_Class                                0x20000090   Data          32  usbh_cdc.o(.data)
    SystemCoreClock                          0x200000b0   Data           4  system_stm32f4xx.o(.data)
    uwTick                                   0x200000b4   Data           4  stm32f4xx_hal.o(.data)
    hhcd_USB_OTG_FS                          0x200000b8   Data         664  usbh_conf.o(.bss)
    hUsbHostFS                               0x20000350   Data         968  usb_host.o(.bss)
    huart1                                   0x20000718   Data          64  main.o(.bss)
    USB_R_BUF                                0x20000758   Data          20  main.o(.bss)
    USB_R_BUF_LAST                           0x2000076c   Data          21  main.o(.bss)
    USB_T_BUF                                0x20000781   Data          20  main.o(.bss)
    USB_0B_T_BUF                             0x20000795   Data          20  main.o(.bss)
    USB_1E_T_BUF                             0x200007a9   Data          20  main.o(.bss)
    USB_1F_T_BUF                             0x200007bd   Data          20  main.o(.bss)
    DataCmd_0B                               0x200007d1   Data          30  main.o(.bss)
    DataCmd_1E                               0x200007ef   Data          30  main.o(.bss)
    DataCmd_1F                               0x2000080d   Data          30  main.o(.bss)
    DataCmd_25                               0x2000082b   Data          30  main.o(.bss)
    aRxBuffer_2                              0x20000849   Data          40  main.o(.bss)
    htim1                                    0x20000874   Data          60  system_init.o(.bss)
    pFlash                                   0x200008c4   Data          32  stm32f4xx_hal_flash.o(.bss)
    __libspace_start                         0x200008e4   Data          96  libspace.o(.bss)
    __temporary_stack_top$libspace           0x20000944   Data           0  libspace.o(.bss)



==============================================================================

Memory Map of the image

  Image Entry point : 0x08000195

  Load Region LR_IROM1 (Base: 0x08000000, Size: 0x0000638c, Max: 0x00020000, ABSOLUTE)

    Execution Region ER_IROM1 (Base: 0x08000000, Size: 0x000062d4, Max: 0x00020000, ABSOLUTE)

    Base Addr    Size         Type   Attr      Idx    E Section Name        Object

    0x08000000   0x00000194   Data   RO          681    RESET               startup_stm32f401xc.o
    0x08000194   0x00000008   Code   RO         3958  * !!!main             c_w.l(__main.o)
    0x0800019c   0x00000034   Code   RO         4160    !!!scatter          c_w.l(__scatter.o)
    0x080001d0   0x0000001a   Code   RO         4162    !!handler_copy      c_w.l(__scatter_copy.o)
    0x080001ea   0x00000002   PAD
    0x080001ec   0x0000001c   Code   RO         4164    !!handler_zi        c_w.l(__scatter_zi.o)
    0x08000208   0x00000002   Code   RO         4100    .ARM.Collect$$libinit$$00000000  c_w.l(libinit.o)
    0x0800020a   0x00000004   Code   RO         3992    .ARM.Collect$$libinit$$00000001  c_w.l(libinit2.o)
    0x0800020e   0x00000000   Code   RO         3995    .ARM.Collect$$libinit$$00000004  c_w.l(libinit2.o)
    0x0800020e   0x00000008   Code   RO         3996    .ARM.Collect$$libinit$$00000005  c_w.l(libinit2.o)
    0x08000216   0x00000000   Code   RO         3998    .ARM.Collect$$libinit$$0000000A  c_w.l(libinit2.o)
    0x08000216   0x00000000   Code   RO         4000    .ARM.Collect$$libinit$$0000000C  c_w.l(libinit2.o)
    0x08000216   0x00000000   Code   RO         4002    .ARM.Collect$$libinit$$0000000E  c_w.l(libinit2.o)
    0x08000216   0x00000000   Code   RO         4005    .ARM.Collect$$libinit$$00000011  c_w.l(libinit2.o)
    0x08000216   0x00000000   Code   RO         4007    .ARM.Collect$$libinit$$00000013  c_w.l(libinit2.o)
    0x08000216   0x00000000   Code   RO         4009    .ARM.Collect$$libinit$$00000015  c_w.l(libinit2.o)
    0x08000216   0x00000000   Code   RO         4011    .ARM.Collect$$libinit$$00000017  c_w.l(libinit2.o)
    0x08000216   0x00000000   Code   RO         4013    .ARM.Collect$$libinit$$00000019  c_w.l(libinit2.o)
    0x08000216   0x00000000   Code   RO         4015    .ARM.Collect$$libinit$$0000001B  c_w.l(libinit2.o)
    0x08000216   0x00000000   Code   RO         4017    .ARM.Collect$$libinit$$0000001D  c_w.l(libinit2.o)
    0x08000216   0x00000000   Code   RO         4019    .ARM.Collect$$libinit$$0000001F  c_w.l(libinit2.o)
    0x08000216   0x00000000   Code   RO         4021    .ARM.Collect$$libinit$$00000021  c_w.l(libinit2.o)
    0x08000216   0x00000000   Code   RO         4023    .ARM.Collect$$libinit$$00000023  c_w.l(libinit2.o)
    0x08000216   0x00000000   Code   RO         4025    .ARM.Collect$$libinit$$00000025  c_w.l(libinit2.o)
    0x08000216   0x00000000   Code   RO         4029    .ARM.Collect$$libinit$$0000002C  c_w.l(libinit2.o)
    0x08000216   0x00000000   Code   RO         4031    .ARM.Collect$$libinit$$0000002E  c_w.l(libinit2.o)
    0x08000216   0x00000000   Code   RO         4033    .ARM.Collect$$libinit$$00000030  c_w.l(libinit2.o)
    0x08000216   0x00000000   Code   RO         4035    .ARM.Collect$$libinit$$00000032  c_w.l(libinit2.o)
    0x08000216   0x00000002   Code   RO         4036    .ARM.Collect$$libinit$$00000033  c_w.l(libinit2.o)
    0x08000218   0x00000002   Code   RO         4157    .ARM.Collect$$libshutdown$$00000000  c_w.l(libshutdown.o)
    0x0800021a   0x00000000   Code   RO         4115    .ARM.Collect$$libshutdown$$00000003  c_w.l(libshutdown2.o)
    0x0800021a   0x00000000   Code   RO         4118    .ARM.Collect$$libshutdown$$00000006  c_w.l(libshutdown2.o)
    0x0800021a   0x00000000   Code   RO         4121    .ARM.Collect$$libshutdown$$00000009  c_w.l(libshutdown2.o)
    0x0800021a   0x00000000   Code   RO         4123    .ARM.Collect$$libshutdown$$0000000B  c_w.l(libshutdown2.o)
    0x0800021a   0x00000000   Code   RO         4126    .ARM.Collect$$libshutdown$$0000000E  c_w.l(libshutdown2.o)
    0x0800021a   0x00000002   Code   RO         4127    .ARM.Collect$$libshutdown$$0000000F  c_w.l(libshutdown2.o)
    0x0800021c   0x00000000   Code   RO         3962    .ARM.Collect$$rtentry$$00000000  c_w.l(__rtentry.o)
    0x0800021c   0x00000000   Code   RO         4043    .ARM.Collect$$rtentry$$00000002  c_w.l(__rtentry2.o)
    0x0800021c   0x00000006   Code   RO         4055    .ARM.Collect$$rtentry$$00000004  c_w.l(__rtentry4.o)
    0x08000222   0x00000000   Code   RO         4045    .ARM.Collect$$rtentry$$00000009  c_w.l(__rtentry2.o)
    0x08000222   0x00000004   Code   RO         4046    .ARM.Collect$$rtentry$$0000000A  c_w.l(__rtentry2.o)
    0x08000226   0x00000000   Code   RO         4048    .ARM.Collect$$rtentry$$0000000C  c_w.l(__rtentry2.o)
    0x08000226   0x00000008   Code   RO         4049    .ARM.Collect$$rtentry$$0000000D  c_w.l(__rtentry2.o)
    0x0800022e   0x00000002   Code   RO         4103    .ARM.Collect$$rtexit$$00000000  c_w.l(rtexit.o)
    0x08000230   0x00000000   Code   RO         4131    .ARM.Collect$$rtexit$$00000002  c_w.l(rtexit2.o)
    0x08000230   0x00000004   Code   RO         4132    .ARM.Collect$$rtexit$$00000003  c_w.l(rtexit2.o)
    0x08000234   0x00000006   Code   RO         4133    .ARM.Collect$$rtexit$$00000004  c_w.l(rtexit2.o)
    0x0800023a   0x00000002   PAD
    0x0800023c   0x00000000   Code   RO         4059    .emb_text           c_w.l(maybetermalloc1.o)
    0x0800023c   0x00000040   Code   RO          682    .text               startup_stm32f401xc.o
    0x0800027c   0x0000005e   Code   RO         3894    .text               c_w.l(h1_alloc.o)
    0x080002da   0x0000004e   Code   RO         3896    .text               c_w.l(h1_free.o)
    0x08000328   0x00000064   Code   RO         3952    .text               c_w.l(rt_memcpy_w.o)
    0x0800038c   0x00000044   Code   RO         3954    .text               c_w.l(rt_memclr.o)
    0x080003d0   0x00000006   Code   RO         3956    .text               c_w.l(heapauxi.o)
    0x080003d6   0x00000002   PAD
    0x080003d8   0x00000008   Code   RO         3966    .text               c_w.l(rt_heap_descriptor_intlibspace.o)
    0x080003e0   0x00000004   Code   RO         3968    .text               c_w.l(hguard.o)
    0x080003e4   0x0000008a   Code   RO         3970    .text               c_w.l(init_alloc.o)
    0x0800046e   0x0000000e   Code   RO         3974    .text               c_w.l(h1_init.o)
    0x0800047c   0x0000004e   Code   RO         3988    .text               c_w.l(rt_memclr_w.o)
    0x080004ca   0x00000002   PAD
    0x080004cc   0x00000008   Code   RO         4039    .text               c_w.l(libspace.o)
    0x080004d4   0x00000034   Code   RO         4061    .text               c_w.l(h1_extend.o)
    0x08000508   0x0000000e   Code   RO         4065    .text               c_w.l(defsig_rtmem_outer.o)
    0x08000516   0x00000002   Code   RO         4076    .text               c_w.l(use_no_semi.o)
    0x08000518   0x00000000   Code   RO         4078    .text               c_w.l(indicate_semi.o)
    0x08000518   0x0000004a   Code   RO         4079    .text               c_w.l(sys_stackheap_outer.o)
    0x08000562   0x0000000c   Code   RO         4085    .text               c_w.l(exit.o)
    0x0800056e   0x0000000a   Code   RO         4087    .text               c_w.l(defsig_exit.o)
    0x08000578   0x00000050   Code   RO         4089    .text               c_w.l(defsig_rtmem_inner.o)
    0x080005c8   0x0000000c   Code   RO         4101    .text               c_w.l(sys_exit.o)
    0x080005d4   0x00000032   Code   RO         4111    .text               c_w.l(defsig_general.o)
    0x08000606   0x0000000e   Code   RO         4128    .text               c_w.l(sys_wrch.o)
    0x08000614   0x00000028   Code   RO          608    i.Add_Check         usart_execute.o
    0x0800063c   0x00000004   Code   RO          326    i.BusFault_Handler  stm32f4xx_it.o
    0x08000640   0x0000007e   Code   RO         1039    i.CDC_ProcessReception  usbh_cdc.o
    0x080006be   0x000000a6   Code   RO         1040    i.CDC_ProcessTransmission  usbh_cdc.o
    0x08000764   0x00000052   Code   RO          916    i.DeInitStateMachine  usbh_core.o
    0x080007b6   0x00000002   Code   RO          327    i.DebugMon_Handler  stm32f4xx_it.o
    0x080007b8   0x000000c4   Code   RO          641    i.Erase_Flash       flash_execute.o
    0x0800087c   0x00000004   Code   RO          477    i.Error_Handler     main.o
    0x08000880   0x00000068   Code   RO         3184    i.FLASH_Erase_Sector  stm32f4xx_hal_flash_ex.o
    0x080008e8   0x00000078   Code   RO         3185    i.FLASH_FlushCaches  stm32f4xx_hal_flash_ex.o
    0x08000960   0x00000030   Code   RO         3186    i.FLASH_MassErase   stm32f4xx_hal_flash_ex.o
    0x08000990   0x00000024   Code   RO         3323    i.FLASH_Program_Byte  stm32f4xx_hal_flash.o
    0x080009b4   0x0000002c   Code   RO         3324    i.FLASH_Program_DoubleWord  stm32f4xx_hal_flash.o
    0x080009e0   0x00000028   Code   RO         3325    i.FLASH_Program_HalfWord  stm32f4xx_hal_flash.o
    0x08000a08   0x00000028   Code   RO         3326    i.FLASH_Program_Word  stm32f4xx_hal_flash.o
    0x08000a30   0x000000b4   Code   RO         3327    i.FLASH_SetErrorCode  stm32f4xx_hal_flash.o
    0x08000ae4   0x00000070   Code   RO         3328    i.FLASH_WaitForLastOperation  stm32f4xx_hal_flash.o
    0x08000b54   0x00000024   Code   RO         1041    i.GetLineCoding     usbh_cdc.o
    0x08000b78   0x0000006c   Code   RO          642    i.GetSector         flash_execute.o
    0x08000be4   0x00000026   Code   RO          643    i.GetSectorSize     flash_execute.o
    0x08000c0a   0x00000028   Code   RO         1997    i.HAL_DMA_Abort_IT  stm32f4xx_hal_dma.o
    0x08000c32   0x0000001a   Code   RO         1207    i.HAL_Delay         stm32f4xx_hal.o
    0x08000c4c   0x000000ac   Code   RO         3200    i.HAL_FLASHEx_Erase  stm32f4xx_hal_flash_ex.o
    0x08000cf8   0x00000014   Code   RO         3332    i.HAL_FLASH_Lock    stm32f4xx_hal_flash.o
    0x08000d0c   0x00000098   Code   RO         3337    i.HAL_FLASH_Program  stm32f4xx_hal_flash.o
    0x08000da4   0x0000002c   Code   RO         3339    i.HAL_FLASH_Unlock  stm32f4xx_hal_flash.o
    0x08000dd0   0x000001d4   Code   RO         3828    i.HAL_GPIO_Init     stm32f4xx_hal_gpio.o
    0x08000fa4   0x00000008   Code   RO         3831    i.HAL_GPIO_TogglePin  stm32f4xx_hal_gpio.o
    0x08000fac   0x0000000c   Code   RO         3832    i.HAL_GPIO_WritePin  stm32f4xx_hal_gpio.o
    0x08000fb8   0x0000000c   Code   RO         1213    i.HAL_GetTick       stm32f4xx_hal.o
    0x08000fc4   0x0000000e   Code   RO            4    i.HAL_HCD_Connect_Callback  usbh_conf.o
    0x08000fd2   0x0000000e   Code   RO            5    i.HAL_HCD_Disconnect_Callback  usbh_conf.o
    0x08000fe0   0x0000000c   Code   RO         1727    i.HAL_HCD_GetCurrentFrame  stm32f4xx_hal_hcd.o
    0x08000fec   0x0000000c   Code   RO         1728    i.HAL_HCD_GetCurrentSpeed  stm32f4xx_hal_hcd.o
    0x08000ff8   0x00000014   Code   RO         1731    i.HAL_HCD_HC_GetURBState  stm32f4xx_hal_hcd.o
    0x0800100c   0x00000012   Code   RO         1732    i.HAL_HCD_HC_GetXferCount  stm32f4xx_hal_hcd.o
    0x0800101e   0x00000034   Code   RO         1733    i.HAL_HCD_HC_Halt   stm32f4xx_hal_hcd.o
    0x08001052   0x000000ba   Code   RO         1734    i.HAL_HCD_HC_Init   stm32f4xx_hal_hcd.o
    0x0800110c   0x00000002   Code   RO            6    i.HAL_HCD_HC_NotifyURBChange_Callback  usbh_conf.o
    0x0800110e   0x00000268   Code   RO         1736    i.HAL_HCD_HC_SubmitRequest  stm32f4xx_hal_hcd.o
    0x08001376   0x00000166   Code   RO         1737    i.HAL_HCD_IRQHandler  stm32f4xx_hal_hcd.o
    0x080014dc   0x0000005a   Code   RO         1738    i.HAL_HCD_Init      stm32f4xx_hal_hcd.o
    0x08001536   0x00000002   PAD
    0x08001538   0x0000007c   Code   RO            8    i.HAL_HCD_MspInit   usbh_conf.o
    0x080015b4   0x0000000c   Code   RO         1741    i.HAL_HCD_ResetPort  stm32f4xx_hal_hcd.o
    0x080015c0   0x0000000e   Code   RO            9    i.HAL_HCD_SOF_Callback  usbh_conf.o
    0x080015ce   0x00000036   Code   RO         1743    i.HAL_HCD_Start     stm32f4xx_hal_hcd.o
    0x08001604   0x0000002e   Code   RO         1744    i.HAL_HCD_Stop      stm32f4xx_hal_hcd.o
    0x08001632   0x00000002   PAD
    0x08001634   0x00000010   Code   RO         1214    i.HAL_IncTick       stm32f4xx_hal.o
    0x08001644   0x0000003c   Code   RO         1215    i.HAL_Init          stm32f4xx_hal.o
    0x08001680   0x00000028   Code   RO         1216    i.HAL_InitTick      stm32f4xx_hal.o
    0x080016a8   0x00000056   Code   RO          278    i.HAL_MspInit       stm32f4xx_hal_msp.o
    0x080016fe   0x0000001a   Code   RO         2102    i.HAL_NVIC_EnableIRQ  stm32f4xx_hal_cortex.o
    0x08001718   0x0000007c   Code   RO         2108    i.HAL_NVIC_SetPriority  stm32f4xx_hal_cortex.o
    0x08001794   0x00000028   Code   RO         2109    i.HAL_NVIC_SetPriorityGrouping  stm32f4xx_hal_cortex.o
    0x080017bc   0x000001d0   Code   RO         1889    i.HAL_RCC_ClockConfig  stm32f4xx_hal_rcc.o
    0x0800198c   0x0000000c   Code   RO         1894    i.HAL_RCC_GetHCLKFreq  stm32f4xx_hal_rcc.o
    0x08001998   0x0000002c   Code   RO         1896    i.HAL_RCC_GetPCLK1Freq  stm32f4xx_hal_rcc.o
    0x080019c4   0x0000002c   Code   RO         1897    i.HAL_RCC_GetPCLK2Freq  stm32f4xx_hal_rcc.o
    0x080019f0   0x000000b4   Code   RO         1898    i.HAL_RCC_GetSysClockFreq  stm32f4xx_hal_rcc.o
    0x08001aa4   0x0000039c   Code   RO         1901    i.HAL_RCC_OscConfig  stm32f4xx_hal_rcc.o
    0x08001e40   0x00000028   Code   RO         2111    i.HAL_SYSTICK_CLKSourceConfig  stm32f4xx_hal_cortex.o
    0x08001e68   0x00000002   Code   RO         2112    i.HAL_SYSTICK_Callback  stm32f4xx_hal_cortex.o
    0x08001e6a   0x00000034   Code   RO         2113    i.HAL_SYSTICK_Config  stm32f4xx_hal_cortex.o
    0x08001e9e   0x00000008   Code   RO         2114    i.HAL_SYSTICK_IRQHandler  stm32f4xx_hal_cortex.o
    0x08001ea6   0x00000002   Code   RO         2304    i.HAL_TIMEx_BreakCallback  stm32f4xx_hal_tim_ex.o
    0x08001ea8   0x00000002   Code   RO         2305    i.HAL_TIMEx_CommutationCallback  stm32f4xx_hal_tim_ex.o
    0x08001eaa   0x00000062   Code   RO         2321    i.HAL_TIMEx_MasterConfigSynchronization  stm32f4xx_hal_tim_ex.o
    0x08001f0c   0x00000034   Code   RO         2545    i.HAL_TIM_Base_Init  stm32f4xx_hal_tim.o
    0x08001f40   0x00000048   Code   RO          280    i.HAL_TIM_Base_MspInit  stm32f4xx_hal_msp.o
    0x08001f88   0x0000001e   Code   RO         2550    i.HAL_TIM_Base_Start_IT  stm32f4xx_hal_tim.o
    0x08001fa6   0x00000132   Code   RO         2554    i.HAL_TIM_ConfigClockSource  stm32f4xx_hal_tim.o
    0x080020d8   0x00000002   Code   RO         2574    i.HAL_TIM_IC_CaptureCallback  stm32f4xx_hal_tim.o
    0x080020da   0x00000196   Code   RO         2587    i.HAL_TIM_IRQHandler  stm32f4xx_hal_tim.o
    0x08002270   0x00000002   Code   RO         2590    i.HAL_TIM_OC_DelayElapsedCallback  stm32f4xx_hal_tim.o
    0x08002272   0x00000002   Code   RO         2617    i.HAL_TIM_PWM_PulseFinishedCallback  stm32f4xx_hal_tim.o
    0x08002274   0x00000002   Code   RO         2624    i.HAL_TIM_PeriodElapsedCallback  stm32f4xx_hal_tim.o
    0x08002276   0x00000002   Code   RO         2628    i.HAL_TIM_TriggerCallback  stm32f4xx_hal_tim.o
    0x08002278   0x00000002   Code   RO         1359    i.HAL_UART_ErrorCallback  stm32f4xx_hal_uart.o
    0x0800227a   0x00000002   PAD
    0x0800227c   0x0000014c   Code   RO         1362    i.HAL_UART_IRQHandler  stm32f4xx_hal_uart.o
    0x080023c8   0x00000072   Code   RO         1363    i.HAL_UART_Init     stm32f4xx_hal_uart.o
    0x0800243a   0x00000002   PAD
    0x0800243c   0x0000006c   Code   RO          282    i.HAL_UART_MspInit  stm32f4xx_hal_msp.o
    0x080024a8   0x00000064   Code   RO         1368    i.HAL_UART_Receive_IT  stm32f4xx_hal_uart.o
    0x0800250c   0x000000b0   Code   RO          609    i.HAL_UART_RxCpltCallback  usart_execute.o
    0x080025bc   0x000000d6   Code   RO         1371    i.HAL_UART_Transmit  stm32f4xx_hal_uart.o
    0x08002692   0x00000002   Code   RO         1374    i.HAL_UART_TxCpltCallback  stm32f4xx_hal_uart.o
    0x08002694   0x000004f4   Code   RO         1745    i.HCD_HC_IN_IRQHandler  stm32f4xx_hal_hcd.o
    0x08002b88   0x000004f0   Code   RO         1746    i.HCD_HC_OUT_IRQHandler  stm32f4xx_hal_hcd.o
    0x08003078   0x000000d2   Code   RO         1747    i.HCD_Port_IRQHandler  stm32f4xx_hal_hcd.o
    0x0800314a   0x00000002   PAD
    0x0800314c   0x00000108   Code   RO         1748    i.HCD_RXQLVL_IRQHandler  stm32f4xx_hal_hcd.o
    0x08003254   0x00000004   Code   RO          328    i.HardFault_Handler  stm32f4xx_it.o
    0x08003258   0x00000150   Code   RO          553    i.MX_GPIO_Init      system_init.o
    0x080033a8   0x00000068   Code   RO          554    i.MX_TIM1_Init      system_init.o
    0x08003410   0x00000038   Code   RO          555    i.MX_USART1_UART_Init  system_init.o
    0x08003448   0x00000028   Code   RO          431    i.MX_USB_HOST_Init  usb_host.o
    0x08003470   0x00000010   Code   RO          432    i.MX_USB_HOST_Process  usb_host.o
    0x08003480   0x00000004   Code   RO          329    i.MemManage_Handler  stm32f4xx_it.o
    0x08003484   0x00000002   Code   RO          330    i.NMI_Handler       stm32f4xx_it.o
    0x08003486   0x00000002   PAD
    0x08003488   0x00000010   Code   RO         2115    i.NVIC_GetPriorityGrouping  stm32f4xx_hal_cortex.o
    0x08003498   0x00000028   Code   RO         2116    i.NVIC_SetPriority  stm32f4xx_hal_cortex.o
    0x080034c0   0x00000010   Code   RO          331    i.OTG_FS_IRQHandler  stm32f4xx_it.o
    0x080034d0   0x00000002   Code   RO          332    i.PendSV_Handler    stm32f4xx_it.o
    0x080034d2   0x00000002   PAD
    0x080034d4   0x00000508   Code   RO          478    i.RxExecute         main.o
    0x080039dc   0x00000002   Code   RO          333    i.SVC_Handler       stm32f4xx_it.o
    0x080039de   0x00000024   Code   RO         1042    i.SetLineCoding     usbh_cdc.o
    0x08003a02   0x00000002   PAD
    0x08003a04   0x000000d8   Code   RO          334    i.SysTick_Handler   stm32f4xx_it.o
    0x08003adc   0x000000c4   Code   RO          556    i.SystemClock_Config  system_init.o
    0x08003ba0   0x00000064   Code   RO         1164    i.SystemInit        system_stm32f4xx.o
    0x08003c04   0x00000040   Code   RO          557    i.System_Init       system_init.o
    0x08003c44   0x00000034   Code   RO          335    i.TIM1_UP_TIM10_IRQHandler  stm32f4xx_it.o
    0x08003c78   0x000000b0   Code   RO         2629    i.TIM_Base_SetConfig  stm32f4xx_hal_tim.o
    0x08003d28   0x00000018   Code   RO         2636    i.TIM_ETR_SetConfig  stm32f4xx_hal_tim.o
    0x08003d40   0x00000014   Code   RO         2637    i.TIM_ITRx_SetConfig  stm32f4xx_hal_tim.o
    0x08003d54   0x0000002a   Code   RO         2643    i.TIM_TI1_ConfigInputStage  stm32f4xx_hal_tim.o
    0x08003d7e   0x0000002c   Code   RO         2645    i.TIM_TI2_ConfigInputStage  stm32f4xx_hal_tim.o
    0x08003daa   0x00000014   Code   RO         1376    i.UART_DMAAbortOnError  stm32f4xx_hal_uart.o
    0x08003dbe   0x00000020   Code   RO         1382    i.UART_EndRxTransfer  stm32f4xx_hal_uart.o
    0x08003dde   0x00000020   Code   RO         1383    i.UART_EndTransmit_IT  stm32f4xx_hal_uart.o
    0x08003dfe   0x0000009a   Code   RO         1385    i.UART_Receive_IT   stm32f4xx_hal_uart.o
    0x08003e98   0x00000368   Code   RO         1386    i.UART_SetConfig    stm32f4xx_hal_uart.o
    0x08004200   0x00000068   Code   RO         1387    i.UART_Transmit_IT  stm32f4xx_hal_uart.o
    0x08004268   0x0000006c   Code   RO         1388    i.UART_WaitOnFlagUntilTimeout  stm32f4xx_hal_uart.o
    0x080042d4   0x00000010   Code   RO          336    i.USART1_IRQHandler  stm32f4xx_it.o
    0x080042e4   0x00000026   Code   RO          869    i.USBH_AllocPipe    usbh_pipes.o
    0x0800430a   0x0000002a   Code   RO          797    i.USBH_BulkReceiveData  usbh_ioreq.o
    0x08004334   0x00000034   Code   RO          798    i.USBH_BulkSendData  usbh_ioreq.o
    0x08004368   0x00000028   Code   RO         1043    i.USBH_CDC_ClassRequest  usbh_cdc.o
    0x08004390   0x00000070   Code   RO         1046    i.USBH_CDC_InterfaceDeInit  usbh_cdc.o
    0x08004400   0x000001f6   Code   RO         1047    i.USBH_CDC_InterfaceInit  usbh_cdc.o
    0x080045f6   0x00000002   Code   RO         1048    i.USBH_CDC_LineCodingChanged  usbh_cdc.o
    0x080045f8   0x000000c8   Code   RO         1049    i.USBH_CDC_Process  usbh_cdc.o
    0x080046c0   0x0000002e   Code   RO         1050    i.USBH_CDC_Receive  usbh_cdc.o
    0x080046ee   0x00000002   PAD
    0x080046f0   0x000001d8   Code   RO          479    i.USBH_CDC_ReceiveCallback  main.o
    0x080048c8   0x00000006   Code   RO         1052    i.USBH_CDC_SOFProcess  usbh_cdc.o
    0x080048ce   0x0000001c   Code   RO         1053    i.USBH_CDC_SetLineCoding  usbh_cdc.o
    0x080048ea   0x00000030   Code   RO         1055    i.USBH_CDC_Transmit  usbh_cdc.o
    0x0800491a   0x00000002   Code   RO         1056    i.USBH_CDC_TransmitCallback  usbh_cdc.o
    0x0800491c   0x00000012   Code   RO          870    i.USBH_ClosePipe    usbh_pipes.o
    0x0800492e   0x00000028   Code   RO          689    i.USBH_ClrFeature   usbh_ctlreq.o
    0x08004956   0x0000002a   Code   RO          799    i.USBH_CtlReceiveData  usbh_ioreq.o
    0x08004980   0x00000054   Code   RO          690    i.USBH_CtlReq       usbh_ctlreq.o
    0x080049d4   0x00000034   Code   RO          800    i.USBH_CtlSendData  usbh_ioreq.o
    0x08004a08   0x00000026   Code   RO          801    i.USBH_CtlSendSetup  usbh_ioreq.o
    0x08004a2e   0x0000000c   Code   RO           10    i.USBH_Delay        usbh_conf.o
    0x08004a3a   0x00000050   Code   RO          918    i.USBH_FindInterface  usbh_core.o
    0x08004a8a   0x0000001e   Code   RO          871    i.USBH_FreePipe     usbh_pipes.o
    0x08004aa8   0x0000004a   Code   RO          691    i.USBH_GetDescriptor  usbh_ctlreq.o
    0x08004af2   0x00000028   Code   RO          872    i.USBH_GetFreePipe  usbh_pipes.o
    0x08004b1a   0x00000012   Code   RO          692    i.USBH_GetNextDesc  usbh_ctlreq.o
    0x08004b2c   0x0000002e   Code   RO          693    i.USBH_Get_CfgDesc  usbh_ctlreq.o
    0x08004b5a   0x0000002e   Code   RO          694    i.USBH_Get_DevDesc  usbh_ctlreq.o
    0x08004b88   0x00000036   Code   RO          695    i.USBH_Get_StringDesc  usbh_ctlreq.o
    0x08004bbe   0x000001be   Code   RO          696    i.USBH_HandleControl  usbh_ctlreq.o
    0x08004d7c   0x0000015a   Code   RO          921    i.USBH_HandleEnum   usbh_core.o
    0x08004ed6   0x0000001c   Code   RO          922    i.USBH_HandleSof    usbh_core.o
    0x08004ef2   0x00000032   Code   RO          923    i.USBH_Init         usbh_core.o
    0x08004f24   0x00000014   Code   RO           11    i.USBH_LL_ClosePipe  usbh_conf.o
    0x08004f38   0x0000002e   Code   RO          924    i.USBH_LL_Connect   usbh_core.o
    0x08004f66   0x0000003e   Code   RO          925    i.USBH_LL_Disconnect  usbh_core.o
    0x08004fa4   0x0000001a   Code   RO           13    i.USBH_LL_DriverVBUS  usbh_conf.o
    0x08004fbe   0x00000012   Code   RO           14    i.USBH_LL_GetLastXferSize  usbh_conf.o
    0x08004fd0   0x00000030   Code   RO           15    i.USBH_LL_GetSpeed  usbh_conf.o
    0x08005000   0x00000012   Code   RO           17    i.USBH_LL_GetURBState  usbh_conf.o
    0x08005012   0x00000016   Code   RO          926    i.USBH_LL_IncTimer  usbh_core.o
    0x08005028   0x00000058   Code   RO           18    i.USBH_LL_Init      usbh_conf.o
    0x08005080   0x0000002c   Code   RO           19    i.USBH_LL_OpenPipe  usbh_conf.o
    0x080050ac   0x00000010   Code   RO           20    i.USBH_LL_ResetPort  usbh_conf.o
    0x080050bc   0x00000006   Code   RO          927    i.USBH_LL_SetTimer  usbh_core.o
    0x080050c2   0x0000003a   Code   RO           21    i.USBH_LL_SetToggle  usbh_conf.o
    0x080050fc   0x00000010   Code   RO           22    i.USBH_LL_Start     usbh_conf.o
    0x0800510c   0x00000010   Code   RO           23    i.USBH_LL_Stop      usbh_conf.o
    0x0800511c   0x0000002e   Code   RO           24    i.USBH_LL_SubmitURB  usbh_conf.o
    0x0800514a   0x0000002a   Code   RO          873    i.USBH_OpenPipe     usbh_pipes.o
    0x08005174   0x000000da   Code   RO          697    i.USBH_ParseCfgDesc  usbh_ctlreq.o
    0x0800524e   0x00000058   Code   RO          698    i.USBH_ParseDevDesc  usbh_ctlreq.o
    0x080052a6   0x00000020   Code   RO          699    i.USBH_ParseEPDesc  usbh_ctlreq.o
    0x080052c6   0x00000026   Code   RO          700    i.USBH_ParseInterfaceDesc  usbh_ctlreq.o
    0x080052ec   0x00000036   Code   RO          701    i.USBH_ParseStringDesc  usbh_ctlreq.o
    0x08005322   0x000001ac   Code   RO          928    i.USBH_Process      usbh_core.o
    0x080054ce   0x0000002a   Code   RO          930    i.USBH_RegisterClass  usbh_core.o
    0x080054f8   0x00000016   Code   RO          931    i.USBH_SelectInterface  usbh_core.o
    0x0800550e   0x00000028   Code   RO          702    i.USBH_SetAddress   usbh_ctlreq.o
    0x08005536   0x00000028   Code   RO          703    i.USBH_SetCfg       usbh_ctlreq.o
    0x0800555e   0x00000016   Code   RO          932    i.USBH_Start        usbh_core.o
    0x08005574   0x00000038   Code   RO          433    i.USBH_UserProcess  usb_host.o
    0x080055ac   0x00000068   Code   RO         3445    i.USB_CoreInit      stm32f4xx_ll_usb.o
    0x08005614   0x0000004c   Code   RO         3446    i.USB_CoreReset     stm32f4xx_ll_usb.o
    0x08005660   0x0000000e   Code   RO         3452    i.USB_DisableGlobalInt  stm32f4xx_ll_usb.o
    0x0800566e   0x00000002   PAD
    0x08005670   0x00000040   Code   RO         3453    i.USB_DoPing        stm32f4xx_ll_usb.o
    0x080056b0   0x00000044   Code   RO         3454    i.USB_DriveVbus     stm32f4xx_ll_usb.o
    0x080056f4   0x0000000e   Code   RO         3460    i.USB_EnableGlobalInt  stm32f4xx_ll_usb.o
    0x08005702   0x00000002   PAD
    0x08005704   0x0000002c   Code   RO         3461    i.USB_FlushRxFifo   stm32f4xx_ll_usb.o
    0x08005730   0x00000030   Code   RO         3462    i.USB_FlushTxFifo   stm32f4xx_ll_usb.o
    0x08005760   0x0000000c   Code   RO         3463    i.USB_GetCurrentFrame  stm32f4xx_ll_usb.o
    0x0800576c   0x00000012   Code   RO         3465    i.USB_GetHostSpeed  stm32f4xx_ll_usb.o
    0x0800577e   0x0000000a   Code   RO         3466    i.USB_GetMode       stm32f4xx_ll_usb.o
    0x08005788   0x00000148   Code   RO         3467    i.USB_HC_Halt       stm32f4xx_ll_usb.o
    0x080058d0   0x00000188   Code   RO         3468    i.USB_HC_Init       stm32f4xx_ll_usb.o
    0x08005a58   0x0000000c   Code   RO         3469    i.USB_HC_ReadInterrupt  stm32f4xx_ll_usb.o
    0x08005a64   0x00000188   Code   RO         3470    i.USB_HC_StartXfer  stm32f4xx_ll_usb.o
    0x08005bec   0x000002d4   Code   RO          480    i.USB_HOST_Task     main.o
    0x08005ec0   0x000000ec   Code   RO         3471    i.USB_HostInit      stm32f4xx_ll_usb.o
    0x08005fac   0x0000003e   Code   RO         3472    i.USB_InitFSLSPClkSel  stm32f4xx_ll_usb.o
    0x08005fea   0x00000002   PAD
    0x08005fec   0x00000088   Code   RO          481    i.USB_RT_Process    main.o
    0x08006074   0x0000000c   Code   RO         3477    i.USB_ReadInterrupts  stm32f4xx_ll_usb.o
    0x08006080   0x00000022   Code   RO         3478    i.USB_ReadPacket    stm32f4xx_ll_usb.o
    0x080060a2   0x00000030   Code   RO         3479    i.USB_ResetPort     stm32f4xx_ll_usb.o
    0x080060d2   0x00000030   Code   RO         3480    i.USB_SetCurrentMode  stm32f4xx_ll_usb.o
    0x08006102   0x000000ae   Code   RO         3484    i.USB_StopHost      stm32f4xx_ll_usb.o
    0x080061b0   0x00000030   Code   RO         3485    i.USB_WritePacket   stm32f4xx_ll_usb.o
    0x080061e0   0x00000028   Code   RO          482    i.UartPCTask        main.o
    0x08006208   0x00000004   Code   RO          337    i.UsageFault_Handler  stm32f4xx_it.o
    0x0800620c   0x0000007c   Code   RO          483    i.main              main.o
    0x08006288   0x0000000a   Code   RO         4074    x$fpl$fpinit        fz_wm.l(fpinit.o)
    0x08006292   0x0000000e   Data   RO          485    .constdata          main.o
    0x080062a0   0x00000010   Data   RO         1902    .constdata          stm32f4xx_hal_rcc.o
    0x080062b0   0x00000004   Data   RO         1057    .conststring        usbh_cdc.o
    0x080062b4   0x00000020   Data   RO         4158    Region$$Table       anon$$obj.o


    Execution Region RW_IRAM1 (Base: 0x20000000, Size: 0x00000f48, Max: 0x00010000, ABSOLUTE)

    Base Addr    Size         Type   Attr      Idx    E Section Name        Object

    0x20000000   0x00000024   Data   RW          338    .data               stm32f4xx_it.o
    0x20000024   0x00000001   Data   RW          435    .data               usb_host.o
    0x20000025   0x00000003   PAD
    0x20000028   0x0000004d   Data   RW          486    .data               main.o
    0x20000075   0x00000003   PAD
    0x20000078   0x00000014   Data   RW          645    .data               flash_execute.o
    0x2000008c   0x00000024   Data   RW         1058    .data               usbh_cdc.o
    0x200000b0   0x00000004   Data   RW         1166    .data               system_stm32f4xx.o
    0x200000b4   0x00000004   Data   RW         1221    .data               stm32f4xx_hal.o
    0x200000b8   0x00000298   Zero   RW           25    .bss                usbh_conf.o
    0x20000350   0x000003c8   Zero   RW          434    .bss                usb_host.o
    0x20000718   0x00000159   Zero   RW          484    .bss                main.o
    0x20000871   0x00000003   PAD
    0x20000874   0x0000003c   Zero   RW          558    .bss                system_init.o
    0x200008b0   0x00000014   Zero   RW          644    .bss                flash_execute.o
    0x200008c4   0x00000020   Zero   RW         3340    .bss                stm32f4xx_hal_flash.o
    0x200008e4   0x00000060   Zero   RW         4040    .bss                c_w.l(libspace.o)
    0x20000944   0x00000004   PAD
    0x20000948   0x00000200   Zero   RW          680    HEAP                startup_stm32f401xc.o
    0x20000b48   0x00000400   Zero   RW          679    STACK               startup_stm32f401xc.o


==============================================================================

Image component sizes


      Code (inc. data)   RO Data    RW Data    ZI Data      Debug   Object Name

       342         48          0         20         20       2431   flash_execute.o
      2788        278         14         77        345       7663   main.o
        64         26        404          0       1536        836   startup_stm32f401xc.o
       154         20          0          4          0       4339   stm32f4xx_hal.o
       348         22          0          0          0      32777   stm32f4xx_hal_cortex.o
        40          0          0          0          0       1167   stm32f4xx_hal_dma.o
       668         60          0          0         32       6174   stm32f4xx_hal_flash.o
       444         26          0          0          0       3350   stm32f4xx_hal_flash_ex.o
       488         32          0          0          0       3053   stm32f4xx_hal_gpio.o
      4482          4          0          0          0      13161   stm32f4xx_hal_hcd.o
       266         22          0          0          0       2188   stm32f4xx_hal_msp.o
      1668         70         16          0          0       5827   stm32f4xx_hal_rcc.o
      1110         28          0          0          0      10195   stm32f4xx_hal_tim.o
       102          0          0          0          0       2410   stm32f4xx_hal_tim_ex.o
      2086         14          0          0          0      10031   stm32f4xx_hal_uart.o
       324         88          0         36          0       6964   stm32f4xx_it.o
      2258         52          0          0          0      17239   stm32f4xx_ll_usb.o
       756         54          0          0         60       3911   system_init.o
       100         18          0          4          0       1401   system_stm32f4xx.o
       216         22          0          0          0       1814   usart_execute.o
       112         24          0          1        968       6942   usb_host.o
      1350          6          4         36          0      14982   usbh_cdc.o
       594         14          0          0        664     245868   usbh_conf.o
      1236         22          0          0          0      10022   usbh_core.o
      1318         12          0          0          0      12084   usbh_ctlreq.o
       226          0          0          0          0       4416   usbh_ioreq.o
       168          0          0          0          0       4038   usbh_pipes.o

    ----------------------------------------------------------------------
     23732        962        470        184       3628     435283   Object Totals
         0          0         32          0          0          0   (incl. Generated)
        24          0          0          6          3          0   (incl. Padding)

    ----------------------------------------------------------------------

      Code (inc. data)   RO Data    RW Data    ZI Data      Debug   Library Member Name

         8          0          0          0          0         68   __main.o
         0          0          0          0          0          0   __rtentry.o
        12          0          0          0          0          0   __rtentry2.o
         6          0          0          0          0          0   __rtentry4.o
        52          8          0          0          0          0   __scatter.o
        26          0          0          0          0          0   __scatter_copy.o
        28          0          0          0          0          0   __scatter_zi.o
        10          0          0          0          0         68   defsig_exit.o
        50          0          0          0          0         88   defsig_general.o
        80         58          0          0          0         76   defsig_rtmem_inner.o
        14          0          0          0          0         80   defsig_rtmem_outer.o
        12          0          0          0          0         72   exit.o
        94          0          0          0          0         80   h1_alloc.o
        52          0          0          0          0         68   h1_extend.o
        78          0          0          0          0         80   h1_free.o
        14          0          0          0          0         84   h1_init.o
         6          0          0          0          0        152   heapauxi.o
         4          0          0          0          0        136   hguard.o
         0          0          0          0          0          0   indicate_semi.o
       138          0          0          0          0        168   init_alloc.o
         2          0          0          0          0          0   libinit.o
        14          0          0          0          0          0   libinit2.o
         2          0          0          0          0          0   libshutdown.o
         2          0          0          0          0          0   libshutdown2.o
         8          4          0          0         96         68   libspace.o
         0          0          0          0          0          0   maybetermalloc1.o
         8          4          0          0          0         68   rt_heap_descriptor_intlibspace.o
        68          0          0          0          0         68   rt_memclr.o
        78          0          0          0          0         80   rt_memclr_w.o
       100          0          0          0          0         80   rt_memcpy_w.o
         2          0          0          0          0          0   rtexit.o
        10          0          0          0          0          0   rtexit2.o
        12          4          0          0          0         68   sys_exit.o
        74          0          0          0          0         80   sys_stackheap_outer.o
        14          0          0          0          0         76   sys_wrch.o
         2          0          0          0          0         68   use_no_semi.o
        10          0          0          0          0        116   fpinit.o

    ----------------------------------------------------------------------
      1098         78          0          0        100       1992   Library Totals
         8          0          0          0          4          0   (incl. Padding)

    ----------------------------------------------------------------------

      Code (inc. data)   RO Data    RW Data    ZI Data      Debug   Library Name

      1080         78          0          0         96       1876   c_w.l
        10          0          0          0          0        116   fz_wm.l

    ----------------------------------------------------------------------
      1098         78          0          0        100       1992   Library Totals

    ----------------------------------------------------------------------

==============================================================================


      Code (inc. data)   RO Data    RW Data    ZI Data      Debug   

     24830       1040        470        184       3728     415787   Grand Totals
     24830       1040        470        184       3728     415787   ELF Image Totals
     24830       1040        470        184          0          0   ROM Totals

==============================================================================

    Total RO  Size (Code + RO Data)                25300 (  24.71kB)
    Total RW  Size (RW Data + ZI Data)              3912 (   3.82kB)
    Total ROM Size (Code + RO Data + RW Data)      25484 (  24.89kB)

==============================================================================

